Archive member included to satisfy reference by file (symbol)

c:/progra~2/gnu arm embedded toolchain/10 2020-q4-major/bin/../lib/gcc/arm-none-eabi/10.2.1/thumb/v6-m/nofp\libgcc.a(_dvmd_tls.o)
                              CMakeFiles\code.dir\C_\pico\pico-sdk\src\rp2_common\pico_divider\divider.S.obj (__aeabi_idiv0)
c:/progra~2/gnu arm embedded toolchain/10 2020-q4-major/bin/../lib/gcc/arm-none-eabi/10.2.1/../../../../arm-none-eabi/lib/thumb/v6-m/nofp\libg.a(lib_a-calloc.o)
                              CMakeFiles\code.dir\C_\pico\pico-sdk\src\rp2_common\pico_malloc\pico_malloc.c.obj (calloc)
c:/progra~2/gnu arm embedded toolchain/10 2020-q4-major/bin/../lib/gcc/arm-none-eabi/10.2.1/../../../../arm-none-eabi/lib/thumb/v6-m/nofp\libg.a(lib_a-callocr.o)
                              c:/progra~2/gnu arm embedded toolchain/10 2020-q4-major/bin/../lib/gcc/arm-none-eabi/10.2.1/../../../../arm-none-eabi/lib/thumb/v6-m/nofp\libg.a(lib_a-calloc.o) (_calloc_r)
c:/progra~2/gnu arm embedded toolchain/10 2020-q4-major/bin/../lib/gcc/arm-none-eabi/10.2.1/../../../../arm-none-eabi/lib/thumb/v6-m/nofp\libg.a(lib_a-impure.o)
                              c:/progra~2/gnu arm embedded toolchain/10 2020-q4-major/bin/../lib/gcc/arm-none-eabi/10.2.1/../../../../arm-none-eabi/lib/thumb/v6-m/nofp\libg.a(lib_a-calloc.o) (_impure_ptr)
c:/progra~2/gnu arm embedded toolchain/10 2020-q4-major/bin/../lib/gcc/arm-none-eabi/10.2.1/../../../../arm-none-eabi/lib/thumb/v6-m/nofp\libg.a(lib_a-init.o)
                              c:/progra~2/gnu arm embedded toolchain/10 2020-q4-major/bin/../lib/gcc/arm-none-eabi/10.2.1/../../../../arm-none-eabi/lib/thumb/v6-m/nofp/crt0.o (__libc_init_array)
c:/progra~2/gnu arm embedded toolchain/10 2020-q4-major/bin/../lib/gcc/arm-none-eabi/10.2.1/../../../../arm-none-eabi/lib/thumb/v6-m/nofp\libg.a(lib_a-malloc.o)
                              CMakeFiles\code.dir\C_\pico\pico-sdk\src\rp2_common\pico_malloc\pico_malloc.c.obj (malloc)
c:/progra~2/gnu arm embedded toolchain/10 2020-q4-major/bin/../lib/gcc/arm-none-eabi/10.2.1/../../../../arm-none-eabi/lib/thumb/v6-m/nofp\libg.a(lib_a-mallocr.o)
                              c:/progra~2/gnu arm embedded toolchain/10 2020-q4-major/bin/../lib/gcc/arm-none-eabi/10.2.1/../../../../arm-none-eabi/lib/thumb/v6-m/nofp\libg.a(lib_a-callocr.o) (_malloc_r)
c:/progra~2/gnu arm embedded toolchain/10 2020-q4-major/bin/../lib/gcc/arm-none-eabi/10.2.1/../../../../arm-none-eabi/lib/thumb/v6-m/nofp\libg.a(lib_a-mlock.o)
                              c:/progra~2/gnu arm embedded toolchain/10 2020-q4-major/bin/../lib/gcc/arm-none-eabi/10.2.1/../../../../arm-none-eabi/lib/thumb/v6-m/nofp\libg.a(lib_a-mallocr.o) (__malloc_lock)
c:/progra~2/gnu arm embedded toolchain/10 2020-q4-major/bin/../lib/gcc/arm-none-eabi/10.2.1/../../../../arm-none-eabi/lib/thumb/v6-m/nofp\libg.a(lib_a-sbrkr.o)
                              c:/progra~2/gnu arm embedded toolchain/10 2020-q4-major/bin/../lib/gcc/arm-none-eabi/10.2.1/../../../../arm-none-eabi/lib/thumb/v6-m/nofp\libg.a(lib_a-mallocr.o) (_sbrk_r)
c:/progra~2/gnu arm embedded toolchain/10 2020-q4-major/bin/../lib/gcc/arm-none-eabi/10.2.1/../../../../arm-none-eabi/lib/thumb/v6-m/nofp\libg.a(lib_a-strlen-stub.o)
                              CMakeFiles\code.dir\C_\pico\pico-sdk\src\rp2_common\pico_stdio\stdio.c.obj (strlen)
c:/progra~2/gnu arm embedded toolchain/10 2020-q4-major/bin/../lib/gcc/arm-none-eabi/10.2.1/../../../../arm-none-eabi/lib/thumb/v6-m/nofp\libg.a(lib_a-freer.o)
                              c:/progra~2/gnu arm embedded toolchain/10 2020-q4-major/bin/../lib/gcc/arm-none-eabi/10.2.1/../../../../arm-none-eabi/lib/thumb/v6-m/nofp\libg.a(lib_a-malloc.o) (_free_r)
c:/progra~2/gnu arm embedded toolchain/10 2020-q4-major/bin/../lib/gcc/arm-none-eabi/10.2.1/../../../../arm-none-eabi/lib/thumb/v6-m/nofp\libg.a(lib_a-lock.o)
                              c:/progra~2/gnu arm embedded toolchain/10 2020-q4-major/bin/../lib/gcc/arm-none-eabi/10.2.1/../../../../arm-none-eabi/lib/thumb/v6-m/nofp\libg.a(lib_a-mlock.o) (__retarget_lock_acquire_recursive)
c:/progra~2/gnu arm embedded toolchain/10 2020-q4-major/bin/../lib/gcc/arm-none-eabi/10.2.1/../../../../arm-none-eabi/lib/thumb/v6-m/nofp\libg.a(lib_a-reent.o)
                              c:/progra~2/gnu arm embedded toolchain/10 2020-q4-major/bin/../lib/gcc/arm-none-eabi/10.2.1/../../../../arm-none-eabi/lib/thumb/v6-m/nofp\libg.a(lib_a-sbrkr.o) (errno)

Discarded input sections

 .text          0x00000000        0x0 c:/progra~2/gnu arm embedded toolchain/10 2020-q4-major/bin/../lib/gcc/arm-none-eabi/10.2.1/thumb/v6-m/nofp/crti.o
 .data          0x00000000        0x0 c:/progra~2/gnu arm embedded toolchain/10 2020-q4-major/bin/../lib/gcc/arm-none-eabi/10.2.1/thumb/v6-m/nofp/crti.o
 .bss           0x00000000        0x0 c:/progra~2/gnu arm embedded toolchain/10 2020-q4-major/bin/../lib/gcc/arm-none-eabi/10.2.1/thumb/v6-m/nofp/crti.o
[...]
Memory Configuration

Name             Origin             Length             Attributes
FLASH            0x10000000         0x00200000         xr
RAM              0x20000000         0x00040000         xrw
SCRATCH_X        0x20040000         0x00001000         xrw
SCRATCH_Y        0x20041000         0x00001000         xrw
*default*        0x00000000         0xffffffff

Linker script and memory map

LOAD c:/progra~2/gnu arm embedded toolchain/10 2020-q4-major/bin/../lib/gcc/arm-none-eabi/10.2.1/thumb/v6-m/nofp/crti.o
LOAD c:/progra~2/gnu arm embedded toolchain/10 2020-q4-major/bin/../lib/gcc/arm-none-eabi/10.2.1/thumb/v6-m/nofp/crtbegin.o
LOAD c:/progra~2/gnu arm embedded toolchain/10 2020-q4-major/bin/../lib/gcc/arm-none-eabi/10.2.1/../../../../arm-none-eabi/lib/thumb/v6-m/nofp/crt0.o

.flash_begin    0x10000000        0x0
                0x10000000                __flash_binary_start = .

.boot2          0x10000000      0x100
                0x10000000                __boot2_start__ = .
 *(.boot2)
 .boot2         0x10000000      0x100 C:\Users\jessg\AppData\Local\Temp\cckDPIgM.o
                0x10000100                __boot2_end__ = .
                0x00000001                ASSERT (((__boot2_end__ - __boot2_start__) == 0x100), ERROR: Pico second stage bootloader must be 256 bytes in size)

.text           0x10000100     0x4118
                0x10000100                __logical_binary_start = .
 *(.vectors)
 .vectors       0x10000100       0xd4 CMakeFiles\code.dir\C_\pico\pico-sdk\src\rp2_common\pico_standard_link\crt0.S.obj
                0x10000100                __VECTOR_TABLE
                0x10000100                __vectors
                0x100001c0                isr_invalid
                0x100001c0                __default_isrs_start
                0x100001c2                isr_nmi
                0x100001c4                isr_hardfault
                0x100001c6                isr_svcall
                0x100001c8                isr_pendsv
                0x100001ca                isr_systick
                0x100001cc                isr_irq23
                0x100001cc                isr_irq18
                0x100001cc                isr_irq11
                0x100001cc                isr_irq28
                0x100001cc                isr_irq19
                0x100001cc                isr_irq0
                0x100001cc                isr_irq6
                0x100001cc                isr_irq5
                0x100001cc                isr_irq12
                0x100001cc                isr_irq22
                0x100001cc                isr_irq31
                0x100001cc                isr_irq17
                0x100001cc                isr_irq27
                0x100001cc                isr_irq30
                0x100001cc                isr_irq2
                0x100001cc                isr_irq10
                0x100001cc                isr_irq8
                0x100001cc                isr_irq24
                0x100001cc                isr_irq1
                0x100001cc                isr_irq7
                0x100001cc                isr_irq21
                0x100001cc                isr_irq20
                0x100001cc                isr_irq15
                0x100001cc                isr_irq25
                0x100001cc                isr_irq13
                0x100001cc                __unhandled_user_irq
                0x100001cc                isr_irq4
                0x100001cc                isr_irq16
                0x100001cc                isr_irq29
                0x100001cc                isr_irq26
                0x100001cc                __default_isrs_end
                0x100001cc                isr_irq3
                0x100001cc                isr_irq14
                0x100001cc                isr_irq9
                0x100001d2                unhandled_user_irq_num_in_r0
 *(.binary_info_header)
 .binary_info_header
                0x100001d4       0x14 CMakeFiles\code.dir\C_\pico\pico-sdk\src\rp2_common\pico_standard_link\crt0.S.obj
                0x100001e8                __binary_info_header_end = .
 *(.reset)
 .reset         0x100001e8       0xa8 CMakeFiles\code.dir\C_\pico\pico-sdk\src\rp2_common\pico_standard_link\crt0.S.obj
                0x100001e8                _entry_point
                0x10000266                __get_current_exception
 .reset         0x10000290       0x30 CMakeFiles\code.dir\C_\pico\pico-sdk\src\rp2_common\pico_standard_link\binary_info.c.obj
 *(.init)
 .init          0x100002c0        0x4 c:/progra~2/gnu arm embedded toolchain/10 2020-q4-major/bin/../lib/gcc/arm-none-eabi/10.2.1/thumb/v6-m/nofp/crti.o
                0x100002c0                _init
 *(EXCLUDE_FILE(*libm.a: *libc.a:*lib_a-mem*.o *libgcc.a:) .text*)
 .text          0x100002c4       0x48 c:/progra~2/gnu arm embedded toolchain/10 2020-q4-major/bin/../lib/gcc/arm-none-eabi/10.2.1/thumb/v6-m/nofp/crtbegin.o
 .text.set_x_pins
                0x1000030c       0x2e CMakeFiles\code.dir\main.c.obj
                0x1000030c                set_x_pins
 .text.set_y_pins
                0x1000033a       0x2e CMakeFiles\code.dir\main.c.obj
                0x1000033a                set_y_pins
 .text.set_z_pins
                0x10000368       0x36 CMakeFiles\code.dir\main.c.obj
                0x10000368                set_z_pins
 *fill*         0x1000039e        0x2 
 .text.send_char
                0x100003a0       0x68 CMakeFiles\code.dir\main.c.obj
                0x100003a0                send_char
 .text.on_uart_rx
                0x10000408       0x98 CMakeFiles\code.dir\main.c.obj
                0x10000408                on_uart_rx
 .text.main     0x100004a0       0xc0 CMakeFiles\code.dir\main.c.obj
                0x100004a0                main
 .text.gpio_set_function
                0x10000560       0x30 CMakeFiles\code.dir\C_\pico\pico-sdk\src\rp2_common\hardware_gpio\gpio.c.obj
                0x10000560                gpio_set_function
 .text.gpio_init
                0x10000590       0x16 CMakeFiles\code.dir\C_\pico\pico-sdk\src\rp2_common\hardware_gpio\gpio.c.obj
                0x10000590                gpio_init
 *fill*         0x100005a6        0x2 
 .text.hw_claim_lock
                0x100005a8       0x18 CMakeFiles\code.dir\C_\pico\pico-sdk\src\rp2_common\hardware_claim\claim.c.obj
                0x100005a8                hw_claim_lock
 .text.hw_claim_unlock
                0x100005c0       0x14 CMakeFiles\code.dir\C_\pico\pico-sdk\src\rp2_common\hardware_claim\claim.c.obj
                0x100005c0                hw_claim_unlock
 .text.hw_claim_or_assert
                0x100005d4       0x32 CMakeFiles\code.dir\C_\pico\pico-sdk\src\rp2_common\hardware_claim\claim.c.obj
                0x100005d4                hw_claim_or_assert
 *fill*         0x10000606        0x2 
 .text.running_on_fpga
                0x10000608       0x14 CMakeFiles\code.dir\C_\pico\pico-sdk\src\rp2_common\pico_platform\platform.c.obj
                0x10000608                running_on_fpga
 .text.spin_locks_reset
                0x1000061c       0x20 CMakeFiles\code.dir\C_\pico\pico-sdk\src\rp2_common\hardware_sync\sync.c.obj
                0x1000061c                spin_locks_reset
 .text.next_striped_spin_lock_num
                0x1000063c       0x1c CMakeFiles\code.dir\C_\pico\pico-sdk\src\rp2_common\hardware_sync\sync.c.obj
                0x1000063c                next_striped_spin_lock_num
 .text.uart_set_baudrate
                0x10000658       0x5c CMakeFiles\code.dir\C_\pico\pico-sdk\src\rp2_common\hardware_uart\uart.c.obj
                0x10000658                uart_set_baudrate
 .text.uart_set_translate_crlf
                0x100006b4       0x28 CMakeFiles\code.dir\C_\pico\pico-sdk\src\rp2_common\hardware_uart\uart.c.obj
                0x100006b4                uart_set_translate_crlf
 .text.uart_init
                0x100006dc       0x80 CMakeFiles\code.dir\C_\pico\pico-sdk\src\rp2_common\hardware_uart\uart.c.obj
                0x100006dc                uart_init
 .text.alarm_pool_post_alloc_init
                0x1000075c       0x40 CMakeFiles\code.dir\C_\pico\pico-sdk\src\common\pico_time\time.c.obj
 .text.timer_pool_entry_comparator
                0x1000079c       0x7c CMakeFiles\code.dir\C_\pico\pico-sdk\src\common\pico_time\time.c.obj
                0x1000079c                timer_pool_entry_comparator
 .text.ph_add_child_node
                0x10000818       0xa4 CMakeFiles\code.dir\C_\pico\pico-sdk\src\common\pico_time\time.c.obj
 .text.ph_merge_nodes
                0x100008bc       0x3e CMakeFiles\code.dir\C_\pico\pico-sdk\src\common\pico_time\time.c.obj
 *fill*         0x100008fa        0x2 
 .text.add_alarm_under_lock
                0x100008fc      0x174 CMakeFiles\code.dir\C_\pico\pico-sdk\src\common\pico_time\time.c.obj
 .text.alarm_pool_alarm_callback
                0x10000a70      0x328 CMakeFiles\code.dir\C_\pico\pico-sdk\src\common\pico_time\time.c.obj
 .text.alarm_pool_init_default
                0x10000d98       0x38 CMakeFiles\code.dir\C_\pico\pico-sdk\src\common\pico_time\time.c.obj
                0x10000d98                alarm_pool_init_default
 .text.hardware_alarm_irq_handler
                0x10000dd0       0x8c CMakeFiles\code.dir\C_\pico\pico-sdk\src\rp2_common\hardware_timer\timer.c.obj
 .text.hardware_alarm_claim
                0x10000e5c       0x18 CMakeFiles\code.dir\C_\pico\pico-sdk\src\rp2_common\hardware_timer\timer.c.obj
                0x10000e5c                hardware_alarm_claim
 .text.time_us_64
                0x10000e74       0x18 CMakeFiles\code.dir\C_\pico\pico-sdk\src\rp2_common\hardware_timer\timer.c.obj
                0x10000e74                time_us_64
 .text.hardware_alarm_set_callback
                0x10000e8c       0x90 CMakeFiles\code.dir\C_\pico\pico-sdk\src\rp2_common\hardware_timer\timer.c.obj
                0x10000e8c                hardware_alarm_set_callback
 .text.hardware_alarm_set_target
                0x10000f1c       0xe8 CMakeFiles\code.dir\C_\pico\pico-sdk\src\rp2_common\hardware_timer\timer.c.obj
                0x10000f1c                hardware_alarm_set_target
 .text.hardware_alarm_cancel
                0x10001004       0x40 CMakeFiles\code.dir\C_\pico\pico-sdk\src\rp2_common\hardware_timer\timer.c.obj
                0x10001004                hardware_alarm_cancel
 .text.lock_init
                0x10001044       0x10 CMakeFiles\code.dir\C_\pico\pico-sdk\src\common\pico_sync\lock_core.c.obj
                0x10001044                lock_init
 .text.mutex_init_internal
                0x10001054       0x1e CMakeFiles\code.dir\C_\pico\pico-sdk\src\common\pico_sync\mutex.c.obj
 .text.mutex_init
                0x10001072        0xa CMakeFiles\code.dir\C_\pico\pico-sdk\src\common\pico_sync\mutex.c.obj
                0x10001072                mutex_init
 .text.recursive_mutex_init
                0x1000107c        0xa CMakeFiles\code.dir\C_\pico\pico-sdk\src\common\pico_sync\mutex.c.obj
                0x1000107c                recursive_mutex_init
 *fill*         0x10001086        0x2 
 .text.ph_add_child_node
                0x10001088       0xa4 CMakeFiles\code.dir\C_\pico\pico-sdk\src\common\pico_util\pheap.c.obj
 .text.ph_merge_nodes
                0x1000112c       0x3e CMakeFiles\code.dir\C_\pico\pico-sdk\src\common\pico_util\pheap.c.obj
 *fill*         0x1000116a        0x2 
 .text.ph_clear
                0x1000116c       0x70 CMakeFiles\code.dir\C_\pico\pico-sdk\src\common\pico_util\pheap.c.obj
                0x1000116c                ph_clear
 .text.ph_post_alloc_init
                0x100011dc        0xe CMakeFiles\code.dir\C_\pico\pico-sdk\src\common\pico_util\pheap.c.obj
                0x100011dc                ph_post_alloc_init
 *fill*         0x100011ea        0x2 
 .text.ph_merge_two_pass
                0x100011ec       0xa8 CMakeFiles\code.dir\C_\pico\pico-sdk\src\common\pico_util\pheap.c.obj
                0x100011ec                ph_merge_two_pass
 .text.ph_remove_any_head
                0x10001294      0x108 CMakeFiles\code.dir\C_\pico\pico-sdk\src\common\pico_util\pheap.c.obj
 .text.ph_remove_head
                0x1000139c       0x14 CMakeFiles\code.dir\C_\pico\pico-sdk\src\common\pico_util\pheap.c.obj
                0x1000139c                ph_remove_head
 .text.ph_remove_and_free_node
                0x100013b0       0xf8 CMakeFiles\code.dir\C_\pico\pico-sdk\src\common\pico_util\pheap.c.obj
                0x100013b0                ph_remove_and_free_node
 .text.runtime_init
                0x100014a8       0xd8 CMakeFiles\code.dir\C_\pico\pico-sdk\src\rp2_common\pico_runtime\runtime.c.obj
                0x100014a8                runtime_init
 .text._exit    0x10001580        0x4 CMakeFiles\code.dir\C_\pico\pico-sdk\src\rp2_common\pico_runtime\runtime.c.obj
                0x10001580                _exit
 .text.exit     0x10001584        0x6 CMakeFiles\code.dir\C_\pico\pico-sdk\src\rp2_common\pico_runtime\runtime.c.obj
                0x10001584                exit
 *fill*         0x1000158a        0x2 
 .text.__assert_func
                0x1000158c       0x3c CMakeFiles\code.dir\C_\pico\pico-sdk\src\rp2_common\pico_runtime\runtime.c.obj
                0x1000158c                __assert_func
 .text.panic    0x100015c8       0x30 CMakeFiles\code.dir\C_\pico\pico-sdk\src\rp2_common\pico_runtime\runtime.c.obj
                0x100015c8                panic
 .text.clock_configure
                0x100015f8      0x104 CMakeFiles\code.dir\C_\pico\pico-sdk\src\rp2_common\hardware_clocks\clocks.c.obj
                0x100015f8                clock_configure
 .text.clocks_init
                0x100016fc      0x100 CMakeFiles\code.dir\C_\pico\pico-sdk\src\rp2_common\hardware_clocks\clocks.c.obj
                0x100016fc                clocks_init
 .text.clock_get_hz
                0x100017fc        0xc CMakeFiles\code.dir\C_\pico\pico-sdk\src\rp2_common\hardware_clocks\clocks.c.obj
                0x100017fc                clock_get_hz
 .text.set_raw_irq_handler_and_unlock
                0x10001808       0x28 CMakeFiles\code.dir\C_\pico\pico-sdk\src\rp2_common\hardware_irq\irq.c.obj
 .text.make_branch
                0x10001830       0x34 CMakeFiles\code.dir\C_\pico\pico-sdk\src\rp2_common\hardware_irq\irq.c.obj
 .text.insert_branch_and_link
                0x10001864       0x40 CMakeFiles\code.dir\C_\pico\pico-sdk\src\rp2_common\hardware_irq\irq.c.obj
 .text.irq_is_enabled
                0x100018a4       0x18 CMakeFiles\code.dir\C_\pico\pico-sdk\src\rp2_common\hardware_irq\irq.c.obj
                0x100018a4                irq_is_enabled
 .text.irq_set_mask_enabled
                0x100018bc       0x20 CMakeFiles\code.dir\C_\pico\pico-sdk\src\rp2_common\hardware_irq\irq.c.obj
                0x100018bc                irq_set_mask_enabled
 .text.irq_set_enabled
                0x100018dc        0xe CMakeFiles\code.dir\C_\pico\pico-sdk\src\rp2_common\hardware_irq\irq.c.obj
                0x100018dc                irq_set_enabled
 *fill*         0x100018ea        0x2 
 .text.irq_get_vtable_handler
                0x100018ec       0x10 CMakeFiles\code.dir\C_\pico\pico-sdk\src\rp2_common\hardware_irq\irq.c.obj
                0x100018ec                irq_get_vtable_handler
 .text.irq_set_exclusive_handler
                0x100018fc       0x54 CMakeFiles\code.dir\C_\pico\pico-sdk\src\rp2_common\hardware_irq\irq.c.obj
                0x100018fc                irq_set_exclusive_handler
 .text.irq_remove_handler
                0x10001950      0x1ac CMakeFiles\code.dir\C_\pico\pico-sdk\src\rp2_common\hardware_irq\irq.c.obj
                0x10001950                irq_remove_handler
 .text.irq_set_priority
                0x10001afc       0x28 CMakeFiles\code.dir\C_\pico\pico-sdk\src\rp2_common\hardware_irq\irq.c.obj
                0x10001afc                irq_set_priority
 .text.irq_add_tail_to_free_list
                0x10001b24       0xf0 CMakeFiles\code.dir\C_\pico\pico-sdk\src\rp2_common\hardware_irq\irq.c.obj
                0x10001b24                irq_add_tail_to_free_list
 .text.irq_init_priorities
                0x10001c14       0x16 CMakeFiles\code.dir\C_\pico\pico-sdk\src\rp2_common\hardware_irq\irq.c.obj
                0x10001c14                irq_init_priorities
 *fill*         0x10001c2a        0x2 
 .text.pll_init
                0x10001c2c      0x118 CMakeFiles\code.dir\C_\pico\pico-sdk\src\rp2_common\hardware_pll\pll.c.obj
                0x10001c2c                pll_init
 .text.watchdog_start_tick
                0x10001d44       0x10 CMakeFiles\code.dir\C_\pico\pico-sdk\src\rp2_common\hardware_watchdog\watchdog.c.obj
                0x10001d44                watchdog_start_tick
 .text.xosc_init
                0x10001d54       0x28 CMakeFiles\code.dir\C_\pico\pico-sdk\src\rp2_common\hardware_xosc\xosc.c.obj
                0x10001d54                xosc_init
 .text._out_null
                0x10001d7c        0x2 CMakeFiles\code.dir\C_\pico\pico-sdk\src\rp2_common\pico_printf\printf.c.obj
 .text._out_fct
                0x10001d7e        0xe CMakeFiles\code.dir\C_\pico\pico-sdk\src\rp2_common\pico_printf\printf.c.obj
 .text._atoi    0x10001d8c       0x24 CMakeFiles\code.dir\C_\pico\pico-sdk\src\rp2_common\pico_printf\printf.c.obj
 .text._out_rev
                0x10001db0       0xae CMakeFiles\code.dir\C_\pico\pico-sdk\src\rp2_common\pico_printf\printf.c.obj
 .text._ntoa_format
                0x10001e5e      0x112 CMakeFiles\code.dir\C_\pico\pico-sdk\src\rp2_common\pico_printf\printf.c.obj
 .text._ntoa_long
                0x10001f70       0xbc CMakeFiles\code.dir\C_\pico\pico-sdk\src\rp2_common\pico_printf\printf.c.obj
 .text._ntoa_long_long
                0x1000202c       0xe2 CMakeFiles\code.dir\C_\pico\pico-sdk\src\rp2_common\pico_printf\printf.c.obj
 *fill*         0x1000210e        0x2 
 .text._etoa    0x10002110      0x414 CMakeFiles\code.dir\C_\pico\pico-sdk\src\rp2_common\pico_printf\printf.c.obj
 .text._ftoa    0x10002524      0x354 CMakeFiles\code.dir\C_\pico\pico-sdk\src\rp2_common\pico_printf\printf.c.obj
 .text._vsnprintf
                0x10002878      0x624 CMakeFiles\code.dir\C_\pico\pico-sdk\src\rp2_common\pico_printf\printf.c.obj
 .text.vfctprintf
                0x10002e9c       0x20 CMakeFiles\code.dir\C_\pico\pico-sdk\src\rp2_common\pico_printf\printf.c.obj
                0x10002e9c                vfctprintf
 .text          0x10002ebc       0x10 CMakeFiles\code.dir\C_\pico\pico-sdk\src\rp2_common\pico_bit_ops\bit_ops_aeabi.S.obj
 .text.rom_func_lookup
                0x10002ecc       0x10 CMakeFiles\code.dir\C_\pico\pico-sdk\src\rp2_common\pico_bootrom\bootrom.c.obj
                0x10002ecc                rom_func_lookup
 .text.rom_data_lookup
                0x10002edc       0x10 CMakeFiles\code.dir\C_\pico\pico-sdk\src\rp2_common\pico_bootrom\bootrom.c.obj
                0x10002edc                rom_data_lookup
 .text.rom_funcs_lookup
                0x10002eec       0x36 CMakeFiles\code.dir\C_\pico\pico-sdk\src\rp2_common\pico_bootrom\bootrom.c.obj
                0x10002eec                rom_funcs_lookup
 *fill*         0x10002f22        0x2 
 .text.__wrap___aeabi_idiv
                0x10002f24       0x50 CMakeFiles\code.dir\C_\pico\pico-sdk\src\rp2_common\pico_divider\divider.S.obj
                0x10002f24                __wrap___aeabi_idivmod
                0x10002f24                divmod_s32s32
                0x10002f24                div_s32s32
                0x10002f24                __wrap___aeabi_idiv
                0x10002f2c                divmod_s32s32_unsafe
                0x10002f58                divmod_s32s32_savestate
 .text.__wrap___aeabi_uidiv
                0x10002f74       0x4c CMakeFiles\code.dir\C_\pico\pico-sdk\src\rp2_common\pico_divider\divider.S.obj
                0x10002f74                __wrap___aeabi_uidiv
                0x10002f74                __wrap___aeabi_uidivmod
                0x10002f74                div_u32u32
                0x10002f74                divmod_u32u32
                0x10002f7c                divmod_u32u32_unsafe
                0x10002fa4                divmod_u32u32_savestate
 .text.__wrap___aeabi_ldiv
                0x10002fc0      0x430 CMakeFiles\code.dir\C_\pico\pico-sdk\src\rp2_common\pico_divider\divider.S.obj
                0x10002fc0                div_s64s64
                0x10002fc0                divmod_s64s64
                0x10002fc0                __wrap___aeabi_ldivmod
                0x10002ff8                divmod_u64u64
                0x10002ff8                div_u64u64
                0x10002ff8                __wrap___aeabi_uldivmod
                0x10003008                divmod_u64u64_savestate
                0x10003030                divmod_s64s64_unsafe
                0x100030b8                divmod_u64u64_unsafe
 .text.__wrap___aeabi_darithmetic
                0x100033f0       0x80 CMakeFiles\code.dir\C_\pico\pico-sdk\src\rp2_common\pico_double\double_aeabi.S.obj
                0x100033f0                __wrap___aeabi_drsub
                0x100033f6                __wrap___aeabi_dsub
                0x10003408                __wrap___aeabi_dadd
                0x1000341a                __wrap___aeabi_ddiv
                0x10003456                __wrap___aeabi_dmul
 .text.__wrap___aeabi_cdcmple
                0x10003470       0x6c CMakeFiles\code.dir\C_\pico\pico-sdk\src\rp2_common\pico_double\double_aeabi.S.obj
                0x10003470                __wrap___aeabi_cdrcmple
                0x10003480                __wrap___aeabi_cdcmpeq
                0x10003480                __wrap___aeabi_cdcmple
 .text.__wrap___aeabi_dcmplt
                0x100034dc        0xc CMakeFiles\code.dir\C_\pico\pico-sdk\src\rp2_common\pico_double\double_aeabi.S.obj
                0x100034dc                __wrap___aeabi_dcmplt
 .text.__wrap___aeabi_dcmple
                0x100034e8       0x10 CMakeFiles\code.dir\C_\pico\pico-sdk\src\rp2_common\pico_double\double_aeabi.S.obj
                0x100034e8                __wrap___aeabi_dcmple
 .text.__wrap___aeabi_dcmpge
                0x100034f8       0x10 CMakeFiles\code.dir\C_\pico\pico-sdk\src\rp2_common\pico_double\double_aeabi.S.obj
                0x100034f8                __wrap___aeabi_dcmpge
 .text.__wrap___aeabi_dcmpgt
                0x10003508        0xa CMakeFiles\code.dir\C_\pico\pico-sdk\src\rp2_common\pico_double\double_aeabi.S.obj
                0x10003508                __wrap___aeabi_dcmpgt
 .text.__wrap___aeabi_dcmpun
                0x10003512       0x1c CMakeFiles\code.dir\C_\pico\pico-sdk\src\rp2_common\pico_double\double_aeabi.S.obj
                0x10003512                __wrap___aeabi_dcmpun
 *fill*         0x1000352e        0x2 
 .text.__wrap___aeabi_i2d
                0x10003530       0x38 CMakeFiles\code.dir\C_\pico\pico-sdk\src\rp2_common\pico_double\double_aeabi.S.obj
                0x10003530                __wrap___aeabi_ui2d
                0x10003538                __wrap___aeabi_i2d
 .text.__wrap___aeabi_d2iz
                0x10003568       0x48 CMakeFiles\code.dir\C_\pico\pico-sdk\src\rp2_common\pico_double\double_aeabi.S.obj
                0x10003568                double2int_z
                0x10003568                __wrap___aeabi_d2iz
 .text.__wrap___aeabi_d2uiz
                0x100035b0       0x18 CMakeFiles\code.dir\C_\pico\pico-sdk\src\rp2_common\pico_double\double_aeabi.S.obj
                0x100035b0                __wrap___aeabi_d2uiz
                0x100035b0                double2uint
 .text.__aeabi_double_init
                0x100035c8       0xb8 CMakeFiles\code.dir\C_\pico\pico-sdk\src\rp2_common\pico_double\double_init_rom.c.obj
                0x100035c8                __aeabi_double_init
 .text.double_table_shim_on_use_helper
                0x10003680       0x34 CMakeFiles\code.dir\C_\pico\pico-sdk\src\rp2_common\pico_double\double_v1_rom_shim.S.obj
                0x10003680                double_table_shim_on_use_helper
 .text.__wrap___aeabi_dsub
                0x100036b4       0x10 CMakeFiles\code.dir\C_\pico\pico-sdk\src\rp2_common\pico_double\double_v1_rom_shim.S.obj
                0x100036b4                drsub_shim
                0x100036ba                dsub_shim
 .text.dadd_shim
                0x100036c4      0x15c CMakeFiles\code.dir\C_\pico\pico-sdk\src\rp2_common\pico_double\double_v1_rom_shim.S.obj
                0x100036c4                dadd_shim
 .text.dmul_shim
                0x10003820      0x15c CMakeFiles\code.dir\C_\pico\pico-sdk\src\rp2_common\pico_double\double_v1_rom_shim.S.obj
                0x10003820                dmul_shim
 .text.ddiv_shim
                0x1000397c      0x1b0 CMakeFiles\code.dir\C_\pico\pico-sdk\src\rp2_common\pico_double\double_v1_rom_shim.S.obj
                0x1000397c                ddiv_shim
 .text.dcordic_rot_step
                0x10003b2c       0x7c CMakeFiles\code.dir\C_\pico\pico-sdk\src\rp2_common\pico_double\double_v1_rom_shim.S.obj
                0x10003b2c                dcordic_rot_step
 .text.double2uint_shim
                0x10003ba8        0xe CMakeFiles\code.dir\C_\pico\pico-sdk\src\rp2_common\pico_double\double_v1_rom_shim.S.obj
                0x10003ba8                double2uint_shim
                0x10003baa                double2ufix_shim
 *fill*         0x10003bb6        0x2 
 .text.double2uint64_shim
                0x10003bb8       0x6c CMakeFiles\code.dir\C_\pico\pico-sdk\src\rp2_common\pico_double\double_v1_rom_shim.S.obj
                0x10003bb8                double2uint64_shim
                0x10003bba                double2ufix64_shim
                0x10003bd4                d2fix_a
 .text.dunpacks
                0x10003c24       0x3c CMakeFiles\code.dir\C_\pico\pico-sdk\src\rp2_common\pico_double\double_v1_rom_shim.S.obj
                0x10003c24                dunpacks
 .text.__aeabi_float_init
                0x10003c60       0xfc CMakeFiles\code.dir\C_\pico\pico-sdk\src\rp2_common\pico_float\float_init_rom.c.obj
                0x10003c60                __aeabi_float_init
 .text.float_table_shim_on_use_helper
                0x10003d5c       0x34 CMakeFiles\code.dir\C_\pico\pico-sdk\src\rp2_common\pico_float\float_v1_rom_shim.S.obj
                0x10003d5c                float_table_shim_on_use_helper
 .text          0x10003d90       0x10 CMakeFiles\code.dir\C_\pico\pico-sdk\src\rp2_common\pico_mem_ops\mem_ops_aeabi.S.obj
                0x10003d90                __aeabi_mem_init
 .text.memset   0x10003da0        0xc CMakeFiles\code.dir\C_\pico\pico-sdk\src\rp2_common\pico_mem_ops\mem_ops_aeabi.S.obj
                0x10003da0                __wrap_memset
 .text.memcpy   0x10003dac        0xc CMakeFiles\code.dir\C_\pico\pico-sdk\src\rp2_common\pico_mem_ops\mem_ops_aeabi.S.obj
                0x10003dac                __wrap_memcpy
                0x10003dac                __wrap___aeabi_memcpy
 .text.stdio_out_chars_crlf
                0x10003db8       0x80 CMakeFiles\code.dir\C_\pico\pico-sdk\src\rp2_common\pico_stdio\stdio.c.obj
 .text.stdio_stack_buffer_flush
                0x10003e38       0x44 CMakeFiles\code.dir\C_\pico\pico-sdk\src\rp2_common\pico_stdio\stdio.c.obj
 .text.stdio_buffered_printer
                0x10003e7c       0x20 CMakeFiles\code.dir\C_\pico\pico-sdk\src\rp2_common\pico_stdio\stdio.c.obj
 .text.stdout_serialize_begin
                0x10003e9c       0x30 CMakeFiles\code.dir\C_\pico\pico-sdk\src\rp2_common\pico_stdio\stdio.c.obj
                0x10003e9c                stdout_serialize_begin
 .text.stdout_serialize_end
                0x10003ecc       0x10 CMakeFiles\code.dir\C_\pico\pico-sdk\src\rp2_common\pico_stdio\stdio.c.obj
                0x10003ecc                stdout_serialize_end
 .text.stdio_put_string
                0x10003edc       0x84 CMakeFiles\code.dir\C_\pico\pico-sdk\src\rp2_common\pico_stdio\stdio.c.obj
 .text.stdio_set_driver_enabled
                0x10003f60       0x38 CMakeFiles\code.dir\C_\pico\pico-sdk\src\rp2_common\pico_stdio\stdio.c.obj
                0x10003f60                stdio_set_driver_enabled
 .text.stdio_flush
                0x10003f98       0x20 CMakeFiles\code.dir\C_\pico\pico-sdk\src\rp2_common\pico_stdio\stdio.c.obj
                0x10003f98                stdio_flush
 .text.__wrap_puts
                0x10003fb8       0x1c CMakeFiles\code.dir\C_\pico\pico-sdk\src\rp2_common\pico_stdio\stdio.c.obj
                0x10003fb8                __wrap_puts
 .text.__wrap_vprintf
                0x10003fd4       0x44 CMakeFiles\code.dir\C_\pico\pico-sdk\src\rp2_common\pico_stdio\stdio.c.obj
                0x10003fd4                __wrap_vprintf
 .text.__wrap_printf
                0x10004018       0x18 CMakeFiles\code.dir\C_\pico\pico-sdk\src\rp2_common\pico_stdio\stdio.c.obj
                0x10004018                __wrap_printf
 .text.stdio_init_all
                0x10004030        0x8 CMakeFiles\code.dir\C_\pico\pico-sdk\src\rp2_common\pico_stdio\stdio.c.obj
                0x10004030                stdio_init_all
 .text.stdio_uart_out_chars
                0x10004038       0x74 CMakeFiles\code.dir\C_\pico\pico-sdk\src\rp2_common\pico_stdio_uart\stdio_uart.c.obj
 .text.stdio_uart_in_chars
                0x100040ac       0x58 CMakeFiles\code.dir\C_\pico\pico-sdk\src\rp2_common\pico_stdio_uart\stdio_uart.c.obj
                0x100040ac                stdio_uart_in_chars
 .text.stdio_uart_init_full
                0x10004104       0x3c CMakeFiles\code.dir\C_\pico\pico-sdk\src\rp2_common\pico_stdio_uart\stdio_uart.c.obj
                0x10004104                stdio_uart_init_full
 .text.stdio_uart_init
                0x10004140       0x28 CMakeFiles\code.dir\C_\pico\pico-sdk\src\rp2_common\pico_stdio_uart\stdio_uart.c.obj
                0x10004140                stdio_uart_init
 .text.strlen   0x10004168       0x5c c:/progra~2/gnu arm embedded toolchain/10 2020-q4-major/bin/../lib/gcc/arm-none-eabi/10.2.1/../../../../arm-none-eabi/lib/thumb/v6-m/nofp\libg.a(lib_a-strlen-stub.o)
                0x10004168                strlen
 *(.fini)
 .fini          0x100041c4        0x4 c:/progra~2/gnu arm embedded toolchain/10 2020-q4-major/bin/../lib/gcc/arm-none-eabi/10.2.1/thumb/v6-m/nofp/crti.o
                0x100041c4                _fini
 .fini.__stub   0x100041c8       0x50 linker stubs
 *crtbegin.o(.ctors)
 *crtbegin?.o(.ctors)
 *(EXCLUDE_FILE(*crtend.o *crtend?.o) .ctors)
 *(SORT_BY_NAME(.ctors.*))
 *(.ctors)
 *crtbegin.o(.dtors)
 *crtbegin?.o(.dtors)
 *(EXCLUDE_FILE(*crtend.o *crtend?.o) .dtors)
 *(SORT_BY_NAME(.dtors.*))
 *(.dtors)
 *(.eh_frame*)
 .eh_frame      0x10004218        0x0 c:/progra~2/gnu arm embedded toolchain/10 2020-q4-major/bin/../lib/gcc/arm-none-eabi/10.2.1/thumb/v6-m/nofp/crtbegin.o
                0x10004218                . = ALIGN (0x4)

.glue_7         0x10004218        0x0
 .glue_7        0x10004218        0x0 linker stubs

.glue_7t        0x10004218        0x0
 .glue_7t       0x10004218        0x0 linker stubs

.vfp11_veneer   0x10004218        0x0
 .vfp11_veneer  0x10004218        0x0 linker stubs

.v4_bx          0x10004218        0x0
 .v4_bx         0x10004218        0x0 linker stubs

.iplt           0x10004218        0x0
 .iplt          0x10004218        0x0 c:/progra~2/gnu arm embedded toolchain/10 2020-q4-major/bin/../lib/gcc/arm-none-eabi/10.2.1/thumb/v6-m/nofp/crtbegin.o

.rodata         0x10004218      0xd04
 *(EXCLUDE_FILE(*libm.a: *libc.a:*lib_a-mem*.o *libgcc.a:) .rodata*)
 .rodata.repeating_timer_callback.str1.4
                0x10004218       0x41 CMakeFiles\code.dir\C_\pico\pico-sdk\src\common\pico_time\time.c.obj
 *fill*         0x10004259        0x3 
 .rodata.alarm_pool_dump_key.str1.4
                0x1000425c       0x33 CMakeFiles\code.dir\C_\pico\pico-sdk\src\common\pico_time\time.c.obj
 *fill*         0x1000428f        0x1 
 .rodata.ph_add_child_node.str1.4
                0x10004290       0x8a CMakeFiles\code.dir\C_\pico\pico-sdk\src\common\pico_time\time.c.obj
 *fill*         0x1000431a        0x2 
 .rodata.add_alarm_under_lock.str1.4
                0x1000431c       0x28 CMakeFiles\code.dir\C_\pico\pico-sdk\src\common\pico_time\time.c.obj
                                 0x2b (size before relaxing)
 .rodata.alarm_pool_alarm_callback.str1.4
                0x10004344       0xda CMakeFiles\code.dir\C_\pico\pico-sdk\src\common\pico_time\time.c.obj
 *fill*         0x1000441e        0x2 
 .rodata.__func__.10
                0x10004420       0x15 CMakeFiles\code.dir\C_\pico\pico-sdk\src\common\pico_time\time.c.obj
 *fill*         0x10004435        0x3 
 .rodata.__func__.11
                0x10004438       0x1a CMakeFiles\code.dir\C_\pico\pico-sdk\src\common\pico_time\time.c.obj
 *fill*         0x10004452        0x2 
 .rodata.__func__.12
                0x10004454        0xa CMakeFiles\code.dir\C_\pico\pico-sdk\src\common\pico_time\time.c.obj
 *fill*         0x1000445e        0x2 
 .rodata.__func__.4
                0x10004460       0x12 CMakeFiles\code.dir\C_\pico\pico-sdk\src\common\pico_time\time.c.obj
 *fill*         0x10004472        0x2 
 .rodata.__func__.5
                0x10004474        0xd CMakeFiles\code.dir\C_\pico\pico-sdk\src\common\pico_time\time.c.obj
 *fill*         0x10004481        0x3 
 .rodata.__func__.6
                0x10004484       0x12 CMakeFiles\code.dir\C_\pico\pico-sdk\src\common\pico_time\time.c.obj
 *fill*         0x10004496        0x2 
 .rodata.__func__.7
                0x10004498        0xf CMakeFiles\code.dir\C_\pico\pico-sdk\src\common\pico_time\time.c.obj
 *fill*         0x100044a7        0x1 
 .rodata.__func__.8
                0x100044a8        0xc CMakeFiles\code.dir\C_\pico\pico-sdk\src\common\pico_time\time.c.obj
 .rodata.__func__.9
                0x100044b4       0x15 CMakeFiles\code.dir\C_\pico\pico-sdk\src\common\pico_time\time.c.obj
 *fill*         0x100044c9        0x3 
 .rodata.hardware_alarm_claim.str1.4
                0x100044cc       0x22 CMakeFiles\code.dir\C_\pico\pico-sdk\src\rp2_common\hardware_timer\timer.c.obj
 *fill*         0x100044ee        0x2 
 .rodata.hardware_alarm_set_target.str1.4
                0x100044f0       0x5b CMakeFiles\code.dir\C_\pico\pico-sdk\src\rp2_common\hardware_timer\timer.c.obj
 *fill*         0x1000454b        0x1 
 .rodata.__func__.0
                0x1000454c       0x1a CMakeFiles\code.dir\C_\pico\pico-sdk\src\rp2_common\hardware_timer\timer.c.obj
 *fill*         0x10004566        0x2 
 .rodata.str1.4
                0x10004568       0xa9 CMakeFiles\code.dir\C_\pico\pico-sdk\src\common\pico_sync\mutex.c.obj
                                0x101 (size before relaxing)
 *fill*         0x10004611        0x3 
 .rodata.__func__.0
                0x10004614        0xb CMakeFiles\code.dir\C_\pico\pico-sdk\src\common\pico_sync\mutex.c.obj
 *fill*         0x1000461f        0x1 
 .rodata.__func__.3
                0x10004620       0x15 CMakeFiles\code.dir\C_\pico\pico-sdk\src\common\pico_sync\mutex.c.obj
 .rodata.ph_add_child_node.str1.4
                0x10004635       0x8a CMakeFiles\code.dir\C_\pico\pico-sdk\src\common\pico_util\pheap.c.obj
 *fill*         0x10004635        0x3 
 .rodata.ph_remove_any_head.str1.4
                0x10004638       0x84 CMakeFiles\code.dir\C_\pico\pico-sdk\src\common\pico_util\pheap.c.obj
 .rodata.ph_remove_and_free_node.str1.4
                0x100046bc       0x26 CMakeFiles\code.dir\C_\pico\pico-sdk\src\common\pico_util\pheap.c.obj
 *fill*         0x100046e2        0x2 
 .rodata.__func__.0
                0x100046e4       0x18 CMakeFiles\code.dir\C_\pico\pico-sdk\src\common\pico_util\pheap.c.obj
 .rodata.__func__.1
                0x100046fc       0x13 CMakeFiles\code.dir\C_\pico\pico-sdk\src\common\pico_util\pheap.c.obj
 *fill*         0x1000470f        0x1 
 .rodata.__func__.2
                0x10004710       0x12 CMakeFiles\code.dir\C_\pico\pico-sdk\src\common\pico_util\pheap.c.obj
 *fill*         0x10004722        0x2 
 .rodata.__func__.3
                0x10004724        0xc CMakeFiles\code.dir\C_\pico\pico-sdk\src\common\pico_util\pheap.c.obj
 .rodata.__assert_func.str1.4
                0x10004730       0x3f CMakeFiles\code.dir\C_\pico\pico-sdk\src\rp2_common\pico_runtime\runtime.c.obj
                                 0x43 (size before relaxing)
 *fill*         0x1000476f        0x1 
 .rodata.panic.str1.4
                0x10004770       0x12 CMakeFiles\code.dir\C_\pico\pico-sdk\src\rp2_common\pico_runtime\runtime.c.obj
 *fill*         0x10004782        0x2 
 .rodata.clock_configure.str1.4
                0x10004784       0x4d CMakeFiles\code.dir\C_\pico\pico-sdk\src\rp2_common\hardware_clocks\clocks.c.obj
 *fill*         0x100047d1        0x3 
 .rodata.__func__.1
                0x100047d4       0x10 CMakeFiles\code.dir\C_\pico\pico-sdk\src\rp2_common\hardware_clocks\clocks.c.obj
 .rodata.make_branch.str1.4
                0x100047e4       0x43 CMakeFiles\code.dir\C_\pico\pico-sdk\src\rp2_common\hardware_irq\irq.c.obj
 *fill*         0x10004827        0x1 
 .rodata.irq_set_exclusive_handler.str1.4
                0x10004828       0x36 CMakeFiles\code.dir\C_\pico\pico-sdk\src\rp2_common\hardware_irq\irq.c.obj
 *fill*         0x1000485e        0x2 
 .rodata.irq_add_shared_handler.str1.4
                0x10004860       0xd9 CMakeFiles\code.dir\C_\pico\pico-sdk\src\rp2_common\hardware_irq\irq.c.obj
 *fill*         0x10004939        0x3 
 .rodata.irq_remove_handler.str1.4
                0x1000493c       0x2a CMakeFiles\code.dir\C_\pico\pico-sdk\src\rp2_common\hardware_irq\irq.c.obj
 *fill*         0x10004966        0x2 
 .rodata.irq_add_tail_to_free_list.str1.4
                0x10004968       0x32 CMakeFiles\code.dir\C_\pico\pico-sdk\src\rp2_common\hardware_irq\irq.c.obj
                                 0x3a (size before relaxing)
 *fill*         0x1000499a        0x2 
 .rodata.__func__.0
                0x1000499c       0x1a CMakeFiles\code.dir\C_\pico\pico-sdk\src\rp2_common\hardware_irq\irq.c.obj
 *fill*         0x100049b6        0x2 
 .rodata.__func__.1
                0x100049b8       0x17 CMakeFiles\code.dir\C_\pico\pico-sdk\src\rp2_common\hardware_irq\irq.c.obj
 *fill*         0x100049cf        0x1 
 .rodata.__func__.2
                0x100049d0       0x13 CMakeFiles\code.dir\C_\pico\pico-sdk\src\rp2_common\hardware_irq\irq.c.obj
 *fill*         0x100049e3        0x1 
 .rodata.__func__.3
                0x100049e4        0xc CMakeFiles\code.dir\C_\pico\pico-sdk\src\rp2_common\hardware_irq\irq.c.obj
 .rodata.__func__.4
                0x100049f0        0xf CMakeFiles\code.dir\C_\pico\pico-sdk\src\rp2_common\hardware_irq\irq.c.obj
 *fill*         0x100049ff        0x1 
 .rodata.__func__.6
                0x10004a00       0x1a CMakeFiles\code.dir\C_\pico\pico-sdk\src\rp2_common\hardware_irq\irq.c.obj
 *fill*         0x10004a1a        0x2 
 .rodata.pll_init.str1.4
                0x10004a1c       0xcf CMakeFiles\code.dir\C_\pico\pico-sdk\src\rp2_common\hardware_pll\pll.c.obj
 *fill*         0x10004aeb        0x1 
 .rodata.__func__.0
                0x10004aec        0x9 CMakeFiles\code.dir\C_\pico\pico-sdk\src\rp2_common\hardware_pll\pll.c.obj
 *fill*         0x10004af5        0x3 
 .rodata._ftoa.str1.4
                0x10004af8       0x15 CMakeFiles\code.dir\C_\pico\pico-sdk\src\rp2_common\pico_printf\printf.c.obj
 *fill*         0x10004b0d        0x3 
 .rodata._vsnprintf
                0x10004b10      0x1e0 CMakeFiles\code.dir\C_\pico\pico-sdk\src\rp2_common\pico_printf\printf.c.obj
 .rodata.pow10.0
                0x10004cf0       0x50 CMakeFiles\code.dir\C_\pico\pico-sdk\src\rp2_common\pico_printf\printf.c.obj
 .rodata.__aeabi_double_init.str1.4
                0x10004d40       0x9e CMakeFiles\code.dir\C_\pico\pico-sdk\src\rp2_common\pico_double\double_init_rom.c.obj
 *fill*         0x10004dde        0x2 
 .rodata.__func__.0
                0x10004de0       0x14 CMakeFiles\code.dir\C_\pico\pico-sdk\src\rp2_common\pico_double\double_init_rom.c.obj
 .rodata.__aeabi_float_init.str1.4
                0x10004df4       0x70 CMakeFiles\code.dir\C_\pico\pico-sdk\src\rp2_common\pico_float\float_init_rom.c.obj
                                 0x74 (size before relaxing)
 .rodata.__func__.0
                0x10004e64       0x13 CMakeFiles\code.dir\C_\pico\pico-sdk\src\rp2_common\pico_float\float_init_rom.c.obj
 *fill*         0x10004e77        0x1 
 .rodata.str1.4
                0x10004e78       0x3c CMakeFiles\code.dir\C_\pico\pico-sdk\src\rp2_common\pico_standard_link\binary_info.c.obj
 .rodata.__bi_44
                0x10004eb4        0xc CMakeFiles\code.dir\C_\pico\pico-sdk\src\rp2_common\pico_standard_link\binary_info.c.obj
 .rodata.__bi_75
                0x10004ec0        0xc CMakeFiles\code.dir\C_\pico\pico-sdk\src\rp2_common\pico_standard_link\binary_info.c.obj
 .rodata.__bi_81
                0x10004ecc        0xc CMakeFiles\code.dir\C_\pico\pico-sdk\src\rp2_common\pico_standard_link\binary_info.c.obj
 .rodata.crlf_str.3
                0x10004ed8        0x2 CMakeFiles\code.dir\C_\pico\pico-sdk\src\rp2_common\pico_stdio\stdio.c.obj
 *fill*         0x10004eda        0x2 
 .rodata.str1.4
                0x10004edc       0x2c CMakeFiles\code.dir\C_\pico\pico-sdk\src\rp2_common\pico_stdio_uart\stdio_uart.c.obj
 .rodata.__bi_28.4
                0x10004f08        0xc CMakeFiles\code.dir\C_\pico\pico-sdk\src\rp2_common\pico_stdio_uart\stdio_uart.c.obj
 .rodata.__bi_29.5
                0x10004f14        0x8 CMakeFiles\code.dir\C_\pico\pico-sdk\src\rp2_common\pico_stdio_uart\stdio_uart.c.obj
                0x10004f1c                . = ALIGN (0x4)
 *(SORT_BY_ALIGNMENT(SORT_BY_NAME(.flashdata*)))
                0x10004f1c                . = ALIGN (0x4)

.rel.dyn        0x10004f1c        0x0
 .rel.iplt      0x10004f1c        0x0 c:/progra~2/gnu arm embedded toolchain/10 2020-q4-major/bin/../lib/gcc/arm-none-eabi/10.2.1/thumb/v6-m/nofp/crtbegin.o

.ARM.extab
 *(.ARM.extab* .gnu.linkonce.armextab.*)
                0x10004f1c                __exidx_start = .

.ARM.exidx
 *(.ARM.exidx* .gnu.linkonce.armexidx.*)
                0x10004f1c                __exidx_end = .
                0x10004f1c                . = ALIGN (0x4)
                0x10004f1c                __binary_info_start = .

.binary_info    0x10004f1c       0x24
 *(.binary_info.keep.*)
 .binary_info.keep.__bi_ptr22
                0x10004f1c        0x4 CMakeFiles\code.dir\C_\pico\pico-sdk\src\rp2_common\pico_standard_link\binary_info.c.obj
 .binary_info.keep.__bi_ptr30
                0x10004f20        0x4 CMakeFiles\code.dir\C_\pico\pico-sdk\src\rp2_common\pico_standard_link\binary_info.c.obj
 .binary_info.keep.__bi_ptr38
                0x10004f24        0x4 CMakeFiles\code.dir\C_\pico\pico-sdk\src\rp2_common\pico_standard_link\binary_info.c.obj
 .binary_info.keep.__bi_ptr44
                0x10004f28        0x4 CMakeFiles\code.dir\C_\pico\pico-sdk\src\rp2_common\pico_standard_link\binary_info.c.obj
 .binary_info.keep.__bi_ptr50
                0x10004f2c        0x4 CMakeFiles\code.dir\C_\pico\pico-sdk\src\rp2_common\pico_standard_link\binary_info.c.obj
 .binary_info.keep.__bi_ptr75
                0x10004f30        0x4 CMakeFiles\code.dir\C_\pico\pico-sdk\src\rp2_common\pico_standard_link\binary_info.c.obj
 .binary_info.keep.__bi_ptr81
                0x10004f34        0x4 CMakeFiles\code.dir\C_\pico\pico-sdk\src\rp2_common\pico_standard_link\binary_info.c.obj
 *(.binary_info.*)
 .binary_info.__bi_ptr28
                0x10004f38        0x4 CMakeFiles\code.dir\C_\pico\pico-sdk\src\rp2_common\pico_stdio_uart\stdio_uart.c.obj
 .binary_info.__bi_ptr29
                0x10004f3c        0x4 CMakeFiles\code.dir\C_\pico\pico-sdk\src\rp2_common\pico_stdio_uart\stdio_uart.c.obj
                0x10004f40                __binary_info_end = .
                0x10004f40                . = ALIGN (0x4)
                0x10004f40                __etext = .

.ram_vector_table
                0x20000000       0xc0
 *(.ram_vector_table)
 .ram_vector_table
                0x20000000       0xc0 CMakeFiles\code.dir\C_\pico\pico-sdk\src\rp2_common\pico_runtime\runtime.c.obj
                0x20000000                ram_vector_table

.data           0x200000c0      0x260 load address 0x10004f40
                0x200000c0                __data_start__ = .
 *(vtable)
 *(.time_critical*)
 .time_critical.mutex_enter_blocking
                0x200000c0       0x94 CMakeFiles\code.dir\C_\pico\pico-sdk\src\common\pico_sync\mutex.c.obj
                0x200000c0                mutex_enter_blocking
 .time_critical.mutex_try_enter
                0x20000154       0x5a CMakeFiles\code.dir\C_\pico\pico-sdk\src\common\pico_sync\mutex.c.obj
                0x20000154                mutex_try_enter
 *fill*         0x200001ae        0x2 
 .time_critical.mutex_exit
                0x200001b0       0x94 CMakeFiles\code.dir\C_\pico\pico-sdk\src\common\pico_sync\mutex.c.obj
                0x200001b0                mutex_exit
 *(.text*)
 .text          0x20000244        0x4 c:/progra~2/gnu arm embedded toolchain/10 2020-q4-major/bin/../lib/gcc/arm-none-eabi/10.2.1/thumb/v6-m/nofp\libgcc.a(_dvmd_tls.o)
                0x20000244                __aeabi_idiv0
                0x20000244                __aeabi_ldiv0
 .text.__stub   0x20000248       0x10 linker stubs
                0x20000258                . = ALIGN (0x4)
 *(.rodata*)
                0x20000258                . = ALIGN (0x4)
 *(.data*)
 .data.striped_spin_lock_num
                0x20000258        0x1 CMakeFiles\code.dir\C_\pico\pico-sdk\src\rp2_common\hardware_sync\sync.c.obj
 *fill*         0x20000259        0x3 
 .data.default_alarm_pool
                0x2000025c       0x18 CMakeFiles\code.dir\C_\pico\pico-sdk\src\common\pico_time\time.c.obj
 .data.default_alarm_pool_heap
                0x20000274       0x10 CMakeFiles\code.dir\C_\pico\pico-sdk\src\common\pico_time\time.c.obj
 .data          0x20000284       0x48 CMakeFiles\code.dir\C_\pico\pico-sdk\src\rp2_common\hardware_irq\irq_handler_chain.S.obj
                0x20000284                irq_handler_chain_slots
                0x200002b4                irq_handler_chain_first_slot
                0x200002be                irq_handler_chain_remove_tail
 *fill*         0x200002cc        0x4 
 .data.aeabi_bits_funcs
                0x200002d0       0x10 CMakeFiles\code.dir\C_\pico\pico-sdk\src\rp2_common\pico_bit_ops\bit_ops_aeabi.S.obj
                0x200002d0                aeabi_bits_funcs
                0x200002e0                aeabi_bits_funcs_end
 .data.aeabi_mem_funcs
                0x200002e0       0x10 CMakeFiles\code.dir\C_\pico\pico-sdk\src\rp2_common\pico_mem_ops\mem_ops_aeabi.S.obj
                0x200002e0                aeabi_mem_funcs
                0x200002f0                aeabi_mem_funcs_end
 .data.stdio_uart
                0x200002f0       0x14 CMakeFiles\code.dir\C_\pico\pico-sdk\src\rp2_common\pico_stdio_uart\stdio_uart.c.obj
                0x200002f0                stdio_uart
                0x20000304                . = ALIGN (0x4)
 *(.after_data.*)
                0x20000304                . = ALIGN (0x4)
                0x20000304                PROVIDE (__mutex_array_start = .)
 *(SORT_BY_NAME(.mutex_array.*))
 *(.mutex_array)
 .mutex_array   0x20000304        0x8 CMakeFiles\code.dir\C_\pico\pico-sdk\src\rp2_common\pico_stdio\stdio.c.obj
                0x2000030c                PROVIDE (__mutex_array_end = .)
                0x2000030c                . = ALIGN (0x4)
                0x2000030c                PROVIDE (__preinit_array_start = .)
 *(SORT_BY_NAME(.preinit_array.*))
 .preinit_array.00001
                0x2000030c        0x4 CMakeFiles\code.dir\C_\pico\pico-sdk\src\rp2_common\pico_mem_ops\mem_ops_aeabi.S.obj
 .preinit_array.00010
                0x20000310        0x4 CMakeFiles\code.dir\C_\pico\pico-sdk\src\rp2_common\pico_bit_ops\bit_ops_aeabi.S.obj
 .preinit_array.00020
                0x20000314        0x4 CMakeFiles\code.dir\C_\pico\pico-sdk\src\rp2_common\pico_double\double_aeabi.S.obj
 .preinit_array.00020
                0x20000318        0x4 CMakeFiles\code.dir\C_\pico\pico-sdk\src\rp2_common\pico_float\float_aeabi.S.obj
 *(.preinit_array)
                0x2000031c                PROVIDE (__preinit_array_end = .)
                0x2000031c                . = ALIGN (0x4)
                0x2000031c                PROVIDE (__init_array_start = .)
 *(SORT_BY_NAME(.init_array.*))
 *(.init_array)
 .init_array    0x2000031c        0x4 c:/progra~2/gnu arm embedded toolchain/10 2020-q4-major/bin/../lib/gcc/arm-none-eabi/10.2.1/thumb/v6-m/nofp/crtbegin.o
                0x20000320                PROVIDE (__init_array_end = .)
                0x20000320                . = ALIGN (0x4)
                [!provide]                PROVIDE (__fini_array_start = .)
 *(SORT_BY_NAME(.fini_array.*))
 *(.fini_array)
                [!provide]                PROVIDE (__fini_array_end = .)
 *(.jcr)
                0x20000320                . = ALIGN (0x4)
                0x20000320                __data_end__ = .

.igot.plt       0x20000320        0x0 load address 0x100051a0
 .igot.plt      0x20000320        0x0 c:/progra~2/gnu arm embedded toolchain/10 2020-q4-major/bin/../lib/gcc/arm-none-eabi/10.2.1/thumb/v6-m/nofp/crtbegin.o

.uninitialized_data
                0x20000320        0x0 load address 0x100051a0
                0x20000320                . = ALIGN (0x4)
 *(.uninitialized_data*)

.scratch_x      0x20040000        0x0 load address 0x100051a0
                0x20040000                __scratch_x_start__ = .
 *(.scratch_x.*)
                0x20040000                . = ALIGN (0x4)
                0x20040000                __scratch_x_end__ = .
                0x100051a0                __scratch_x_source__ = LOADADDR (.scratch_x)

.scratch_y      0x20041000        0x0 load address 0x100051a0
                0x20041000                __scratch_y_start__ = .
 *(.scratch_y.*)
                0x20041000                . = ALIGN (0x4)
                0x20041000                __scratch_y_end__ = .
                0x100051a0                __scratch_y_source__ = LOADADDR (.scratch_y)

.bss            0x20000320      0x438
                0x20000320                . = ALIGN (0x4)
                0x20000320                __bss_start__ = .
 *(SORT_BY_ALIGNMENT(SORT_BY_NAME(.bss*)))
 .bss.default_alarm_pool_entries
                0x20000320      0x100 CMakeFiles\code.dir\C_\pico\pico-sdk\src\common\pico_time\time.c.obj
 .bss           0x20000420       0x1c c:/progra~2/gnu arm embedded toolchain/10 2020-q4-major/bin/../lib/gcc/arm-none-eabi/10.2.1/thumb/v6-m/nofp/crtbegin.o
 .bss.alarm_callbacks
                0x2000043c       0x10 CMakeFiles\code.dir\C_\pico\pico-sdk\src\rp2_common\hardware_timer\timer.c.obj
 .bss.buffer    0x2000044c       0x64 CMakeFiles\code.dir\main.c.obj
                0x2000044c                buffer
 .bss.configured_freq
                0x200004b0       0x28 CMakeFiles\code.dir\C_\pico\pico-sdk\src\rp2_common\hardware_clocks\clocks.c.obj
 .bss.default_alarm_pool_entry_ids_high
                0x200004d8       0x10 CMakeFiles\code.dir\C_\pico\pico-sdk\src\common\pico_time\time.c.obj
 .bss.default_alarm_pool_heap_nodes
                0x200004e8       0x30 CMakeFiles\code.dir\C_\pico\pico-sdk\src\common\pico_time\time.c.obj
 .bss.drivers   0x20000518        0x4 CMakeFiles\code.dir\C_\pico\pico-sdk\src\rp2_common\pico_stdio\stdio.c.obj
 .bss.filter    0x2000051c        0x4 CMakeFiles\code.dir\C_\pico\pico-sdk\src\rp2_common\pico_stdio\stdio.c.obj
 .bss.idx       0x20000520        0x4 CMakeFiles\code.dir\main.c.obj
                0x20000520                idx
 .bss.pools     0x20000524       0x10 CMakeFiles\code.dir\C_\pico\pico-sdk\src\common\pico_time\time.c.obj
 .bss.sd_table  0x20000534      0x100 CMakeFiles\code.dir\C_\pico\pico-sdk\src\rp2_common\pico_double\double_init_rom.c.obj
                0x20000534                sd_table
 .bss.sf_clz_func
                0x20000634        0x4 CMakeFiles\code.dir\C_\pico\pico-sdk\src\rp2_common\pico_float\float_init_rom.c.obj
                0x20000634                sf_clz_func
 .bss.sf_table  0x20000638      0x100 CMakeFiles\code.dir\C_\pico\pico-sdk\src\rp2_common\pico_float\float_init_rom.c.obj
                0x20000638                sf_table
 .bss.sleep_notifier
                0x20000738        0x4 CMakeFiles\code.dir\C_\pico\pico-sdk\src\common\pico_time\time.c.obj
 .bss.target_hi
                0x2000073c       0x10 CMakeFiles\code.dir\C_\pico\pico-sdk\src\rp2_common\hardware_timer\timer.c.obj
 .bss.uart_char_to_line_feed
                0x2000074c        0x4 CMakeFiles\code.dir\C_\pico\pico-sdk\src\rp2_common\hardware_uart\uart.c.obj
                0x2000074c                uart_char_to_line_feed
 .bss.uart_instance
                0x20000750        0x4 CMakeFiles\code.dir\C_\pico\pico-sdk\src\rp2_common\pico_stdio_uart\stdio_uart.c.obj
 .bss.claimed   0x20000754        0x1 CMakeFiles\code.dir\C_\pico\pico-sdk\src\rp2_common\hardware_timer\timer.c.obj
 .bss.input_ready
                0x20000755        0x1 CMakeFiles\code.dir\main.c.obj
                0x20000755                input_ready
 .bss.irq_hander_chain_free_slot_head
                0x20000756        0x1 CMakeFiles\code.dir\C_\pico\pico-sdk\src\rp2_common\hardware_irq\irq.c.obj
 .bss.timer_callbacks_pending
                0x20000757        0x1 CMakeFiles\code.dir\C_\pico\pico-sdk\src\rp2_common\hardware_timer\timer.c.obj
 *(COMMON)
                0x20000758                . = ALIGN (0x4)
                0x20000758                __bss_end__ = .

.heap           0x20000758      0x800
                0x20000758                __end__ = .
                0x20000758                end = __end__
 *(.heap*)
 .heap          0x20000758      0x800 CMakeFiles\code.dir\C_\pico\pico-sdk\src\rp2_common\pico_standard_link\crt0.S.obj
                0x20000f58                __HeapLimit = .

.stack1_dummy   0x20040000        0x0
 *(.stack1*)

.stack_dummy    0x20041000      0x800
 *(.stack*)
 .stack         0x20041000      0x800 CMakeFiles\code.dir\C_\pico\pico-sdk\src\rp2_common\pico_standard_link\crt0.S.obj

.flash_end      0x100051a0        0x0
                0x100051a0                __flash_binary_end = .
                0x20040000                __StackLimit = (ORIGIN (RAM) + LENGTH (RAM))
                0x20041000                __StackOneTop = (ORIGIN (SCRATCH_X) + LENGTH (SCRATCH_X))
                0x20042000                __StackTop = (ORIGIN (SCRATCH_Y) + LENGTH (SCRATCH_Y))
                0x20041000                __StackOneBottom = (__StackOneTop - SIZEOF (.stack1_dummy))
                0x20041800                __StackBottom = (__StackTop - SIZEOF (.stack_dummy))
                0x20042000                PROVIDE (__stack = __StackTop)
                0x00000001                ASSERT ((__StackLimit >= __HeapLimit), region RAM overflowed)
                0x00000001                ASSERT (((__binary_info_header_end - __logical_binary_start) <= 0x100), Binary info must be in first 256 bytes of the binary)
LOAD CMakeFiles\code.dir\main.c.obj
LOAD CMakeFiles\code.dir\C_\pico\pico-sdk\src\rp2_common\pico_stdlib\stdlib.c.obj
LOAD CMakeFiles\code.dir\C_\pico\pico-sdk\src\rp2_common\hardware_gpio\gpio.c.obj
LOAD CMakeFiles\code.dir\C_\pico\pico-sdk\src\rp2_common\hardware_claim\claim.c.obj
LOAD CMakeFiles\code.dir\C_\pico\pico-sdk\src\rp2_common\pico_platform\platform.c.obj
LOAD CMakeFiles\code.dir\C_\pico\pico-sdk\src\rp2_common\hardware_sync\sync.c.obj
LOAD CMakeFiles\code.dir\C_\pico\pico-sdk\src\rp2_common\hardware_uart\uart.c.obj
LOAD CMakeFiles\code.dir\C_\pico\pico-sdk\src\rp2_common\hardware_divider\divider.S.obj
LOAD CMakeFiles\code.dir\C_\pico\pico-sdk\src\common\pico_time\time.c.obj
LOAD CMakeFiles\code.dir\C_\pico\pico-sdk\src\common\pico_time\timeout_helper.c.obj
LOAD CMakeFiles\code.dir\C_\pico\pico-sdk\src\rp2_common\hardware_timer\timer.c.obj
LOAD CMakeFiles\code.dir\C_\pico\pico-sdk\src\common\pico_sync\sem.c.obj
LOAD CMakeFiles\code.dir\C_\pico\pico-sdk\src\common\pico_sync\lock_core.c.obj
LOAD CMakeFiles\code.dir\C_\pico\pico-sdk\src\common\pico_sync\mutex.c.obj
LOAD CMakeFiles\code.dir\C_\pico\pico-sdk\src\common\pico_sync\critical_section.c.obj
LOAD CMakeFiles\code.dir\C_\pico\pico-sdk\src\common\pico_util\datetime.c.obj
LOAD CMakeFiles\code.dir\C_\pico\pico-sdk\src\common\pico_util\pheap.c.obj
LOAD CMakeFiles\code.dir\C_\pico\pico-sdk\src\common\pico_util\queue.c.obj
LOAD CMakeFiles\code.dir\C_\pico\pico-sdk\src\rp2_common\pico_runtime\runtime.c.obj
LOAD CMakeFiles\code.dir\C_\pico\pico-sdk\src\rp2_common\hardware_clocks\clocks.c.obj
LOAD CMakeFiles\code.dir\C_\pico\pico-sdk\src\rp2_common\hardware_irq\irq.c.obj
LOAD CMakeFiles\code.dir\C_\pico\pico-sdk\src\rp2_common\hardware_irq\irq_handler_chain.S.obj
LOAD CMakeFiles\code.dir\C_\pico\pico-sdk\src\rp2_common\hardware_pll\pll.c.obj
LOAD CMakeFiles\code.dir\C_\pico\pico-sdk\src\rp2_common\hardware_vreg\vreg.c.obj
LOAD CMakeFiles\code.dir\C_\pico\pico-sdk\src\rp2_common\hardware_watchdog\watchdog.c.obj
LOAD CMakeFiles\code.dir\C_\pico\pico-sdk\src\rp2_common\hardware_xosc\xosc.c.obj
LOAD CMakeFiles\code.dir\C_\pico\pico-sdk\src\rp2_common\pico_printf\printf.c.obj
LOAD CMakeFiles\code.dir\C_\pico\pico-sdk\src\rp2_common\pico_bit_ops\bit_ops_aeabi.S.obj
LOAD CMakeFiles\code.dir\C_\pico\pico-sdk\src\rp2_common\pico_bootrom\bootrom.c.obj
LOAD CMakeFiles\code.dir\C_\pico\pico-sdk\src\rp2_common\pico_divider\divider.S.obj
LOAD CMakeFiles\code.dir\C_\pico\pico-sdk\src\rp2_common\pico_double\double_aeabi.S.obj
LOAD CMakeFiles\code.dir\C_\pico\pico-sdk\src\rp2_common\pico_double\double_init_rom.c.obj
LOAD CMakeFiles\code.dir\C_\pico\pico-sdk\src\rp2_common\pico_double\double_math.c.obj
LOAD CMakeFiles\code.dir\C_\pico\pico-sdk\src\rp2_common\pico_double\double_v1_rom_shim.S.obj
LOAD CMakeFiles\code.dir\C_\pico\pico-sdk\src\rp2_common\pico_int64_ops\pico_int64_ops_aeabi.S.obj
LOAD CMakeFiles\code.dir\C_\pico\pico-sdk\src\rp2_common\pico_float\float_aeabi.S.obj
LOAD CMakeFiles\code.dir\C_\pico\pico-sdk\src\rp2_common\pico_float\float_init_rom.c.obj
LOAD CMakeFiles\code.dir\C_\pico\pico-sdk\src\rp2_common\pico_float\float_math.c.obj
LOAD CMakeFiles\code.dir\C_\pico\pico-sdk\src\rp2_common\pico_float\float_v1_rom_shim.S.obj
LOAD CMakeFiles\code.dir\C_\pico\pico-sdk\src\rp2_common\pico_malloc\pico_malloc.c.obj
LOAD CMakeFiles\code.dir\C_\pico\pico-sdk\src\rp2_common\pico_mem_ops\mem_ops_aeabi.S.obj
LOAD CMakeFiles\code.dir\C_\pico\pico-sdk\src\rp2_common\pico_standard_link\crt0.S.obj
LOAD CMakeFiles\code.dir\C_\pico\pico-sdk\src\rp2_common\pico_standard_link\new_delete.cpp.obj
LOAD CMakeFiles\code.dir\C_\pico\pico-sdk\src\rp2_common\pico_standard_link\binary_info.c.obj
LOAD CMakeFiles\code.dir\C_\pico\pico-sdk\src\rp2_common\pico_stdio\stdio.c.obj
LOAD CMakeFiles\code.dir\C_\pico\pico-sdk\src\rp2_common\pico_stdio_uart\stdio_uart.c.obj
LOAD CMakeFiles\code.dir\C_\pico\pico-sdk\src\rp2_common\hardware_adc\adc.c.obj
LOAD C:\Users\jessg\AppData\Local\Temp\cckDPIgM.o
LOAD c:/progra~2/gnu arm embedded toolchain/10 2020-q4-major/bin/../lib/gcc/arm-none-eabi/10.2.1/../../../../arm-none-eabi/lib/thumb/v6-m/nofp\libstdc++.a
LOAD c:/progra~2/gnu arm embedded toolchain/10 2020-q4-major/bin/../lib/gcc/arm-none-eabi/10.2.1/../../../../arm-none-eabi/lib/thumb/v6-m/nofp\libm.a
START GROUP
LOAD c:/progra~2/gnu arm embedded toolchain/10 2020-q4-major/bin/../lib/gcc/arm-none-eabi/10.2.1/thumb/v6-m/nofp\libgcc.a
LOAD c:/progra~2/gnu arm embedded toolchain/10 2020-q4-major/bin/../lib/gcc/arm-none-eabi/10.2.1/../../../../arm-none-eabi/lib/thumb/v6-m/nofp\libg.a
LOAD c:/progra~2/gnu arm embedded toolchain/10 2020-q4-major/bin/../lib/gcc/arm-none-eabi/10.2.1/../../../../arm-none-eabi/lib/thumb/v6-m/nofp\libc.a
END GROUP
START GROUP
LOAD c:/progra~2/gnu arm embedded toolchain/10 2020-q4-major/bin/../lib/gcc/arm-none-eabi/10.2.1/thumb/v6-m/nofp\libgcc.a
LOAD c:/progra~2/gnu arm embedded toolchain/10 2020-q4-major/bin/../lib/gcc/arm-none-eabi/10.2.1/../../../../arm-none-eabi/lib/thumb/v6-m/nofp\libc.a
LOAD c:/progra~2/gnu arm embedded toolchain/10 2020-q4-major/bin/../lib/gcc/arm-none-eabi/10.2.1/../../../../arm-none-eabi/lib/thumb/v6-m/nofp\libnosys.a
END GROUP
LOAD c:/progra~2/gnu arm embedded toolchain/10 2020-q4-major/bin/../lib/gcc/arm-none-eabi/10.2.1/thumb/v6-m/nofp/crtend.o
LOAD c:/progra~2/gnu arm embedded toolchain/10 2020-q4-major/bin/../lib/gcc/arm-none-eabi/10.2.1/thumb/v6-m/nofp/crtn.o
OUTPUT(code.elf elf32-littlearm)
LOAD linker stubs

.ARM.attributes
                0x00000000       0x28
 .ARM.attributes
                0x00000000       0x1e c:/progra~2/gnu arm embedded toolchain/10 2020-q4-major/bin/../lib/gcc/arm-none-eabi/10.2.1/thumb/v6-m/nofp/crti.o
 .ARM.attributes
                0x0000001e       0x2c c:/progra~2/gnu arm embedded toolchain/10 2020-q4-major/bin/../lib/gcc/arm-none-eabi/10.2.1/thumb/v6-m/nofp/crtbegin.o
 .ARM.attributes
                0x0000004a       0x2c CMakeFiles\code.dir\main.c.obj
 .ARM.attributes
                0x00000076       0x2c CMakeFiles\code.dir\C_\pico\pico-sdk\src\rp2_common\hardware_gpio\gpio.c.obj
 .ARM.attributes
                0x000000a2       0x2c CMakeFiles\code.dir\C_\pico\pico-sdk\src\rp2_common\hardware_claim\claim.c.obj
 .ARM.attributes
                0x000000ce       0x2c CMakeFiles\code.dir\C_\pico\pico-sdk\src\rp2_common\pico_platform\platform.c.obj
 .ARM.attributes
                0x000000fa       0x2c CMakeFiles\code.dir\C_\pico\pico-sdk\src\rp2_common\hardware_sync\sync.c.obj
 .ARM.attributes
                0x00000126       0x2c CMakeFiles\code.dir\C_\pico\pico-sdk\src\rp2_common\hardware_uart\uart.c.obj
 .ARM.attributes
                0x00000152       0x2c CMakeFiles\code.dir\C_\pico\pico-sdk\src\common\pico_time\time.c.obj
 .ARM.attributes
                0x0000017e       0x2c CMakeFiles\code.dir\C_\pico\pico-sdk\src\rp2_common\hardware_timer\timer.c.obj
 .ARM.attributes
                0x000001aa       0x2c CMakeFiles\code.dir\C_\pico\pico-sdk\src\common\pico_sync\lock_core.c.obj
 .ARM.attributes
                0x000001d6       0x2c CMakeFiles\code.dir\C_\pico\pico-sdk\src\common\pico_sync\mutex.c.obj
 .ARM.attributes
                0x00000202       0x2c CMakeFiles\code.dir\C_\pico\pico-sdk\src\common\pico_util\pheap.c.obj
 .ARM.attributes
                0x0000022e       0x2c CMakeFiles\code.dir\C_\pico\pico-sdk\src\rp2_common\pico_runtime\runtime.c.obj
 .ARM.attributes
                0x0000025a       0x2c CMakeFiles\code.dir\C_\pico\pico-sdk\src\rp2_common\hardware_clocks\clocks.c.obj
 .ARM.attributes
                0x00000286       0x2c CMakeFiles\code.dir\C_\pico\pico-sdk\src\rp2_common\hardware_irq\irq.c.obj
 .ARM.attributes
                0x000002b2       0x22 CMakeFiles\code.dir\C_\pico\pico-sdk\src\rp2_common\hardware_irq\irq_handler_chain.S.obj
 .ARM.attributes
                0x000002d4       0x2c CMakeFiles\code.dir\C_\pico\pico-sdk\src\rp2_common\hardware_pll\pll.c.obj
 .ARM.attributes
                0x00000300       0x2c CMakeFiles\code.dir\C_\pico\pico-sdk\src\rp2_common\hardware_watchdog\watchdog.c.obj
 .ARM.attributes
                0x0000032c       0x2c CMakeFiles\code.dir\C_\pico\pico-sdk\src\rp2_common\hardware_xosc\xosc.c.obj
 .ARM.attributes
                0x00000358       0x2c CMakeFiles\code.dir\C_\pico\pico-sdk\src\rp2_common\pico_printf\printf.c.obj
 .ARM.attributes
                0x00000384       0x22 CMakeFiles\code.dir\C_\pico\pico-sdk\src\rp2_common\pico_bit_ops\bit_ops_aeabi.S.obj
 .ARM.attributes
                0x000003a6       0x2c CMakeFiles\code.dir\C_\pico\pico-sdk\src\rp2_common\pico_bootrom\bootrom.c.obj
 .ARM.attributes
                0x000003d2       0x22 CMakeFiles\code.dir\C_\pico\pico-sdk\src\rp2_common\pico_divider\divider.S.obj
 .ARM.attributes
                0x000003f4       0x22 CMakeFiles\code.dir\C_\pico\pico-sdk\src\rp2_common\pico_double\double_aeabi.S.obj
 .ARM.attributes
                0x00000416       0x2c CMakeFiles\code.dir\C_\pico\pico-sdk\src\rp2_common\pico_double\double_init_rom.c.obj
 .ARM.attributes
                0x00000442       0x22 CMakeFiles\code.dir\C_\pico\pico-sdk\src\rp2_common\pico_double\double_v1_rom_shim.S.obj
 .ARM.attributes
                0x00000464       0x22 CMakeFiles\code.dir\C_\pico\pico-sdk\src\rp2_common\pico_float\float_aeabi.S.obj
 .ARM.attributes
                0x00000486       0x2c CMakeFiles\code.dir\C_\pico\pico-sdk\src\rp2_common\pico_float\float_init_rom.c.obj
 .ARM.attributes
                0x000004b2       0x22 CMakeFiles\code.dir\C_\pico\pico-sdk\src\rp2_common\pico_float\float_v1_rom_shim.S.obj
 .ARM.attributes
                0x000004d4       0x22 CMakeFiles\code.dir\C_\pico\pico-sdk\src\rp2_common\pico_mem_ops\mem_ops_aeabi.S.obj
 .ARM.attributes
                0x000004f6       0x22 CMakeFiles\code.dir\C_\pico\pico-sdk\src\rp2_common\pico_standard_link\crt0.S.obj
 .ARM.attributes
                0x00000518       0x32 CMakeFiles\code.dir\C_\pico\pico-sdk\src\rp2_common\pico_standard_link\binary_info.c.obj
 .ARM.attributes
                0x0000054a       0x2c CMakeFiles\code.dir\C_\pico\pico-sdk\src\rp2_common\pico_stdio\stdio.c.obj
 .ARM.attributes
                0x00000576       0x2c CMakeFiles\code.dir\C_\pico\pico-sdk\src\rp2_common\pico_stdio_uart\stdio_uart.c.obj
 .ARM.attributes
                0x000005a2       0x22 C:\Users\jessg\AppData\Local\Temp\cckDPIgM.o
 .ARM.attributes
                0x000005c4       0x1e c:/progra~2/gnu arm embedded toolchain/10 2020-q4-major/bin/../lib/gcc/arm-none-eabi/10.2.1/thumb/v6-m/nofp\libgcc.a(_dvmd_tls.o)
 .ARM.attributes
                0x000005e2       0x2c c:/progra~2/gnu arm embedded toolchain/10 2020-q4-major/bin/../lib/gcc/arm-none-eabi/10.2.1/../../../../arm-none-eabi/lib/thumb/v6-m/nofp\libg.a(lib_a-strlen-stub.o)

.comment        0x00000000       0x4d
 .comment       0x00000000       0x4d CMakeFiles\code.dir\main.c.obj
                                 0x4e (size before relaxing)
 .comment       0x0000004d       0x4e CMakeFiles\code.dir\C_\pico\pico-sdk\src\rp2_common\hardware_gpio\gpio.c.obj
 .comment       0x0000004d       0x4e CMakeFiles\code.dir\C_\pico\pico-sdk\src\rp2_common\hardware_claim\claim.c.obj
 .comment       0x0000004d       0x4e CMakeFiles\code.dir\C_\pico\pico-sdk\src\rp2_common\pico_platform\platform.c.obj
 .comment       0x0000004d       0x4e CMakeFiles\code.dir\C_\pico\pico-sdk\src\rp2_common\hardware_sync\sync.c.obj
 .comment       0x0000004d       0x4e CMakeFiles\code.dir\C_\pico\pico-sdk\src\rp2_common\hardware_uart\uart.c.obj
 .comment       0x0000004d       0x4e CMakeFiles\code.dir\C_\pico\pico-sdk\src\common\pico_time\time.c.obj
 .comment       0x0000004d       0x4e CMakeFiles\code.dir\C_\pico\pico-sdk\src\rp2_common\hardware_timer\timer.c.obj
 .comment       0x0000004d       0x4e CMakeFiles\code.dir\C_\pico\pico-sdk\src\common\pico_sync\lock_core.c.obj
 .comment       0x0000004d       0x4e CMakeFiles\code.dir\C_\pico\pico-sdk\src\common\pico_sync\mutex.c.obj
 .comment       0x0000004d       0x4e CMakeFiles\code.dir\C_\pico\pico-sdk\src\common\pico_util\pheap.c.obj
 .comment       0x0000004d       0x4e CMakeFiles\code.dir\C_\pico\pico-sdk\src\rp2_common\pico_runtime\runtime.c.obj
 .comment       0x0000004d       0x4e CMakeFiles\code.dir\C_\pico\pico-sdk\src\rp2_common\hardware_clocks\clocks.c.obj
 .comment       0x0000004d       0x4e CMakeFiles\code.dir\C_\pico\pico-sdk\src\rp2_common\hardware_irq\irq.c.obj
 .comment       0x0000004d       0x4e CMakeFiles\code.dir\C_\pico\pico-sdk\src\rp2_common\hardware_pll\pll.c.obj
 .comment       0x0000004d       0x4e CMakeFiles\code.dir\C_\pico\pico-sdk\src\rp2_common\hardware_watchdog\watchdog.c.obj
 .comment       0x0000004d       0x4e CMakeFiles\code.dir\C_\pico\pico-sdk\src\rp2_common\hardware_xosc\xosc.c.obj
 .comment       0x0000004d       0x4e CMakeFiles\code.dir\C_\pico\pico-sdk\src\rp2_common\pico_printf\printf.c.obj
 .comment       0x0000004d       0x4e CMakeFiles\code.dir\C_\pico\pico-sdk\src\rp2_common\pico_bootrom\bootrom.c.obj
 .comment       0x0000004d       0x4e CMakeFiles\code.dir\C_\pico\pico-sdk\src\rp2_common\pico_double\double_init_rom.c.obj
 .comment       0x0000004d       0x4e CMakeFiles\code.dir\C_\pico\pico-sdk\src\rp2_common\pico_float\float_init_rom.c.obj
 .comment       0x0000004d       0x4e CMakeFiles\code.dir\C_\pico\pico-sdk\src\rp2_common\pico_standard_link\binary_info.c.obj
 .comment       0x0000004d       0x4e CMakeFiles\code.dir\C_\pico\pico-sdk\src\rp2_common\pico_stdio\stdio.c.obj
 .comment       0x0000004d       0x4e CMakeFiles\code.dir\C_\pico\pico-sdk\src\rp2_common\pico_stdio_uart\stdio_uart.c.obj

.debug_info     0x00000000    0x1389f
 .debug_info    0x00000000     0x155d CMakeFiles\code.dir\main.c.obj
 .debug_info    0x0000155d     0x1465 CMakeFiles\code.dir\C_\pico\pico-sdk\src\rp2_common\hardware_gpio\gpio.c.obj
 .debug_info    0x000029c2      0x6ba CMakeFiles\code.dir\C_\pico\pico-sdk\src\rp2_common\hardware_claim\claim.c.obj
 .debug_info    0x0000307c      0x1e3 CMakeFiles\code.dir\C_\pico\pico-sdk\src\rp2_common\pico_platform\platform.c.obj
 .debug_info    0x0000325f      0x58e CMakeFiles\code.dir\C_\pico\pico-sdk\src\rp2_common\hardware_sync\sync.c.obj
 .debug_info    0x000037ed      0xb64 CMakeFiles\code.dir\C_\pico\pico-sdk\src\rp2_common\hardware_uart\uart.c.obj
 .debug_info    0x00004351     0x3b2f CMakeFiles\code.dir\C_\pico\pico-sdk\src\common\pico_time\time.c.obj
 .debug_info    0x00007e80     0x1130 CMakeFiles\code.dir\C_\pico\pico-sdk\src\rp2_common\hardware_timer\timer.c.obj
 .debug_info    0x00008fb0      0x1a4 CMakeFiles\code.dir\C_\pico\pico-sdk\src\common\pico_sync\lock_core.c.obj
 .debug_info    0x00009154     0x13b2 CMakeFiles\code.dir\C_\pico\pico-sdk\src\common\pico_sync\mutex.c.obj
 .debug_info    0x0000a506     0x120c CMakeFiles\code.dir\C_\pico\pico-sdk\src\common\pico_util\pheap.c.obj
 .debug_info    0x0000b712      0x9bc CMakeFiles\code.dir\C_\pico\pico-sdk\src\rp2_common\pico_runtime\runtime.c.obj
 .debug_info    0x0000c0ce      0xf56 CMakeFiles\code.dir\C_\pico\pico-sdk\src\rp2_common\hardware_clocks\clocks.c.obj
 .debug_info    0x0000d024     0x191a CMakeFiles\code.dir\C_\pico\pico-sdk\src\rp2_common\hardware_irq\irq.c.obj
 .debug_info    0x0000e93e       0x26 CMakeFiles\code.dir\C_\pico\pico-sdk\src\rp2_common\hardware_irq\irq_handler_chain.S.obj
 .debug_info    0x0000e964      0x509 CMakeFiles\code.dir\C_\pico\pico-sdk\src\rp2_common\hardware_pll\pll.c.obj
 .debug_info    0x0000ee6d      0x49c CMakeFiles\code.dir\C_\pico\pico-sdk\src\rp2_common\hardware_watchdog\watchdog.c.obj
 .debug_info    0x0000f309      0x1dd CMakeFiles\code.dir\C_\pico\pico-sdk\src\rp2_common\hardware_xosc\xosc.c.obj
 .debug_info    0x0000f4e6     0x1a5f CMakeFiles\code.dir\C_\pico\pico-sdk\src\rp2_common\pico_printf\printf.c.obj
 .debug_info    0x00010f45       0x22 CMakeFiles\code.dir\C_\pico\pico-sdk\src\rp2_common\pico_bit_ops\bit_ops_aeabi.S.obj
 .debug_info    0x00010f67      0x231 CMakeFiles\code.dir\C_\pico\pico-sdk\src\rp2_common\pico_bootrom\bootrom.c.obj
 .debug_info    0x00011198       0x22 CMakeFiles\code.dir\C_\pico\pico-sdk\src\rp2_common\pico_divider\divider.S.obj
 .debug_info    0x000111ba       0x22 CMakeFiles\code.dir\C_\pico\pico-sdk\src\rp2_common\pico_double\double_aeabi.S.obj
 .debug_info    0x000111dc      0x2a0 CMakeFiles\code.dir\C_\pico\pico-sdk\src\rp2_common\pico_double\double_init_rom.c.obj
 .debug_info    0x0001147c       0x22 CMakeFiles\code.dir\C_\pico\pico-sdk\src\rp2_common\pico_double\double_v1_rom_shim.S.obj
 .debug_info    0x0001149e       0x22 CMakeFiles\code.dir\C_\pico\pico-sdk\src\rp2_common\pico_float\float_aeabi.S.obj
 .debug_info    0x000114c0      0x2e9 CMakeFiles\code.dir\C_\pico\pico-sdk\src\rp2_common\pico_float\float_init_rom.c.obj
 .debug_info    0x000117a9       0x22 CMakeFiles\code.dir\C_\pico\pico-sdk\src\rp2_common\pico_float\float_v1_rom_shim.S.obj
 .debug_info    0x000117cb       0x22 CMakeFiles\code.dir\C_\pico\pico-sdk\src\rp2_common\pico_mem_ops\mem_ops_aeabi.S.obj
 .debug_info    0x000117ed       0x22 CMakeFiles\code.dir\C_\pico\pico-sdk\src\rp2_common\pico_standard_link\crt0.S.obj
 .debug_info    0x0001180f      0x2f6 CMakeFiles\code.dir\C_\pico\pico-sdk\src\rp2_common\pico_standard_link\binary_info.c.obj
 .debug_info    0x00011b05     0x116b CMakeFiles\code.dir\C_\pico\pico-sdk\src\rp2_common\pico_stdio\stdio.c.obj
 .debug_info    0x00012c70      0xc2f CMakeFiles\code.dir\C_\pico\pico-sdk\src\rp2_common\pico_stdio_uart\stdio_uart.c.obj

.debug_abbrev   0x00000000     0x4088
 .debug_abbrev  0x00000000      0x444 CMakeFiles\code.dir\main.c.obj
 .debug_abbrev  0x00000444      0x2c4 CMakeFiles\code.dir\C_\pico\pico-sdk\src\rp2_common\hardware_gpio\gpio.c.obj
 .debug_abbrev  0x00000708      0x2d6 CMakeFiles\code.dir\C_\pico\pico-sdk\src\rp2_common\hardware_claim\claim.c.obj
 .debug_abbrev  0x000009de       0xeb CMakeFiles\code.dir\C_\pico\pico-sdk\src\rp2_common\pico_platform\platform.c.obj
 .debug_abbrev  0x00000ac9      0x21b CMakeFiles\code.dir\C_\pico\pico-sdk\src\rp2_common\hardware_sync\sync.c.obj
 .debug_abbrev  0x00000ce4      0x2d2 CMakeFiles\code.dir\C_\pico\pico-sdk\src\rp2_common\hardware_uart\uart.c.obj
 .debug_abbrev  0x00000fb6      0x53c CMakeFiles\code.dir\C_\pico\pico-sdk\src\common\pico_time\time.c.obj
 .debug_abbrev  0x000014f2      0x37e CMakeFiles\code.dir\C_\pico\pico-sdk\src\rp2_common\hardware_timer\timer.c.obj
 .debug_abbrev  0x00001870      0x116 CMakeFiles\code.dir\C_\pico\pico-sdk\src\common\pico_sync\lock_core.c.obj
 .debug_abbrev  0x00001986      0x37d CMakeFiles\code.dir\C_\pico\pico-sdk\src\common\pico_sync\mutex.c.obj
 .debug_abbrev  0x00001d03      0x297 CMakeFiles\code.dir\C_\pico\pico-sdk\src\common\pico_util\pheap.c.obj
 .debug_abbrev  0x00001f9a      0x35a CMakeFiles\code.dir\C_\pico\pico-sdk\src\rp2_common\pico_runtime\runtime.c.obj
 .debug_abbrev  0x000022f4      0x372 CMakeFiles\code.dir\C_\pico\pico-sdk\src\rp2_common\hardware_clocks\clocks.c.obj
 .debug_abbrev  0x00002666      0x4a5 CMakeFiles\code.dir\C_\pico\pico-sdk\src\rp2_common\hardware_irq\irq.c.obj
 .debug_abbrev  0x00002b0b       0x14 CMakeFiles\code.dir\C_\pico\pico-sdk\src\rp2_common\hardware_irq\irq_handler_chain.S.obj
 .debug_abbrev  0x00002b1f      0x1ea CMakeFiles\code.dir\C_\pico\pico-sdk\src\rp2_common\hardware_pll\pll.c.obj
 .debug_abbrev  0x00002d09      0x1b1 CMakeFiles\code.dir\C_\pico\pico-sdk\src\rp2_common\hardware_watchdog\watchdog.c.obj
 .debug_abbrev  0x00002eba      0x109 CMakeFiles\code.dir\C_\pico\pico-sdk\src\rp2_common\hardware_xosc\xosc.c.obj
 .debug_abbrev  0x00002fc3      0x384 CMakeFiles\code.dir\C_\pico\pico-sdk\src\rp2_common\pico_printf\printf.c.obj
 .debug_abbrev  0x00003347       0x12 CMakeFiles\code.dir\C_\pico\pico-sdk\src\rp2_common\pico_bit_ops\bit_ops_aeabi.S.obj
 .debug_abbrev  0x00003359       0xf8 CMakeFiles\code.dir\C_\pico\pico-sdk\src\rp2_common\pico_bootrom\bootrom.c.obj
 .debug_abbrev  0x00003451       0x12 CMakeFiles\code.dir\C_\pico\pico-sdk\src\rp2_common\pico_divider\divider.S.obj
 .debug_abbrev  0x00003463       0x12 CMakeFiles\code.dir\C_\pico\pico-sdk\src\rp2_common\pico_double\double_aeabi.S.obj
 .debug_abbrev  0x00003475      0x166 CMakeFiles\code.dir\C_\pico\pico-sdk\src\rp2_common\pico_double\double_init_rom.c.obj
 .debug_abbrev  0x000035db       0x12 CMakeFiles\code.dir\C_\pico\pico-sdk\src\rp2_common\pico_double\double_v1_rom_shim.S.obj
 .debug_abbrev  0x000035ed       0x12 CMakeFiles\code.dir\C_\pico\pico-sdk\src\rp2_common\pico_float\float_aeabi.S.obj
 .debug_abbrev  0x000035ff      0x179 CMakeFiles\code.dir\C_\pico\pico-sdk\src\rp2_common\pico_float\float_init_rom.c.obj
 .debug_abbrev  0x00003778       0x12 CMakeFiles\code.dir\C_\pico\pico-sdk\src\rp2_common\pico_float\float_v1_rom_shim.S.obj
 .debug_abbrev  0x0000378a       0x12 CMakeFiles\code.dir\C_\pico\pico-sdk\src\rp2_common\pico_mem_ops\mem_ops_aeabi.S.obj
 .debug_abbrev  0x0000379c       0x12 CMakeFiles\code.dir\C_\pico\pico-sdk\src\rp2_common\pico_standard_link\crt0.S.obj
 .debug_abbrev  0x000037ae       0xad CMakeFiles\code.dir\C_\pico\pico-sdk\src\rp2_common\pico_standard_link\binary_info.c.obj
 .debug_abbrev  0x0000385b      0x4a7 CMakeFiles\code.dir\C_\pico\pico-sdk\src\rp2_common\pico_stdio\stdio.c.obj
 .debug_abbrev  0x00003d02      0x386 CMakeFiles\code.dir\C_\pico\pico-sdk\src\rp2_common\pico_stdio_uart\stdio_uart.c.obj

.debug_loc      0x00000000     0xd2f8
 .debug_loc     0x00000000      0xa29 CMakeFiles\code.dir\main.c.obj
 .debug_loc     0x00000a29      0xede CMakeFiles\code.dir\C_\pico\pico-sdk\src\rp2_common\hardware_gpio\gpio.c.obj
 .debug_loc     0x00001907      0x45f CMakeFiles\code.dir\C_\pico\pico-sdk\src\rp2_common\hardware_claim\claim.c.obj
 .debug_loc     0x00001d66       0xe9 CMakeFiles\code.dir\C_\pico\pico-sdk\src\rp2_common\pico_platform\platform.c.obj
 .debug_loc     0x00001e4f      0x233 CMakeFiles\code.dir\C_\pico\pico-sdk\src\rp2_common\hardware_sync\sync.c.obj
 .debug_loc     0x00002082      0x533 CMakeFiles\code.dir\C_\pico\pico-sdk\src\rp2_common\hardware_uart\uart.c.obj
 .debug_loc     0x000025b5     0x2e37 CMakeFiles\code.dir\C_\pico\pico-sdk\src\common\pico_time\time.c.obj
 .debug_loc     0x000053ec      0x952 CMakeFiles\code.dir\C_\pico\pico-sdk\src\rp2_common\hardware_timer\timer.c.obj
 .debug_loc     0x00005d3e       0x60 CMakeFiles\code.dir\C_\pico\pico-sdk\src\common\pico_sync\lock_core.c.obj
 .debug_loc     0x00005d9e      0xbc3 CMakeFiles\code.dir\C_\pico\pico-sdk\src\common\pico_sync\mutex.c.obj
 .debug_loc     0x00006961     0x1439 CMakeFiles\code.dir\C_\pico\pico-sdk\src\common\pico_util\pheap.c.obj
 .debug_loc     0x00007d9a      0x3c6 CMakeFiles\code.dir\C_\pico\pico-sdk\src\rp2_common\pico_runtime\runtime.c.obj
 .debug_loc     0x00008160      0x7eb CMakeFiles\code.dir\C_\pico\pico-sdk\src\rp2_common\hardware_clocks\clocks.c.obj
 .debug_loc     0x0000894b     0x1186 CMakeFiles\code.dir\C_\pico\pico-sdk\src\rp2_common\hardware_irq\irq.c.obj
 .debug_loc     0x00009ad1      0x300 CMakeFiles\code.dir\C_\pico\pico-sdk\src\rp2_common\hardware_pll\pll.c.obj
 .debug_loc     0x00009dd1      0x267 CMakeFiles\code.dir\C_\pico\pico-sdk\src\rp2_common\hardware_watchdog\watchdog.c.obj
 .debug_loc     0x0000a038       0x71 CMakeFiles\code.dir\C_\pico\pico-sdk\src\rp2_common\hardware_xosc\xosc.c.obj
 .debug_loc     0x0000a0a9     0x2095 CMakeFiles\code.dir\C_\pico\pico-sdk\src\rp2_common\pico_printf\printf.c.obj
 .debug_loc     0x0000c13e      0x16f CMakeFiles\code.dir\C_\pico\pico-sdk\src\rp2_common\pico_bootrom\bootrom.c.obj
 .debug_loc     0x0000c2ad       0x59 CMakeFiles\code.dir\C_\pico\pico-sdk\src\rp2_common\pico_double\double_init_rom.c.obj
 .debug_loc     0x0000c306       0x73 CMakeFiles\code.dir\C_\pico\pico-sdk\src\rp2_common\pico_float\float_init_rom.c.obj
 .debug_loc     0x0000c379      0xa33 CMakeFiles\code.dir\C_\pico\pico-sdk\src\rp2_common\pico_stdio\stdio.c.obj
 .debug_loc     0x0000cdac      0x54c CMakeFiles\code.dir\C_\pico\pico-sdk\src\rp2_common\pico_stdio_uart\stdio_uart.c.obj

.debug_aranges  0x00000000      0xd38
 .debug_aranges
                0x00000000       0x48 CMakeFiles\code.dir\main.c.obj
 .debug_aranges
                0x00000048       0xd8 CMakeFiles\code.dir\C_\pico\pico-sdk\src\rp2_common\hardware_gpio\gpio.c.obj
 .debug_aranges
                0x00000120       0x48 CMakeFiles\code.dir\C_\pico\pico-sdk\src\rp2_common\hardware_claim\claim.c.obj
 .debug_aranges
                0x00000168       0x28 CMakeFiles\code.dir\C_\pico\pico-sdk\src\rp2_common\pico_platform\platform.c.obj
 .debug_aranges
                0x00000190       0x58 CMakeFiles\code.dir\C_\pico\pico-sdk\src\rp2_common\hardware_sync\sync.c.obj
 .debug_aranges
                0x000001e8       0x40 CMakeFiles\code.dir\C_\pico\pico-sdk\src\rp2_common\hardware_uart\uart.c.obj
 .debug_aranges
                0x00000228       0xd0 CMakeFiles\code.dir\C_\pico\pico-sdk\src\common\pico_time\time.c.obj
 .debug_aranges
                0x000002f8       0x78 CMakeFiles\code.dir\C_\pico\pico-sdk\src\rp2_common\hardware_timer\timer.c.obj
 .debug_aranges
                0x00000370       0x20 CMakeFiles\code.dir\C_\pico\pico-sdk\src\common\pico_sync\lock_core.c.obj
 .debug_aranges
                0x00000390       0x60 CMakeFiles\code.dir\C_\pico\pico-sdk\src\common\pico_sync\mutex.c.obj
 .debug_aranges
                0x000003f0       0x78 CMakeFiles\code.dir\C_\pico\pico-sdk\src\common\pico_util\pheap.c.obj
 .debug_aranges
                0x00000468       0x60 CMakeFiles\code.dir\C_\pico\pico-sdk\src\rp2_common\pico_runtime\runtime.c.obj
 .debug_aranges
                0x000004c8       0x70 CMakeFiles\code.dir\C_\pico\pico-sdk\src\rp2_common\hardware_clocks\clocks.c.obj
 .debug_aranges
                0x00000538       0x90 CMakeFiles\code.dir\C_\pico\pico-sdk\src\rp2_common\hardware_irq\irq.c.obj
 .debug_aranges
                0x000005c8       0x20 CMakeFiles\code.dir\C_\pico\pico-sdk\src\rp2_common\hardware_irq\irq_handler_chain.S.obj
 .debug_aranges
                0x000005e8       0x28 CMakeFiles\code.dir\C_\pico\pico-sdk\src\rp2_common\hardware_pll\pll.c.obj
 .debug_aranges
                0x00000610       0x50 CMakeFiles\code.dir\C_\pico\pico-sdk\src\rp2_common\hardware_watchdog\watchdog.c.obj
 .debug_aranges
                0x00000660       0x30 CMakeFiles\code.dir\C_\pico\pico-sdk\src\rp2_common\hardware_xosc\xosc.c.obj
 .debug_aranges
                0x00000690       0x90 CMakeFiles\code.dir\C_\pico\pico-sdk\src\rp2_common\pico_printf\printf.c.obj
 .debug_aranges
                0x00000720       0x68 CMakeFiles\code.dir\C_\pico\pico-sdk\src\rp2_common\pico_bit_ops\bit_ops_aeabi.S.obj
 .debug_aranges
                0x00000788       0x30 CMakeFiles\code.dir\C_\pico\pico-sdk\src\rp2_common\pico_bootrom\bootrom.c.obj
 .debug_aranges
                0x000007b8       0x40 CMakeFiles\code.dir\C_\pico\pico-sdk\src\rp2_common\pico_divider\divider.S.obj
 .debug_aranges
                0x000007f8      0x140 CMakeFiles\code.dir\C_\pico\pico-sdk\src\rp2_common\pico_double\double_aeabi.S.obj
 .debug_aranges
                0x00000938       0x20 CMakeFiles\code.dir\C_\pico\pico-sdk\src\rp2_common\pico_double\double_init_rom.c.obj
 .debug_aranges
                0x00000958       0xc8 CMakeFiles\code.dir\C_\pico\pico-sdk\src\rp2_common\pico_double\double_v1_rom_shim.S.obj
 .debug_aranges
                0x00000a20      0x130 CMakeFiles\code.dir\C_\pico\pico-sdk\src\rp2_common\pico_float\float_aeabi.S.obj
 .debug_aranges
                0x00000b50       0x20 CMakeFiles\code.dir\C_\pico\pico-sdk\src\rp2_common\pico_float\float_init_rom.c.obj
 .debug_aranges
                0x00000b70       0x50 CMakeFiles\code.dir\C_\pico\pico-sdk\src\rp2_common\pico_float\float_v1_rom_shim.S.obj
 .debug_aranges
                0x00000bc0       0x38 CMakeFiles\code.dir\C_\pico\pico-sdk\src\rp2_common\pico_mem_ops\mem_ops_aeabi.S.obj
 .debug_aranges
                0x00000bf8       0x28 CMakeFiles\code.dir\C_\pico\pico-sdk\src\rp2_common\pico_standard_link\crt0.S.obj
 .debug_aranges
                0x00000c20       0x18 CMakeFiles\code.dir\C_\pico\pico-sdk\src\rp2_common\pico_standard_link\binary_info.c.obj
 .debug_aranges
                0x00000c38       0xb8 CMakeFiles\code.dir\C_\pico\pico-sdk\src\rp2_common\pico_stdio\stdio.c.obj
 .debug_aranges
                0x00000cf0       0x48 CMakeFiles\code.dir\C_\pico\pico-sdk\src\rp2_common\pico_stdio_uart\stdio_uart.c.obj

.debug_ranges   0x00000000     0x2c40
 .debug_ranges  0x00000000      0x2f0 CMakeFiles\code.dir\main.c.obj
 .debug_ranges  0x000002f0       0xe0 CMakeFiles\code.dir\C_\pico\pico-sdk\src\rp2_common\hardware_gpio\gpio.c.obj
 .debug_ranges  0x000003d0       0xd8 CMakeFiles\code.dir\C_\pico\pico-sdk\src\rp2_common\hardware_claim\claim.c.obj
 .debug_ranges  0x000004a8       0x18 CMakeFiles\code.dir\C_\pico\pico-sdk\src\rp2_common\pico_platform\platform.c.obj
 .debug_ranges  0x000004c0       0xf0 CMakeFiles\code.dir\C_\pico\pico-sdk\src\rp2_common\hardware_sync\sync.c.obj
 .debug_ranges  0x000005b0       0xf8 CMakeFiles\code.dir\C_\pico\pico-sdk\src\rp2_common\hardware_uart\uart.c.obj
 .debug_ranges  0x000006a8      0xba0 CMakeFiles\code.dir\C_\pico\pico-sdk\src\common\pico_time\time.c.obj
 .debug_ranges  0x00001248      0x320 CMakeFiles\code.dir\C_\pico\pico-sdk\src\rp2_common\hardware_timer\timer.c.obj
 .debug_ranges  0x00001568       0x10 CMakeFiles\code.dir\C_\pico\pico-sdk\src\common\pico_sync\lock_core.c.obj
 .debug_ranges  0x00001578      0x5c8 CMakeFiles\code.dir\C_\pico\pico-sdk\src\common\pico_sync\mutex.c.obj
 .debug_ranges  0x00001b40      0x248 CMakeFiles\code.dir\C_\pico\pico-sdk\src\common\pico_util\pheap.c.obj
 .debug_ranges  0x00001d88       0x68 CMakeFiles\code.dir\C_\pico\pico-sdk\src\rp2_common\pico_runtime\runtime.c.obj
 .debug_ranges  0x00001df0       0x60 CMakeFiles\code.dir\C_\pico\pico-sdk\src\rp2_common\hardware_clocks\clocks.c.obj
 .debug_ranges  0x00001e50      0x3b0 CMakeFiles\code.dir\C_\pico\pico-sdk\src\rp2_common\hardware_irq\irq.c.obj
 .debug_ranges  0x00002200       0x30 CMakeFiles\code.dir\C_\pico\pico-sdk\src\rp2_common\hardware_pll\pll.c.obj
 .debug_ranges  0x00002230       0x40 CMakeFiles\code.dir\C_\pico\pico-sdk\src\rp2_common\hardware_watchdog\watchdog.c.obj
 .debug_ranges  0x00002270       0x20 CMakeFiles\code.dir\C_\pico\pico-sdk\src\rp2_common\hardware_xosc\xosc.c.obj
 .debug_ranges  0x00002290      0x108 CMakeFiles\code.dir\C_\pico\pico-sdk\src\rp2_common\pico_printf\printf.c.obj
 .debug_ranges  0x00002398       0x60 CMakeFiles\code.dir\C_\pico\pico-sdk\src\rp2_common\pico_bit_ops\bit_ops_aeabi.S.obj
 .debug_ranges  0x000023f8       0x38 CMakeFiles\code.dir\C_\pico\pico-sdk\src\rp2_common\pico_bootrom\bootrom.c.obj
 .debug_ranges  0x00002430       0x38 CMakeFiles\code.dir\C_\pico\pico-sdk\src\rp2_common\pico_divider\divider.S.obj
 .debug_ranges  0x00002468      0x138 CMakeFiles\code.dir\C_\pico\pico-sdk\src\rp2_common\pico_double\double_aeabi.S.obj
 .debug_ranges  0x000025a0       0x30 CMakeFiles\code.dir\C_\pico\pico-sdk\src\rp2_common\pico_double\double_init_rom.c.obj
 .debug_ranges  0x000025d0       0xc0 CMakeFiles\code.dir\C_\pico\pico-sdk\src\rp2_common\pico_double\double_v1_rom_shim.S.obj
 .debug_ranges  0x00002690      0x128 CMakeFiles\code.dir\C_\pico\pico-sdk\src\rp2_common\pico_float\float_aeabi.S.obj
 .debug_ranges  0x000027b8       0x28 CMakeFiles\code.dir\C_\pico\pico-sdk\src\rp2_common\pico_float\float_init_rom.c.obj
 .debug_ranges  0x000027e0       0x48 CMakeFiles\code.dir\C_\pico\pico-sdk\src\rp2_common\pico_float\float_v1_rom_shim.S.obj
 .debug_ranges  0x00002828       0x30 CMakeFiles\code.dir\C_\pico\pico-sdk\src\rp2_common\pico_mem_ops\mem_ops_aeabi.S.obj
 .debug_ranges  0x00002858       0x20 CMakeFiles\code.dir\C_\pico\pico-sdk\src\rp2_common\pico_standard_link\crt0.S.obj
 .debug_ranges  0x00002878      0x198 CMakeFiles\code.dir\C_\pico\pico-sdk\src\rp2_common\pico_stdio\stdio.c.obj
 .debug_ranges  0x00002a10      0x230 CMakeFiles\code.dir\C_\pico\pico-sdk\src\rp2_common\pico_stdio_uart\stdio_uart.c.obj

.debug_line     0x00000000     0xd12b
 .debug_line    0x00000000      0xa2d CMakeFiles\code.dir\main.c.obj
 .debug_line    0x00000a2d      0x9a4 CMakeFiles\code.dir\C_\pico\pico-sdk\src\rp2_common\hardware_gpio\gpio.c.obj
 .debug_line    0x000013d1      0x478 CMakeFiles\code.dir\C_\pico\pico-sdk\src\rp2_common\hardware_claim\claim.c.obj
 .debug_line    0x00001849      0x291 CMakeFiles\code.dir\C_\pico\pico-sdk\src\rp2_common\pico_platform\platform.c.obj
 .debug_line    0x00001ada      0x474 CMakeFiles\code.dir\C_\pico\pico-sdk\src\rp2_common\hardware_sync\sync.c.obj
 .debug_line    0x00001f4e      0x6f4 CMakeFiles\code.dir\C_\pico\pico-sdk\src\rp2_common\hardware_uart\uart.c.obj
 .debug_line    0x00002642     0x18ce CMakeFiles\code.dir\C_\pico\pico-sdk\src\common\pico_time\time.c.obj
 .debug_line    0x00003f10      0xab4 CMakeFiles\code.dir\C_\pico\pico-sdk\src\rp2_common\hardware_timer\timer.c.obj
 .debug_line    0x000049c4      0x214 CMakeFiles\code.dir\C_\pico\pico-sdk\src\common\pico_sync\lock_core.c.obj
 .debug_line    0x00004bd8      0xaa0 CMakeFiles\code.dir\C_\pico\pico-sdk\src\common\pico_sync\mutex.c.obj
 .debug_line    0x00005678      0x8af CMakeFiles\code.dir\C_\pico\pico-sdk\src\common\pico_util\pheap.c.obj
 .debug_line    0x00005f27      0x7ec CMakeFiles\code.dir\C_\pico\pico-sdk\src\rp2_common\pico_runtime\runtime.c.obj
 .debug_line    0x00006713      0x95e CMakeFiles\code.dir\C_\pico\pico-sdk\src\rp2_common\hardware_clocks\clocks.c.obj
 .debug_line    0x00007071      0xe10 CMakeFiles\code.dir\C_\pico\pico-sdk\src\rp2_common\hardware_irq\irq.c.obj
 .debug_line    0x00007e81       0x7a CMakeFiles\code.dir\C_\pico\pico-sdk\src\rp2_common\hardware_irq\irq_handler_chain.S.obj
 .debug_line    0x00007efb      0x52c CMakeFiles\code.dir\C_\pico\pico-sdk\src\rp2_common\hardware_pll\pll.c.obj
 .debug_line    0x00008427      0x3ac CMakeFiles\code.dir\C_\pico\pico-sdk\src\rp2_common\hardware_watchdog\watchdog.c.obj
 .debug_line    0x000087d3      0x2a9 CMakeFiles\code.dir\C_\pico\pico-sdk\src\rp2_common\hardware_xosc\xosc.c.obj
 .debug_line    0x00008a7c     0x125e CMakeFiles\code.dir\C_\pico\pico-sdk\src\rp2_common\pico_printf\printf.c.obj
 .debug_line    0x00009cda      0x13d CMakeFiles\code.dir\C_\pico\pico-sdk\src\rp2_common\pico_bit_ops\bit_ops_aeabi.S.obj
 .debug_line    0x00009e17      0x1e5 CMakeFiles\code.dir\C_\pico\pico-sdk\src\rp2_common\pico_bootrom\bootrom.c.obj
 .debug_line    0x00009ffc      0x2c4 CMakeFiles\code.dir\C_\pico\pico-sdk\src\rp2_common\pico_divider\divider.S.obj
 .debug_line    0x0000a2c0      0x41b CMakeFiles\code.dir\C_\pico\pico-sdk\src\rp2_common\pico_double\double_aeabi.S.obj
 .debug_line    0x0000a6db      0x346 CMakeFiles\code.dir\C_\pico\pico-sdk\src\rp2_common\pico_double\double_init_rom.c.obj
 .debug_line    0x0000aa21      0x691 CMakeFiles\code.dir\C_\pico\pico-sdk\src\rp2_common\pico_double\double_v1_rom_shim.S.obj
 .debug_line    0x0000b0b2      0x3d1 CMakeFiles\code.dir\C_\pico\pico-sdk\src\rp2_common\pico_float\float_aeabi.S.obj
 .debug_line    0x0000b483      0x34a CMakeFiles\code.dir\C_\pico\pico-sdk\src\rp2_common\pico_float\float_init_rom.c.obj
 .debug_line    0x0000b7cd      0x1bd CMakeFiles\code.dir\C_\pico\pico-sdk\src\rp2_common\pico_float\float_v1_rom_shim.S.obj
 .debug_line    0x0000b98a       0xb7 CMakeFiles\code.dir\C_\pico\pico-sdk\src\rp2_common\pico_mem_ops\mem_ops_aeabi.S.obj
 .debug_line    0x0000ba41       0xc8 CMakeFiles\code.dir\C_\pico\pico-sdk\src\rp2_common\pico_standard_link\crt0.S.obj
 .debug_line    0x0000bb09      0x1bd CMakeFiles\code.dir\C_\pico\pico-sdk\src\rp2_common\pico_standard_link\binary_info.c.obj
 .debug_line    0x0000bcc6      0xc55 CMakeFiles\code.dir\C_\pico\pico-sdk\src\rp2_common\pico_stdio\stdio.c.obj
 .debug_line    0x0000c91b      0x810 CMakeFiles\code.dir\C_\pico\pico-sdk\src\rp2_common\pico_stdio_uart\stdio_uart.c.obj

.debug_str      0x00000000     0x317d
 .debug_str     0x00000000      0x6be CMakeFiles\code.dir\main.c.obj
                                0x759 (size before relaxing)
 .debug_str     0x000006be      0x3b7 CMakeFiles\code.dir\C_\pico\pico-sdk\src\rp2_common\hardware_gpio\gpio.c.obj
                                0x894 (size before relaxing)
 .debug_str     0x00000a75      0x1c0 CMakeFiles\code.dir\C_\pico\pico-sdk\src\rp2_common\hardware_claim\claim.c.obj
                                0x38f (size before relaxing)
 .debug_str     0x00000c35       0x77 CMakeFiles\code.dir\C_\pico\pico-sdk\src\rp2_common\pico_platform\platform.c.obj
                                0x24b (size before relaxing)
 .debug_str     0x00000cac       0xe2 CMakeFiles\code.dir\C_\pico\pico-sdk\src\rp2_common\hardware_sync\sync.c.obj
                                0x376 (size before relaxing)
 .debug_str     0x00000d8e      0x24d CMakeFiles\code.dir\C_\pico\pico-sdk\src\rp2_common\hardware_uart\uart.c.obj
                                0x563 (size before relaxing)
 .debug_str     0x00000fdb      0x734 CMakeFiles\code.dir\C_\pico\pico-sdk\src\common\pico_time\time.c.obj
                                0xbc1 (size before relaxing)
 .debug_str     0x0000170f      0x178 CMakeFiles\code.dir\C_\pico\pico-sdk\src\rp2_common\hardware_timer\timer.c.obj
                                0x6c4 (size before relaxing)
 .debug_str     0x00001887       0x32 CMakeFiles\code.dir\C_\pico\pico-sdk\src\common\pico_sync\lock_core.c.obj
                                0x22c (size before relaxing)
 .debug_str     0x000018b9      0x130 CMakeFiles\code.dir\C_\pico\pico-sdk\src\common\pico_sync\mutex.c.obj
                                0x53e (size before relaxing)
 .debug_str     0x000019e9       0xe2 CMakeFiles\code.dir\C_\pico\pico-sdk\src\common\pico_util\pheap.c.obj
                                0x415 (size before relaxing)
 .debug_str     0x00001acb      0x201 CMakeFiles\code.dir\C_\pico\pico-sdk\src\rp2_common\pico_runtime\runtime.c.obj
                                0x617 (size before relaxing)
 .debug_str     0x00001ccc      0x247 CMakeFiles\code.dir\C_\pico\pico-sdk\src\rp2_common\hardware_clocks\clocks.c.obj
                                0x691 (size before relaxing)
 .debug_str     0x00001f13      0x2db CMakeFiles\code.dir\C_\pico\pico-sdk\src\rp2_common\hardware_irq\irq.c.obj
                                0x6f4 (size before relaxing)
 .debug_str     0x000021ee       0x4f CMakeFiles\code.dir\C_\pico\pico-sdk\src\rp2_common\hardware_irq\irq_handler_chain.S.obj
                                 0xa0 (size before relaxing)
 .debug_str     0x0000223d       0x85 CMakeFiles\code.dir\C_\pico\pico-sdk\src\rp2_common\hardware_pll\pll.c.obj
                                0x2fd (size before relaxing)
 .debug_str     0x000022c2       0xfe CMakeFiles\code.dir\C_\pico\pico-sdk\src\rp2_common\hardware_watchdog\watchdog.c.obj
                                0x32f (size before relaxing)
 .debug_str     0x000023c0       0x6b CMakeFiles\code.dir\C_\pico\pico-sdk\src\rp2_common\hardware_xosc\xosc.c.obj
                                0x24e (size before relaxing)
 .debug_str     0x0000242b      0x25c CMakeFiles\code.dir\C_\pico\pico-sdk\src\rp2_common\pico_printf\printf.c.obj
                                0x4ab (size before relaxing)
 .debug_str     0x00002687       0x3d CMakeFiles\code.dir\C_\pico\pico-sdk\src\rp2_common\pico_bit_ops\bit_ops_aeabi.S.obj
                                 0x9c (size before relaxing)
 .debug_str     0x000026c4       0xa3 CMakeFiles\code.dir\C_\pico\pico-sdk\src\rp2_common\pico_bootrom\bootrom.c.obj
                                0x26e (size before relaxing)