Archive member included to satisfy reference by file (symbol)

c:/progra~2/gnu arm embedded toolchain/10 2020-q4-major/bin/../lib/gcc/arm-none-eabi/10.2.1/thumb/v6-m/nofp\libgcc.a(_dvmd_tls.o)
                              CMakeFiles\code.dir\C_\pico\pico-sdk\src\rp2_common\pico_divider\divider.S.obj (__aeabi_idiv0)
c:/progra~2/gnu arm embedded toolchain/10 2020-q4-major/bin/../lib/gcc/arm-none-eabi/10.2.1/../../../../arm-none-eabi/lib/thumb/v6-m/nofp\libg.a(lib_a-calloc.o)
                              CMakeFiles\code.dir\C_\pico\pico-sdk\src\rp2_common\pico_malloc\pico_malloc.c.obj (calloc)
c:/progra~2/gnu arm embedded toolchain/10 2020-q4-major/bin/../lib/gcc/arm-none-eabi/10.2.1/../../../../arm-none-eabi/lib/thumb/v6-m/nofp\libg.a(lib_a-callocr.o)
                              c:/progra~2/gnu arm embedded toolchain/10 2020-q4-major/bin/../lib/gcc/arm-none-eabi/10.2.1/../../../../arm-none-eabi/lib/thumb/v6-m/nofp\libg.a(lib_a-calloc.o) (_calloc_r)
c:/progra~2/gnu arm embedded toolchain/10 2020-q4-major/bin/../lib/gcc/arm-none-eabi/10.2.1/../../../../arm-none-eabi/lib/thumb/v6-m/nofp\libg.a(lib_a-impure.o)
                              c:/progra~2/gnu arm embedded toolchain/10 2020-q4-major/bin/../lib/gcc/arm-none-eabi/10.2.1/../../../../arm-none-eabi/lib/thumb/v6-m/nofp\libg.a(lib_a-calloc.o) (_impure_ptr)
c:/progra~2/gnu arm embedded toolchain/10 2020-q4-major/bin/../lib/gcc/arm-none-eabi/10.2.1/../../../../arm-none-eabi/lib/thumb/v6-m/nofp\libg.a(lib_a-init.o)
                              c:/progra~2/gnu arm embedded toolchain/10 2020-q4-major/bin/../lib/gcc/arm-none-eabi/10.2.1/../../../../arm-none-eabi/lib/thumb/v6-m/nofp/crt0.o (__libc_init_array)
c:/progra~2/gnu arm embedded toolchain/10 2020-q4-major/bin/../lib/gcc/arm-none-eabi/10.2.1/../../../../arm-none-eabi/lib/thumb/v6-m/nofp\libg.a(lib_a-malloc.o)
                              CMakeFiles\code.dir\C_\pico\pico-sdk\src\rp2_common\pico_malloc\pico_malloc.c.obj (malloc)
c:/progra~2/gnu arm embedded toolchain/10 2020-q4-major/bin/../lib/gcc/arm-none-eabi/10.2.1/../../../../arm-none-eabi/lib/thumb/v6-m/nofp\libg.a(lib_a-mallocr.o)
                              c:/progra~2/gnu arm embedded toolchain/10 2020-q4-major/bin/../lib/gcc/arm-none-eabi/10.2.1/../../../../arm-none-eabi/lib/thumb/v6-m/nofp\libg.a(lib_a-callocr.o) (_malloc_r)
c:/progra~2/gnu arm embedded toolchain/10 2020-q4-major/bin/../lib/gcc/arm-none-eabi/10.2.1/../../../../arm-none-eabi/lib/thumb/v6-m/nofp\libg.a(lib_a-mlock.o)
                              c:/progra~2/gnu arm embedded toolchain/10 2020-q4-major/bin/../lib/gcc/arm-none-eabi/10.2.1/../../../../arm-none-eabi/lib/thumb/v6-m/nofp\libg.a(lib_a-mallocr.o) (__malloc_lock)
c:/progra~2/gnu arm embedded toolchain/10 2020-q4-major/bin/../lib/gcc/arm-none-eabi/10.2.1/../../../../arm-none-eabi/lib/thumb/v6-m/nofp\libg.a(lib_a-sbrkr.o)
                              c:/progra~2/gnu arm embedded toolchain/10 2020-q4-major/bin/../lib/gcc/arm-none-eabi/10.2.1/../../../../arm-none-eabi/lib/thumb/v6-m/nofp\libg.a(lib_a-mallocr.o) (_sbrk_r)
c:/progra~2/gnu arm embedded toolchain/10 2020-q4-major/bin/../lib/gcc/arm-none-eabi/10.2.1/../../../../arm-none-eabi/lib/thumb/v6-m/nofp\libg.a(lib_a-sscanf.o)
                              CMakeFiles\code.dir\main.c.obj (sscanf)
c:/progra~2/gnu arm embedded toolchain/10 2020-q4-major/bin/../lib/gcc/arm-none-eabi/10.2.1/../../../../arm-none-eabi/lib/thumb/v6-m/nofp\libg.a(lib_a-stdio.o)
                              c:/progra~2/gnu arm embedded toolchain/10 2020-q4-major/bin/../lib/gcc/arm-none-eabi/10.2.1/../../../../arm-none-eabi/lib/thumb/v6-m/nofp\libg.a(lib_a-sscanf.o) (__seofread)
c:/progra~2/gnu arm embedded toolchain/10 2020-q4-major/bin/../lib/gcc/arm-none-eabi/10.2.1/../../../../arm-none-eabi/lib/thumb/v6-m/nofp\libg.a(lib_a-strlen-stub.o)
                              CMakeFiles\code.dir\C_\pico\pico-sdk\src\rp2_common\pico_stdio\stdio.c.obj (strlen)
c:/progra~2/gnu arm embedded toolchain/10 2020-q4-major/bin/../lib/gcc/arm-none-eabi/10.2.1/../../../../arm-none-eabi/lib/thumb/v6-m/nofp\libg.a(lib_a-svfscanf.o)
                              c:/progra~2/gnu arm embedded toolchain/10 2020-q4-major/bin/../lib/gcc/arm-none-eabi/10.2.1/../../../../arm-none-eabi/lib/thumb/v6-m/nofp\libg.a(lib_a-sscanf.o) (__ssvfscanf_r)
c:/progra~2/gnu arm embedded toolchain/10 2020-q4-major/bin/../lib/gcc/arm-none-eabi/10.2.1/../../../../arm-none-eabi/lib/thumb/v6-m/nofp\libg.a(lib_a-writer.o)
                              c:/progra~2/gnu arm embedded toolchain/10 2020-q4-major/bin/../lib/gcc/arm-none-eabi/10.2.1/../../../../arm-none-eabi/lib/thumb/v6-m/nofp\libg.a(lib_a-stdio.o) (_write_r)
c:/progra~2/gnu arm embedded toolchain/10 2020-q4-major/bin/../lib/gcc/arm-none-eabi/10.2.1/../../../../arm-none-eabi/lib/thumb/v6-m/nofp\libg.a(lib_a-closer.o)
[...]
Memory Configuration

Name             Origin             Length             Attributes
FLASH            0x10000000         0x00200000         xr
RAM              0x20000000         0x00040000         xrw
SCRATCH_X        0x20040000         0x00001000         xrw
SCRATCH_Y        0x20041000         0x00001000         xrw
*default*        0x00000000         0xffffffff

Linker script and memory map

LOAD c:/progra~2/gnu arm embedded toolchain/10 2020-q4-major/bin/../lib/gcc/arm-none-eabi/10.2.1/thumb/v6-m/nofp/crti.o
LOAD c:/progra~2/gnu arm embedded toolchain/10 2020-q4-major/bin/../lib/gcc/arm-none-eabi/10.2.1/thumb/v6-m/nofp/crtbegin.o
LOAD c:/progra~2/gnu arm embedded toolchain/10 2020-q4-major/bin/../lib/gcc/arm-none-eabi/10.2.1/../../../../arm-none-eabi/lib/thumb/v6-m/nofp/crt0.o

.flash_begin    0x10000000        0x0
                0x10000000                __flash_binary_start = .

.boot2          0x10000000      0x100
                0x10000000                __boot2_start__ = .
 *(.boot2)
 .boot2         0x10000000      0x100 C:\Users\jessg\AppData\Local\Temp\cccxA69h.o
                0x10000100                __boot2_end__ = .
                0x00000001                ASSERT (((__boot2_end__ - __boot2_start__) == 0x100), ERROR: Pico second stage bootloader must be 256 bytes in size)

.text           0x10000100     0x95c8
                0x10000100                __logical_binary_start = .
 *(.vectors)
 .vectors       0x10000100       0xd4 CMakeFiles\code.dir\C_\pico\pico-sdk\src\rp2_common\pico_standard_link\crt0.S.obj
                0x10000100                __VECTOR_TABLE
                0x10000100                __vectors
                0x100001c0                isr_invalid
                0x100001c0                __default_isrs_start
                0x100001c2                isr_nmi
                0x100001c4                isr_hardfault
                0x100001c6                isr_svcall
                0x100001c8                isr_pendsv
                0x100001ca                isr_systick
                0x100001cc                isr_irq23
                0x100001cc                isr_irq18
                0x100001cc                isr_irq11
                0x100001cc                isr_irq28
                0x100001cc                isr_irq19
                0x100001cc                isr_irq0
                0x100001cc                isr_irq6
                0x100001cc                isr_irq5
                0x100001cc                isr_irq12
                0x100001cc                isr_irq22
                0x100001cc                isr_irq31
                0x100001cc                isr_irq17
                0x100001cc                isr_irq27
                0x100001cc                isr_irq30
                0x100001cc                isr_irq2
                0x100001cc                isr_irq10
                0x100001cc                isr_irq8
                0x100001cc                isr_irq24
                0x100001cc                isr_irq1
                0x100001cc                isr_irq7
                0x100001cc                isr_irq21
                0x100001cc                isr_irq20
                0x100001cc                isr_irq15
                0x100001cc                isr_irq25
                0x100001cc                isr_irq13
                0x100001cc                __unhandled_user_irq
                0x100001cc                isr_irq4
                0x100001cc                isr_irq16
                0x100001cc                isr_irq29
                0x100001cc                isr_irq26
                0x100001cc                __default_isrs_end
                0x100001cc                isr_irq3
                0x100001cc                isr_irq14
                0x100001cc                isr_irq9
                0x100001d2                unhandled_user_irq_num_in_r0
 *(.binary_info_header)
 .binary_info_header
                0x100001d4       0x14 CMakeFiles\code.dir\C_\pico\pico-sdk\src\rp2_common\pico_standard_link\crt0.S.obj
                0x100001e8                __binary_info_header_end = .
 *(.reset)
 .reset         0x100001e8       0xa8 CMakeFiles\code.dir\C_\pico\pico-sdk\src\rp2_common\pico_standard_link\crt0.S.obj
                0x100001e8                _entry_point
                0x10000266                __get_current_exception
 .reset         0x10000290       0x30 CMakeFiles\code.dir\C_\pico\pico-sdk\src\rp2_common\pico_standard_link\binary_info.c.obj
 *(.init)
 .init          0x100002c0        0x4 c:/progra~2/gnu arm embedded toolchain/10 2020-q4-major/bin/../lib/gcc/arm-none-eabi/10.2.1/thumb/v6-m/nofp/crti.o
                0x100002c0                _init
 *(EXCLUDE_FILE(*libm.a: *libc.a:*lib_a-mem*.o *libgcc.a:) .text*)
 .text          0x100002c4       0x48 c:/progra~2/gnu arm embedded toolchain/10 2020-q4-major/bin/../lib/gcc/arm-none-eabi/10.2.1/thumb/v6-m/nofp/crtbegin.o
 .text.set_x_pins
                0x1000030c       0x2e CMakeFiles\code.dir\main.c.obj
                0x1000030c                set_x_pins
 .text.set_y_pins
                0x1000033a       0x36 CMakeFiles\code.dir\main.c.obj
                0x1000033a                set_y_pins
 .text.set_z_pins
                0x10000370       0x36 CMakeFiles\code.dir\main.c.obj
                0x10000370                set_z_pins
 *fill*         0x100003a6        0x2 
 .text.send_char
                0x100003a8       0x68 CMakeFiles\code.dir\main.c.obj
                0x100003a8                send_char
 .text.on_uart_rx
                0x10000410       0x98 CMakeFiles\code.dir\main.c.obj
                0x10000410                on_uart_rx
 .text.main     0x100004a8      0x1dc CMakeFiles\code.dir\main.c.obj
                0x100004a8                main
 .text.gpio_set_function
                0x10000684       0x30 CMakeFiles\code.dir\C_\pico\pico-sdk\src\rp2_common\hardware_gpio\gpio.c.obj
                0x10000684                gpio_set_function
 .text.gpio_init
                0x100006b4       0x16 CMakeFiles\code.dir\C_\pico\pico-sdk\src\rp2_common\hardware_gpio\gpio.c.obj
                0x100006b4                gpio_init
 *fill*         0x100006ca        0x2 
 .text.hw_claim_lock
                0x100006cc       0x18 CMakeFiles\code.dir\C_\pico\pico-sdk\src\rp2_common\hardware_claim\claim.c.obj
                0x100006cc                hw_claim_lock
 .text.hw_claim_unlock
                0x100006e4       0x14 CMakeFiles\code.dir\C_\pico\pico-sdk\src\rp2_common\hardware_claim\claim.c.obj
                0x100006e4                hw_claim_unlock
 .text.hw_claim_or_assert
                0x100006f8       0x32 CMakeFiles\code.dir\C_\pico\pico-sdk\src\rp2_common\hardware_claim\claim.c.obj
                0x100006f8                hw_claim_or_assert
 *fill*         0x1000072a        0x2 
 .text.running_on_fpga
                0x1000072c       0x14 CMakeFiles\code.dir\C_\pico\pico-sdk\src\rp2_common\pico_platform\platform.c.obj
                0x1000072c                running_on_fpga
 .text.spin_locks_reset
                0x10000740       0x20 CMakeFiles\code.dir\C_\pico\pico-sdk\src\rp2_common\hardware_sync\sync.c.obj
                0x10000740                spin_locks_reset
 .text.next_striped_spin_lock_num
                0x10000760       0x1c CMakeFiles\code.dir\C_\pico\pico-sdk\src\rp2_common\hardware_sync\sync.c.obj
                0x10000760                next_striped_spin_lock_num
 .text.uart_set_baudrate
                0x1000077c       0x5c CMakeFiles\code.dir\C_\pico\pico-sdk\src\rp2_common\hardware_uart\uart.c.obj
                0x1000077c                uart_set_baudrate
 .text.uart_set_translate_crlf
                0x100007d8       0x28 CMakeFiles\code.dir\C_\pico\pico-sdk\src\rp2_common\hardware_uart\uart.c.obj
                0x100007d8                uart_set_translate_crlf
 .text.uart_init
                0x10000800       0x80 CMakeFiles\code.dir\C_\pico\pico-sdk\src\rp2_common\hardware_uart\uart.c.obj
                0x10000800                uart_init
 .text.alarm_pool_post_alloc_init
                0x10000880       0x40 CMakeFiles\code.dir\C_\pico\pico-sdk\src\common\pico_time\time.c.obj
 .text.timer_pool_entry_comparator
                0x100008c0       0x7c CMakeFiles\code.dir\C_\pico\pico-sdk\src\common\pico_time\time.c.obj
                0x100008c0                timer_pool_entry_comparator
 .text.ph_add_child_node
                0x1000093c       0xa4 CMakeFiles\code.dir\C_\pico\pico-sdk\src\common\pico_time\time.c.obj
 .text.ph_merge_nodes
                0x100009e0       0x3e CMakeFiles\code.dir\C_\pico\pico-sdk\src\common\pico_time\time.c.obj
 *fill*         0x10000a1e        0x2 
 .text.add_alarm_under_lock
                0x10000a20      0x174 CMakeFiles\code.dir\C_\pico\pico-sdk\src\common\pico_time\time.c.obj
 .text.alarm_pool_alarm_callback
                0x10000b94      0x328 CMakeFiles\code.dir\C_\pico\pico-sdk\src\common\pico_time\time.c.obj
 .text.alarm_pool_init_default
                0x10000ebc       0x38 CMakeFiles\code.dir\C_\pico\pico-sdk\src\common\pico_time\time.c.obj
                0x10000ebc                alarm_pool_init_default
 .text.hardware_alarm_irq_handler
                0x10000ef4       0x8c CMakeFiles\code.dir\C_\pico\pico-sdk\src\rp2_common\hardware_timer\timer.c.obj
 .text.hardware_alarm_claim
                0x10000f80       0x18 CMakeFiles\code.dir\C_\pico\pico-sdk\src\rp2_common\hardware_timer\timer.c.obj
                0x10000f80                hardware_alarm_claim
 .text.time_us_64
                0x10000f98       0x18 CMakeFiles\code.dir\C_\pico\pico-sdk\src\rp2_common\hardware_timer\timer.c.obj
                0x10000f98                time_us_64
 .text.hardware_alarm_set_callback
                0x10000fb0       0x90 CMakeFiles\code.dir\C_\pico\pico-sdk\src\rp2_common\hardware_timer\timer.c.obj
                0x10000fb0                hardware_alarm_set_callback
 .text.hardware_alarm_set_target
                0x10001040       0xe8 CMakeFiles\code.dir\C_\pico\pico-sdk\src\rp2_common\hardware_timer\timer.c.obj
                0x10001040                hardware_alarm_set_target
 .text.hardware_alarm_cancel
                0x10001128       0x40 CMakeFiles\code.dir\C_\pico\pico-sdk\src\rp2_common\hardware_timer\timer.c.obj
                0x10001128                hardware_alarm_cancel
 .text.lock_init
                0x10001168       0x10 CMakeFiles\code.dir\C_\pico\pico-sdk\src\common\pico_sync\lock_core.c.obj
                0x10001168                lock_init
 .text.mutex_init_internal
                0x10001178       0x1e CMakeFiles\code.dir\C_\pico\pico-sdk\src\common\pico_sync\mutex.c.obj
 .text.mutex_init
                0x10001196        0xa CMakeFiles\code.dir\C_\pico\pico-sdk\src\common\pico_sync\mutex.c.obj
                0x10001196                mutex_init
 .text.recursive_mutex_init
                0x100011a0        0xa CMakeFiles\code.dir\C_\pico\pico-sdk\src\common\pico_sync\mutex.c.obj
                0x100011a0                recursive_mutex_init
 *fill*         0x100011aa        0x2 
 .text.ph_add_child_node
                0x100011ac       0xa4 CMakeFiles\code.dir\C_\pico\pico-sdk\src\common\pico_util\pheap.c.obj
 .text.ph_merge_nodes
                0x10001250       0x3e CMakeFiles\code.dir\C_\pico\pico-sdk\src\common\pico_util\pheap.c.obj
 *fill*         0x1000128e        0x2 
 .text.ph_clear
                0x10001290       0x70 CMakeFiles\code.dir\C_\pico\pico-sdk\src\common\pico_util\pheap.c.obj
                0x10001290                ph_clear
 .text.ph_post_alloc_init
                0x10001300        0xe CMakeFiles\code.dir\C_\pico\pico-sdk\src\common\pico_util\pheap.c.obj
                0x10001300                ph_post_alloc_init
 *fill*         0x1000130e        0x2 
 .text.ph_merge_two_pass
                0x10001310       0xa8 CMakeFiles\code.dir\C_\pico\pico-sdk\src\common\pico_util\pheap.c.obj
                0x10001310                ph_merge_two_pass
 .text.ph_remove_any_head
                0x100013b8      0x108 CMakeFiles\code.dir\C_\pico\pico-sdk\src\common\pico_util\pheap.c.obj
 .text.ph_remove_head
                0x100014c0       0x14 CMakeFiles\code.dir\C_\pico\pico-sdk\src\common\pico_util\pheap.c.obj
                0x100014c0                ph_remove_head
 .text.ph_remove_and_free_node
                0x100014d4       0xf8 CMakeFiles\code.dir\C_\pico\pico-sdk\src\common\pico_util\pheap.c.obj
                0x100014d4                ph_remove_and_free_node
 .text.runtime_init
                0x100015cc       0xd8 CMakeFiles\code.dir\C_\pico\pico-sdk\src\rp2_common\pico_runtime\runtime.c.obj
                0x100015cc                runtime_init
 .text._exit    0x100016a4        0x4 CMakeFiles\code.dir\C_\pico\pico-sdk\src\rp2_common\pico_runtime\runtime.c.obj
                0x100016a4                _exit
 .text._sbrk    0x100016a8       0x38 CMakeFiles\code.dir\C_\pico\pico-sdk\src\rp2_common\pico_runtime\runtime.c.obj
                0x100016a8                _sbrk
 .text.exit     0x100016e0        0x6 CMakeFiles\code.dir\C_\pico\pico-sdk\src\rp2_common\pico_runtime\runtime.c.obj
                0x100016e0                exit
 *fill*         0x100016e6        0x2 
 .text.__assert_func
                0x100016e8       0x3c CMakeFiles\code.dir\C_\pico\pico-sdk\src\rp2_common\pico_runtime\runtime.c.obj
                0x100016e8                __assert_func
 .text.panic    0x10001724       0x30 CMakeFiles\code.dir\C_\pico\pico-sdk\src\rp2_common\pico_runtime\runtime.c.obj
                0x10001724                panic
 .text.clock_configure
                0x10001754      0x104 CMakeFiles\code.dir\C_\pico\pico-sdk\src\rp2_common\hardware_clocks\clocks.c.obj
                0x10001754                clock_configure
 .text.clocks_init
                0x10001858      0x100 CMakeFiles\code.dir\C_\pico\pico-sdk\src\rp2_common\hardware_clocks\clocks.c.obj
                0x10001858                clocks_init
 .text.clock_get_hz
                0x10001958        0xc CMakeFiles\code.dir\C_\pico\pico-sdk\src\rp2_common\hardware_clocks\clocks.c.obj
                0x10001958                clock_get_hz
 .text.set_raw_irq_handler_and_unlock
                0x10001964       0x28 CMakeFiles\code.dir\C_\pico\pico-sdk\src\rp2_common\hardware_irq\irq.c.obj
 .text.make_branch
                0x1000198c       0x34 CMakeFiles\code.dir\C_\pico\pico-sdk\src\rp2_common\hardware_irq\irq.c.obj
 .text.insert_branch_and_link
                0x100019c0       0x40 CMakeFiles\code.dir\C_\pico\pico-sdk\src\rp2_common\hardware_irq\irq.c.obj
 .text.irq_is_enabled
                0x10001a00       0x18 CMakeFiles\code.dir\C_\pico\pico-sdk\src\rp2_common\hardware_irq\irq.c.obj
                0x10001a00                irq_is_enabled
 .text.irq_set_mask_enabled
                0x10001a18       0x20 CMakeFiles\code.dir\C_\pico\pico-sdk\src\rp2_common\hardware_irq\irq.c.obj
                0x10001a18                irq_set_mask_enabled
 .text.irq_set_enabled
                0x10001a38        0xe CMakeFiles\code.dir\C_\pico\pico-sdk\src\rp2_common\hardware_irq\irq.c.obj
                0x10001a38                irq_set_enabled
 *fill*         0x10001a46        0x2 
 .text.irq_get_vtable_handler
                0x10001a48       0x10 CMakeFiles\code.dir\C_\pico\pico-sdk\src\rp2_common\hardware_irq\irq.c.obj
                0x10001a48                irq_get_vtable_handler
 .text.irq_set_exclusive_handler
                0x10001a58       0x54 CMakeFiles\code.dir\C_\pico\pico-sdk\src\rp2_common\hardware_irq\irq.c.obj
                0x10001a58                irq_set_exclusive_handler
 .text.irq_remove_handler
                0x10001aac      0x1ac CMakeFiles\code.dir\C_\pico\pico-sdk\src\rp2_common\hardware_irq\irq.c.obj
                0x10001aac                irq_remove_handler
 .text.irq_set_priority
                0x10001c58       0x28 CMakeFiles\code.dir\C_\pico\pico-sdk\src\rp2_common\hardware_irq\irq.c.obj
                0x10001c58                irq_set_priority
 .text.irq_add_tail_to_free_list
                0x10001c80       0xf0 CMakeFiles\code.dir\C_\pico\pico-sdk\src\rp2_common\hardware_irq\irq.c.obj
                0x10001c80                irq_add_tail_to_free_list
 .text.irq_init_priorities
                0x10001d70       0x16 CMakeFiles\code.dir\C_\pico\pico-sdk\src\rp2_common\hardware_irq\irq.c.obj
                0x10001d70                irq_init_priorities
 *fill*         0x10001d86        0x2 
 .text.pll_init
                0x10001d88      0x118 CMakeFiles\code.dir\C_\pico\pico-sdk\src\rp2_common\hardware_pll\pll.c.obj
                0x10001d88                pll_init
 .text.watchdog_start_tick
                0x10001ea0       0x10 CMakeFiles\code.dir\C_\pico\pico-sdk\src\rp2_common\hardware_watchdog\watchdog.c.obj
                0x10001ea0                watchdog_start_tick
 .text.xosc_init
                0x10001eb0       0x28 CMakeFiles\code.dir\C_\pico\pico-sdk\src\rp2_common\hardware_xosc\xosc.c.obj
                0x10001eb0                xosc_init
 .text._out_buffer
                0x10001ed8        0x8 CMakeFiles\code.dir\C_\pico\pico-sdk\src\rp2_common\pico_printf\printf.c.obj
 .text._out_null
                0x10001ee0        0x2 CMakeFiles\code.dir\C_\pico\pico-sdk\src\rp2_common\pico_printf\printf.c.obj
 .text._out_fct
                0x10001ee2        0xe CMakeFiles\code.dir\C_\pico\pico-sdk\src\rp2_common\pico_printf\printf.c.obj
 .text._atoi    0x10001ef0       0x24 CMakeFiles\code.dir\C_\pico\pico-sdk\src\rp2_common\pico_printf\printf.c.obj
 .text._out_rev
                0x10001f14       0xae CMakeFiles\code.dir\C_\pico\pico-sdk\src\rp2_common\pico_printf\printf.c.obj
 .text._ntoa_format
                0x10001fc2      0x112 CMakeFiles\code.dir\C_\pico\pico-sdk\src\rp2_common\pico_printf\printf.c.obj
 .text._ntoa_long
                0x100020d4       0xbc CMakeFiles\code.dir\C_\pico\pico-sdk\src\rp2_common\pico_printf\printf.c.obj
 .text._ntoa_long_long
                0x10002190       0xe2 CMakeFiles\code.dir\C_\pico\pico-sdk\src\rp2_common\pico_printf\printf.c.obj
 *fill*         0x10002272        0x2 
 .text._etoa    0x10002274      0x414 CMakeFiles\code.dir\C_\pico\pico-sdk\src\rp2_common\pico_printf\printf.c.obj
 .text._ftoa    0x10002688      0x354 CMakeFiles\code.dir\C_\pico\pico-sdk\src\rp2_common\pico_printf\printf.c.obj
 .text._vsnprintf
                0x100029dc      0x624 CMakeFiles\code.dir\C_\pico\pico-sdk\src\rp2_common\pico_printf\printf.c.obj
 .text.__wrap_sprintf
                0x10003000       0x28 CMakeFiles\code.dir\C_\pico\pico-sdk\src\rp2_common\pico_printf\printf.c.obj
                0x10003000                __wrap_sprintf
 .text.vfctprintf
                0x10003028       0x20 CMakeFiles\code.dir\C_\pico\pico-sdk\src\rp2_common\pico_printf\printf.c.obj
                0x10003028                vfctprintf
 .text          0x10003048       0x10 CMakeFiles\code.dir\C_\pico\pico-sdk\src\rp2_common\pico_bit_ops\bit_ops_aeabi.S.obj
 .text.rom_func_lookup
                0x10003058       0x10 CMakeFiles\code.dir\C_\pico\pico-sdk\src\rp2_common\pico_bootrom\bootrom.c.obj
                0x10003058                rom_func_lookup
 .text.rom_data_lookup
                0x10003068       0x10 CMakeFiles\code.dir\C_\pico\pico-sdk\src\rp2_common\pico_bootrom\bootrom.c.obj
                0x10003068                rom_data_lookup
 .text.rom_funcs_lookup
                0x10003078       0x36 CMakeFiles\code.dir\C_\pico\pico-sdk\src\rp2_common\pico_bootrom\bootrom.c.obj
                0x10003078                rom_funcs_lookup
 *fill*         0x100030ae        0x2 
 .text.__wrap___aeabi_idiv
                0x100030b0       0x50 CMakeFiles\code.dir\C_\pico\pico-sdk\src\rp2_common\pico_divider\divider.S.obj
                0x100030b0                __wrap___aeabi_idivmod
                0x100030b0                divmod_s32s32
                0x100030b0                div_s32s32
                0x100030b0                __wrap___aeabi_idiv
                0x100030b8                divmod_s32s32_unsafe
                0x100030e4                divmod_s32s32_savestate
 .text.__wrap___aeabi_uidiv
                0x10003100       0x4c CMakeFiles\code.dir\C_\pico\pico-sdk\src\rp2_common\pico_divider\divider.S.obj
                0x10003100                __wrap___aeabi_uidiv
                0x10003100                __wrap___aeabi_uidivmod
                0x10003100                div_u32u32
                0x10003100                divmod_u32u32
                0x10003108                divmod_u32u32_unsafe
                0x10003130                divmod_u32u32_savestate
 .text.__wrap___aeabi_ldiv
                0x1000314c      0x430 CMakeFiles\code.dir\C_\pico\pico-sdk\src\rp2_common\pico_divider\divider.S.obj
                0x1000314c                div_s64s64
                0x1000314c                divmod_s64s64
                0x1000314c                __wrap___aeabi_ldivmod
                0x10003184                divmod_u64u64
                0x10003184                div_u64u64
                0x10003184                __wrap___aeabi_uldivmod
                0x10003194                divmod_u64u64_savestate
                0x100031bc                divmod_s64s64_unsafe
                0x10003244                divmod_u64u64_unsafe
 .text.__wrap___aeabi_darithmetic
                0x1000357c       0x80 CMakeFiles\code.dir\C_\pico\pico-sdk\src\rp2_common\pico_double\double_aeabi.S.obj
                0x1000357c                __wrap___aeabi_drsub
                0x10003582                __wrap___aeabi_dsub
                0x10003594                __wrap___aeabi_dadd
                0x100035a6                __wrap___aeabi_ddiv
                0x100035e2                __wrap___aeabi_dmul
 .text.__wrap___aeabi_cdcmple
                0x100035fc       0x6c CMakeFiles\code.dir\C_\pico\pico-sdk\src\rp2_common\pico_double\double_aeabi.S.obj
                0x100035fc                __wrap___aeabi_cdrcmple
                0x1000360c                __wrap___aeabi_cdcmpeq
                0x1000360c                __wrap___aeabi_cdcmple
 .text.__wrap___aeabi_dcmpeq
                0x10003668       0x10 CMakeFiles\code.dir\C_\pico\pico-sdk\src\rp2_common\pico_double\double_aeabi.S.obj
                0x10003668                __wrap___aeabi_dcmpeq
 .text.__wrap___aeabi_dcmplt
                0x10003678        0xc CMakeFiles\code.dir\C_\pico\pico-sdk\src\rp2_common\pico_double\double_aeabi.S.obj
                0x10003678                __wrap___aeabi_dcmplt
 .text.__wrap___aeabi_dcmple
                0x10003684       0x10 CMakeFiles\code.dir\C_\pico\pico-sdk\src\rp2_common\pico_double\double_aeabi.S.obj
                0x10003684                __wrap___aeabi_dcmple
 .text.__wrap___aeabi_dcmpge
                0x10003694       0x10 CMakeFiles\code.dir\C_\pico\pico-sdk\src\rp2_common\pico_double\double_aeabi.S.obj
                0x10003694                __wrap___aeabi_dcmpge
 .text.__wrap___aeabi_dcmpgt
                0x100036a4        0xa CMakeFiles\code.dir\C_\pico\pico-sdk\src\rp2_common\pico_double\double_aeabi.S.obj
                0x100036a4                __wrap___aeabi_dcmpgt
 .text.__wrap___aeabi_dcmpun
                0x100036ae       0x1c CMakeFiles\code.dir\C_\pico\pico-sdk\src\rp2_common\pico_double\double_aeabi.S.obj
                0x100036ae                __wrap___aeabi_dcmpun
 *fill*         0x100036ca        0x2 
 .text.__wrap___aeabi_i2d
                0x100036cc       0x38 CMakeFiles\code.dir\C_\pico\pico-sdk\src\rp2_common\pico_double\double_aeabi.S.obj
                0x100036cc                __wrap___aeabi_ui2d
                0x100036d4                __wrap___aeabi_i2d
 .text.__wrap___aeabi_d2iz
                0x10003704       0x48 CMakeFiles\code.dir\C_\pico\pico-sdk\src\rp2_common\pico_double\double_aeabi.S.obj
                0x10003704                double2int_z
                0x10003704                __wrap___aeabi_d2iz
 .text.__wrap___aeabi_d2uiz
                0x1000374c       0x18 CMakeFiles\code.dir\C_\pico\pico-sdk\src\rp2_common\pico_double\double_aeabi.S.obj
                0x1000374c                __wrap___aeabi_d2uiz
                0x1000374c                double2uint
 .text.__wrap___aeabi_l2d
                0x10003764       0x18 CMakeFiles\code.dir\C_\pico\pico-sdk\src\rp2_common\pico_double\double_aeabi.S.obj
                0x10003764                __wrap___aeabi_l2d
 .text.__wrap___aeabi_d2lz
                0x1000377c       0x26 CMakeFiles\code.dir\C_\pico\pico-sdk\src\rp2_common\pico_double\double_aeabi.S.obj
                0x1000377c                double2int64_z
                0x1000377c                __wrap___aeabi_d2lz
 *fill*         0x100037a2        0x2 
 .text.double2int64
                0x100037a4       0x18 CMakeFiles\code.dir\C_\pico\pico-sdk\src\rp2_common\pico_double\double_aeabi.S.obj
                0x100037a4                double2int64
 .text.double2ufix64
                0x100037bc       0x18 CMakeFiles\code.dir\C_\pico\pico-sdk\src\rp2_common\pico_double\double_aeabi.S.obj
                0x100037bc                double2ufix64
 .text.__wrap___aeabi_d2f
                0x100037d4       0x18 CMakeFiles\code.dir\C_\pico\pico-sdk\src\rp2_common\pico_double\double_aeabi.S.obj
                0x100037d4                __wrap___aeabi_d2f
 .text.__aeabi_double_init
                0x100037ec       0xb8 CMakeFiles\code.dir\C_\pico\pico-sdk\src\rp2_common\pico_double\double_init_rom.c.obj
                0x100037ec                __aeabi_double_init
 .text.double_table_shim_on_use_helper
                0x100038a4       0x34 CMakeFiles\code.dir\C_\pico\pico-sdk\src\rp2_common\pico_double\double_v1_rom_shim.S.obj
                0x100038a4                double_table_shim_on_use_helper
 .text.__wrap___aeabi_dsub
                0x100038d8       0x10 CMakeFiles\code.dir\C_\pico\pico-sdk\src\rp2_common\pico_double\double_v1_rom_shim.S.obj
                0x100038d8                drsub_shim
                0x100038de                dsub_shim
 .text.dadd_shim
                0x100038e8      0x15c CMakeFiles\code.dir\C_\pico\pico-sdk\src\rp2_common\pico_double\double_v1_rom_shim.S.obj
                0x100038e8                dadd_shim
 .text.dmul_shim
                0x10003a44      0x15c CMakeFiles\code.dir\C_\pico\pico-sdk\src\rp2_common\pico_double\double_v1_rom_shim.S.obj
                0x10003a44                dmul_shim
 .text.ddiv_shim
                0x10003ba0      0x1b0 CMakeFiles\code.dir\C_\pico\pico-sdk\src\rp2_common\pico_double\double_v1_rom_shim.S.obj
                0x10003ba0                ddiv_shim
 .text.dcordic_rot_step
                0x10003d50       0x7c CMakeFiles\code.dir\C_\pico\pico-sdk\src\rp2_common\pico_double\double_v1_rom_shim.S.obj
                0x10003d50                dcordic_rot_step
 .text.double2uint_shim
                0x10003dcc        0xe CMakeFiles\code.dir\C_\pico\pico-sdk\src\rp2_common\pico_double\double_v1_rom_shim.S.obj
                0x10003dcc                double2uint_shim
                0x10003dce                double2ufix_shim
 .text.double2int64_shim
                0x10003dda       0x1a CMakeFiles\code.dir\C_\pico\pico-sdk\src\rp2_common\pico_double\double_v1_rom_shim.S.obj
                0x10003dda                double2int64_shim
                0x10003ddc                double2fix64_shim
 .text.double2uint64_shim
                0x10003df4       0x6c CMakeFiles\code.dir\C_\pico\pico-sdk\src\rp2_common\pico_double\double_v1_rom_shim.S.obj
                0x10003df4                double2uint64_shim
                0x10003df6                double2ufix64_shim
                0x10003e10                d2fix_a
 .text.double2float_shim
                0x10003e60       0x5c CMakeFiles\code.dir\C_\pico\pico-sdk\src\rp2_common\pico_double\double_v1_rom_shim.S.obj
                0x10003e60                double2float_shim
 .text.x2double_shims
                0x10003ebc       0x90 CMakeFiles\code.dir\C_\pico\pico-sdk\src\rp2_common\pico_double\double_v1_rom_shim.S.obj
                0x10003ebc                uint2double_shim
                0x10003ebe                ufix2double_shim
                0x10003ec4                int2double_shim
                0x10003ec6                fix2double_shim
                0x10003ecc                uint642double_shim
                0x10003ece                ufix642double_shim
                0x10003ed4                int642double_shim
                0x10003ed6                fix642double_shim
 .text.dunpacks
                0x10003f4c       0x3c CMakeFiles\code.dir\C_\pico\pico-sdk\src\rp2_common\pico_double\double_v1_rom_shim.S.obj
                0x10003f4c                dunpacks
 .text.__aeabi_lmul
                0x10003f88       0x32 CMakeFiles\code.dir\C_\pico\pico-sdk\src\rp2_common\pico_int64_ops\pico_int64_ops_aeabi.S.obj
                0x10003f88                __wrap___aeabi_lmul
 *fill*         0x10003fba        0x2 
 .text.__aeabi_float_init
                0x10003fbc       0xfc CMakeFiles\code.dir\C_\pico\pico-sdk\src\rp2_common\pico_float\float_init_rom.c.obj
                0x10003fbc                __aeabi_float_init
 .text.float_table_shim_on_use_helper
                0x100040b8       0x34 CMakeFiles\code.dir\C_\pico\pico-sdk\src\rp2_common\pico_float\float_v1_rom_shim.S.obj
                0x100040b8                float_table_shim_on_use_helper
 .text.__wrap_malloc
                0x100040ec       0x24 CMakeFiles\code.dir\C_\pico\pico-sdk\src\rp2_common\pico_malloc\pico_malloc.c.obj
                0x100040ec                __wrap_malloc
 .text.__wrap_free
                0x10004110        0x8 CMakeFiles\code.dir\C_\pico\pico-sdk\src\rp2_common\pico_malloc\pico_malloc.c.obj
                0x10004110                __wrap_free
 .text          0x10004118       0x10 CMakeFiles\code.dir\C_\pico\pico-sdk\src\rp2_common\pico_mem_ops\mem_ops_aeabi.S.obj
                0x10004118                __aeabi_mem_init
 .text.memset   0x10004128        0xc CMakeFiles\code.dir\C_\pico\pico-sdk\src\rp2_common\pico_mem_ops\mem_ops_aeabi.S.obj
                0x10004128                __wrap_memset
 .text.memcpy   0x10004134        0xc CMakeFiles\code.dir\C_\pico\pico-sdk\src\rp2_common\pico_mem_ops\mem_ops_aeabi.S.obj
                0x10004134                __wrap_memcpy
                0x10004134                __wrap___aeabi_memcpy
 .text.stdio_out_chars_crlf
                0x10004140       0x80 CMakeFiles\code.dir\C_\pico\pico-sdk\src\rp2_common\pico_stdio\stdio.c.obj
 .text.stdio_stack_buffer_flush
                0x100041c0       0x44 CMakeFiles\code.dir\C_\pico\pico-sdk\src\rp2_common\pico_stdio\stdio.c.obj
 .text.stdio_buffered_printer
                0x10004204       0x20 CMakeFiles\code.dir\C_\pico\pico-sdk\src\rp2_common\pico_stdio\stdio.c.obj
 .text.stdout_serialize_begin
                0x10004224       0x30 CMakeFiles\code.dir\C_\pico\pico-sdk\src\rp2_common\pico_stdio\stdio.c.obj
                0x10004224                stdout_serialize_begin
 .text.stdout_serialize_end
                0x10004254       0x10 CMakeFiles\code.dir\C_\pico\pico-sdk\src\rp2_common\pico_stdio\stdio.c.obj
                0x10004254                stdout_serialize_end
 .text.stdio_put_string
                0x10004264       0x84 CMakeFiles\code.dir\C_\pico\pico-sdk\src\rp2_common\pico_stdio\stdio.c.obj
 .text.stdio_set_driver_enabled
                0x100042e8       0x38 CMakeFiles\code.dir\C_\pico\pico-sdk\src\rp2_common\pico_stdio\stdio.c.obj
                0x100042e8                stdio_set_driver_enabled
 .text.stdio_flush
                0x10004320       0x20 CMakeFiles\code.dir\C_\pico\pico-sdk\src\rp2_common\pico_stdio\stdio.c.obj
                0x10004320                stdio_flush
 .text.__wrap_puts
                0x10004340       0x1c CMakeFiles\code.dir\C_\pico\pico-sdk\src\rp2_common\pico_stdio\stdio.c.obj
                0x10004340                __wrap_puts
 .text.__wrap_vprintf
                0x1000435c       0x44 CMakeFiles\code.dir\C_\pico\pico-sdk\src\rp2_common\pico_stdio\stdio.c.obj
                0x1000435c                __wrap_vprintf
 .text.__wrap_printf
                0x100043a0       0x18 CMakeFiles\code.dir\C_\pico\pico-sdk\src\rp2_common\pico_stdio\stdio.c.obj
                0x100043a0                __wrap_printf
 .text.stdio_init_all
                0x100043b8        0x8 CMakeFiles\code.dir\C_\pico\pico-sdk\src\rp2_common\pico_stdio\stdio.c.obj
                0x100043b8                stdio_init_all
 .text.stdio_uart_out_chars
                0x100043c0       0x74 CMakeFiles\code.dir\C_\pico\pico-sdk\src\rp2_common\pico_stdio_uart\stdio_uart.c.obj
 .text.stdio_uart_in_chars
                0x10004434       0x58 CMakeFiles\code.dir\C_\pico\pico-sdk\src\rp2_common\pico_stdio_uart\stdio_uart.c.obj
                0x10004434                stdio_uart_in_chars
 .text.stdio_uart_init_full
                0x1000448c       0x3c CMakeFiles\code.dir\C_\pico\pico-sdk\src\rp2_common\pico_stdio_uart\stdio_uart.c.obj
                0x1000448c                stdio_uart_init_full
 .text.stdio_uart_init
                0x100044c8       0x28 CMakeFiles\code.dir\C_\pico\pico-sdk\src\rp2_common\pico_stdio_uart\stdio_uart.c.obj
                0x100044c8                stdio_uart_init
 .text._calloc_r
                0x100044f0       0x5c c:/progra~2/gnu arm embedded toolchain/10 2020-q4-major/bin/../lib/gcc/arm-none-eabi/10.2.1/../../../../arm-none-eabi/lib/thumb/v6-m/nofp\libg.a(lib_a-callocr.o)
                0x100044f0                _calloc_r
 .text.malloc   0x1000454c       0x14 c:/progra~2/gnu arm embedded toolchain/10 2020-q4-major/bin/../lib/gcc/arm-none-eabi/10.2.1/../../../../arm-none-eabi/lib/thumb/v6-m/nofp\libg.a(lib_a-malloc.o)
                0x1000454c                malloc
 .text.free     0x10004560       0x14 c:/progra~2/gnu arm embedded toolchain/10 2020-q4-major/bin/../lib/gcc/arm-none-eabi/10.2.1/../../../../arm-none-eabi/lib/thumb/v6-m/nofp\libg.a(lib_a-malloc.o)
                0x10004560                free
 .text._malloc_r
                0x10004574      0x580 c:/progra~2/gnu arm embedded toolchain/10 2020-q4-major/bin/../lib/gcc/arm-none-eabi/10.2.1/../../../../arm-none-eabi/lib/thumb/v6-m/nofp\libg.a(lib_a-mallocr.o)
                0x10004574                _malloc_r
 .text.__malloc_lock
                0x10004af4       0x10 c:/progra~2/gnu arm embedded toolchain/10 2020-q4-major/bin/../lib/gcc/arm-none-eabi/10.2.1/../../../../arm-none-eabi/lib/thumb/v6-m/nofp\libg.a(lib_a-mlock.o)
                0x10004af4                __malloc_lock
 .text.__malloc_unlock
                0x10004b04       0x10 c:/progra~2/gnu arm embedded toolchain/10 2020-q4-major/bin/../lib/gcc/arm-none-eabi/10.2.1/../../../../arm-none-eabi/lib/thumb/v6-m/nofp\libg.a(lib_a-mlock.o)
                0x10004b04                __malloc_unlock
 .text._sbrk_r  0x10004b14       0x24 c:/progra~2/gnu arm embedded toolchain/10 2020-q4-major/bin/../lib/gcc/arm-none-eabi/10.2.1/../../../../arm-none-eabi/lib/thumb/v6-m/nofp\libg.a(lib_a-sbrkr.o)
                0x10004b14                _sbrk_r
 .text.sscanf   0x10004b38       0x50 c:/progra~2/gnu arm embedded toolchain/10 2020-q4-major/bin/../lib/gcc/arm-none-eabi/10.2.1/../../../../arm-none-eabi/lib/thumb/v6-m/nofp\libg.a(lib_a-sscanf.o)
                0x10004b38                sscanf
 .text.__seofread
                0x10004b88        0x4 c:/progra~2/gnu arm embedded toolchain/10 2020-q4-major/bin/../lib/gcc/arm-none-eabi/10.2.1/../../../../arm-none-eabi/lib/thumb/v6-m/nofp\libg.a(lib_a-stdio.o)
                0x10004b88                __seofread
 .text.strlen   0x10004b8c       0x5c c:/progra~2/gnu arm embedded toolchain/10 2020-q4-major/bin/../lib/gcc/arm-none-eabi/10.2.1/../../../../arm-none-eabi/lib/thumb/v6-m/nofp\libg.a(lib_a-strlen-stub.o)
                0x10004b8c                strlen
 .text.__ssvfscanf_r
                0x10004be8     0x1748 c:/progra~2/gnu arm embedded toolchain/10 2020-q4-major/bin/../lib/gcc/arm-none-eabi/10.2.1/../../../../arm-none-eabi/lib/thumb/v6-m/nofp\libg.a(lib_a-svfscanf.o)
                0x10004be8                __ssvfscanf_r
 .text._malloc_trim_r
                0x10006330       0x9c c:/progra~2/gnu arm embedded toolchain/10 2020-q4-major/bin/../lib/gcc/arm-none-eabi/10.2.1/../../../../arm-none-eabi/lib/thumb/v6-m/nofp\libg.a(lib_a-freer.o)
                0x10006330                _malloc_trim_r
 .text._free_r  0x100063cc      0x1c4 c:/progra~2/gnu arm embedded toolchain/10 2020-q4-major/bin/../lib/gcc/arm-none-eabi/10.2.1/../../../../arm-none-eabi/lib/thumb/v6-m/nofp\libg.a(lib_a-freer.o)
                0x100063cc                _free_r
 .text.iswspace
                0x10006590        0xc c:/progra~2/gnu arm embedded toolchain/10 2020-q4-major/bin/../lib/gcc/arm-none-eabi/10.2.1/../../../../arm-none-eabi/lib/thumb/v6-m/nofp\libg.a(lib_a-iswspace.o)
                0x10006590                iswspace
 .text.iswspace_l
                0x1000659c       0x18 c:/progra~2/gnu arm embedded toolchain/10 2020-q4-major/bin/../lib/gcc/arm-none-eabi/10.2.1/../../../../arm-none-eabi/lib/thumb/v6-m/nofp\libg.a(lib_a-iswspace_l.o)
                0x1000659c                iswspace_l
 .text.__locale_mb_cur_max
                0x100065b4       0x10 c:/progra~2/gnu arm embedded toolchain/10 2020-q4-major/bin/../lib/gcc/arm-none-eabi/10.2.1/../../../../arm-none-eabi/lib/thumb/v6-m/nofp\libg.a(lib_a-locale.o)
                0x100065b4                __locale_mb_cur_max
 .text._localeconv_r
                0x100065c4        0x8 c:/progra~2/gnu arm embedded toolchain/10 2020-q4-major/bin/../lib/gcc/arm-none-eabi/10.2.1/../../../../arm-none-eabi/lib/thumb/v6-m/nofp\libg.a(lib_a-localeconv.o)
                0x100065c4                _localeconv_r
 .text.__retarget_lock_acquire_recursive
                0x100065cc        0x4 c:/progra~2/gnu arm embedded toolchain/10 2020-q4-major/bin/../lib/gcc/arm-none-eabi/10.2.1/../../../../arm-none-eabi/lib/thumb/v6-m/nofp\libg.a(lib_a-lock.o)
                0x100065cc                __retarget_lock_acquire_recursive
 .text.__retarget_lock_release_recursive
                0x100065d0        0x4 c:/progra~2/gnu arm embedded toolchain/10 2020-q4-major/bin/../lib/gcc/arm-none-eabi/10.2.1/../../../../arm-none-eabi/lib/thumb/v6-m/nofp\libg.a(lib_a-lock.o)
                0x100065d0                __retarget_lock_release_recursive
 .text._mbrtowc_r
                0x100065d4       0x4c c:/progra~2/gnu arm embedded toolchain/10 2020-q4-major/bin/../lib/gcc/arm-none-eabi/10.2.1/../../../../arm-none-eabi/lib/thumb/v6-m/nofp\libg.a(lib_a-mbrtowc.o)
                0x100065d4                _mbrtowc_r
 .text.__ascii_mbtowc
                0x10006620       0x2c c:/progra~2/gnu arm embedded toolchain/10 2020-q4-major/bin/../lib/gcc/arm-none-eabi/10.2.1/../../../../arm-none-eabi/lib/thumb/v6-m/nofp\libg.a(lib_a-mbtowc_r.o)
                0x10006620                __ascii_mbtowc
 .text.realloc  0x1000664c       0x18 c:/progra~2/gnu arm embedded toolchain/10 2020-q4-major/bin/../lib/gcc/arm-none-eabi/10.2.1/../../../../arm-none-eabi/lib/thumb/v6-m/nofp\libg.a(lib_a-realloc.o)
                0x1000664c                realloc
 .text._realloc_r
                0x10006664      0x358 c:/progra~2/gnu arm embedded toolchain/10 2020-q4-major/bin/../lib/gcc/arm-none-eabi/10.2.1/../../../../arm-none-eabi/lib/thumb/v6-m/nofp\libg.a(lib_a-reallocr.o)
                0x10006664                _realloc_r
 .text.__sccl   0x100069bc       0x80 c:/progra~2/gnu arm embedded toolchain/10 2020-q4-major/bin/../lib/gcc/arm-none-eabi/10.2.1/../../../../arm-none-eabi/lib/thumb/v6-m/nofp\libg.a(lib_a-sccl.o)
                0x100069bc                __sccl
 .text.nanf     0x10006a3c        0x8 c:/progra~2/gnu arm embedded toolchain/10 2020-q4-major/bin/../lib/gcc/arm-none-eabi/10.2.1/../../../../arm-none-eabi/lib/thumb/v6-m/nofp\libg.a(lib_a-sf_nan.o)
                0x10006a3c                nanf
 .text._strtod_l
                0x10006a44      0xf78 c:/progra~2/gnu arm embedded toolchain/10 2020-q4-major/bin/../lib/gcc/arm-none-eabi/10.2.1/../../../../arm-none-eabi/lib/thumb/v6-m/nofp\libg.a(lib_a-strtod.o)
                0x10006a44                _strtod_l
 .text._strtod_r
                0x100079bc       0x10 c:/progra~2/gnu arm embedded toolchain/10 2020-q4-major/bin/../lib/gcc/arm-none-eabi/10.2.1/../../../../arm-none-eabi/lib/thumb/v6-m/nofp\libg.a(lib_a-strtod.o)
                0x100079bc                _strtod_r
 .text._strtol_l.part.0
                0x100079cc      0x144 c:/progra~2/gnu arm embedded toolchain/10 2020-q4-major/bin/../lib/gcc/arm-none-eabi/10.2.1/../../../../arm-none-eabi/lib/thumb/v6-m/nofp\libg.a(lib_a-strtol.o)
 .text._strtol_r
                0x10007b10       0x1c c:/progra~2/gnu arm embedded toolchain/10 2020-q4-major/bin/../lib/gcc/arm-none-eabi/10.2.1/../../../../arm-none-eabi/lib/thumb/v6-m/nofp\libg.a(lib_a-strtol.o)
                0x10007b10                _strtol_r
 .text._strtoll_l.constprop.0
                0x10007b2c      0x198 c:/progra~2/gnu arm embedded toolchain/10 2020-q4-major/bin/../lib/gcc/arm-none-eabi/10.2.1/../../../../arm-none-eabi/lib/thumb/v6-m/nofp\libg.a(lib_a-strtoll.o)
 .text._strtoll_r
                0x10007cc4        0x8 c:/progra~2/gnu arm embedded toolchain/10 2020-q4-major/bin/../lib/gcc/arm-none-eabi/10.2.1/../../../../arm-none-eabi/lib/thumb/v6-m/nofp\libg.a(lib_a-strtoll.o)
                0x10007cc4                _strtoll_r
 .text._strtoul_l.constprop.0
                0x10007ccc      0x148 c:/progra~2/gnu arm embedded toolchain/10 2020-q4-major/bin/../lib/gcc/arm-none-eabi/10.2.1/../../../../arm-none-eabi/lib/thumb/v6-m/nofp\libg.a(lib_a-strtoul.o)
 .text._strtoul_r
                0x10007e14        0x8 c:/progra~2/gnu arm embedded toolchain/10 2020-q4-major/bin/../lib/gcc/arm-none-eabi/10.2.1/../../../../arm-none-eabi/lib/thumb/v6-m/nofp\libg.a(lib_a-strtoul.o)
                0x10007e14                _strtoul_r
 .text._strtoull_l.constprop.0
                0x10007e1c      0x1bc c:/progra~2/gnu arm embedded toolchain/10 2020-q4-major/bin/../lib/gcc/arm-none-eabi/10.2.1/../../../../arm-none-eabi/lib/thumb/v6-m/nofp\libg.a(lib_a-strtoull.o)
 .text._strtoull_r
                0x10007fd8        0x8 c:/progra~2/gnu arm embedded toolchain/10 2020-q4-major/bin/../lib/gcc/arm-none-eabi/10.2.1/../../../../arm-none-eabi/lib/thumb/v6-m/nofp\libg.a(lib_a-strtoull.o)
                0x10007fd8                _strtoull_r
 .text._sungetc_r
                0x10007fe0       0x84 c:/progra~2/gnu arm embedded toolchain/10 2020-q4-major/bin/../lib/gcc/arm-none-eabi/10.2.1/../../../../arm-none-eabi/lib/thumb/v6-m/nofp\libg.a(lib_a-svfiscanf.o)
                0x10007fe0                _sungetc_r
 .text.__ssrefill_r
                0x10008064       0x40 c:/progra~2/gnu arm embedded toolchain/10 2020-q4-major/bin/../lib/gcc/arm-none-eabi/10.2.1/../../../../arm-none-eabi/lib/thumb/v6-m/nofp\libg.a(lib_a-svfiscanf.o)
                0x10008064                __ssrefill_r
 .text._sfread_r
                0x100080a4       0xc4 c:/progra~2/gnu arm embedded toolchain/10 2020-q4-major/bin/../lib/gcc/arm-none-eabi/10.2.1/../../../../arm-none-eabi/lib/thumb/v6-m/nofp\libg.a(lib_a-svfiscanf.o)
                0x100080a4                _sfread_r
 .text.__submore
                0x10008168       0x84 c:/progra~2/gnu arm embedded toolchain/10 2020-q4-major/bin/../lib/gcc/arm-none-eabi/10.2.1/../../../../arm-none-eabi/lib/thumb/v6-m/nofp\libg.a(lib_a-ungetc.o)
                0x10008168                __submore
 .text.__ascii_wctomb
                0x100081ec       0x1c c:/progra~2/gnu arm embedded toolchain/10 2020-q4-major/bin/../lib/gcc/arm-none-eabi/10.2.1/../../../../arm-none-eabi/lib/thumb/v6-m/nofp\libg.a(lib_a-wctomb_r.o)
                0x100081ec                __ascii_wctomb
 .text.__errno  0x10008208        0xc c:/progra~2/gnu arm embedded toolchain/10 2020-q4-major/bin/../lib/gcc/arm-none-eabi/10.2.1/../../../../arm-none-eabi/lib/thumb/v6-m/nofp\libg.a(lib_a-errno.o)
                0x10008208                __errno
 .text.rshift   0x10008214       0xa4 c:/progra~2/gnu arm embedded toolchain/10 2020-q4-major/bin/../lib/gcc/arm-none-eabi/10.2.1/../../../../arm-none-eabi/lib/thumb/v6-m/nofp\libg.a(lib_a-gdtoa-gethex.o)
 .text.__gethex
                0x100082b8      0x5cc c:/progra~2/gnu arm embedded toolchain/10 2020-q4-major/bin/../lib/gcc/arm-none-eabi/10.2.1/../../../../arm-none-eabi/lib/thumb/v6-m/nofp\libg.a(lib_a-gdtoa-gethex.o)
                0x100082b8                __gethex
 .text.__match  0x10008884       0x2c c:/progra~2/gnu arm embedded toolchain/10 2020-q4-major/bin/../lib/gcc/arm-none-eabi/10.2.1/../../../../arm-none-eabi/lib/thumb/v6-m/nofp\libg.a(lib_a-gdtoa-hexnan.o)
                0x10008884                __match
 .text.__hexnan
                0x100088b0      0x1d0 c:/progra~2/gnu arm embedded toolchain/10 2020-q4-major/bin/../lib/gcc/arm-none-eabi/10.2.1/../../../../arm-none-eabi/lib/thumb/v6-m/nofp\libg.a(lib_a-gdtoa-hexnan.o)
                0x100088b0                __hexnan
 .text.memmove  0x10008a80       0xac c:/progra~2/gnu arm embedded toolchain/10 2020-q4-major/bin/../lib/gcc/arm-none-eabi/10.2.1/../../../../arm-none-eabi/lib/thumb/v6-m/nofp\libg.a(lib_a-memmove.o)
                0x10008a80                memmove
 .text._Balloc  0x10008b2c       0x50 c:/progra~2/gnu arm embedded toolchain/10 2020-q4-major/bin/../lib/gcc/arm-none-eabi/10.2.1/../../../../arm-none-eabi/lib/thumb/v6-m/nofp\libg.a(lib_a-mprec.o)
                0x10008b2c                _Balloc
 .text._Bfree   0x10008b7c       0x14 c:/progra~2/gnu arm embedded toolchain/10 2020-q4-major/bin/../lib/gcc/arm-none-eabi/10.2.1/../../../../arm-none-eabi/lib/thumb/v6-m/nofp\libg.a(lib_a-mprec.o)
                0x10008b7c                _Bfree
 .text.__multadd
                0x10008b90       0xa8 c:/progra~2/gnu arm embedded toolchain/10 2020-q4-major/bin/../lib/gcc/arm-none-eabi/10.2.1/../../../../arm-none-eabi/lib/thumb/v6-m/nofp\libg.a(lib_a-mprec.o)
                0x10008b90                __multadd
 .text.__s2b    0x10008c38       0xb0 c:/progra~2/gnu arm embedded toolchain/10 2020-q4-major/bin/../lib/gcc/arm-none-eabi/10.2.1/../../../../arm-none-eabi/lib/thumb/v6-m/nofp\libg.a(lib_a-mprec.o)
                0x10008c38                __s2b
 .text.__hi0bits
                0x10008ce8       0x38 c:/progra~2/gnu arm embedded toolchain/10 2020-q4-major/bin/../lib/gcc/arm-none-eabi/10.2.1/../../../../arm-none-eabi/lib/thumb/v6-m/nofp\libg.a(lib_a-mprec.o)
                0x10008ce8                __hi0bits
 .text.__lo0bits
                0x10008d20       0x5c c:/progra~2/gnu arm embedded toolchain/10 2020-q4-major/bin/../lib/gcc/arm-none-eabi/10.2.1/../../../../arm-none-eabi/lib/thumb/v6-m/nofp\libg.a(lib_a-mprec.o)
                0x10008d20                __lo0bits
 .text.__i2b    0x10008d7c       0x60 c:/progra~2/gnu arm embedded toolchain/10 2020-q4-major/bin/../lib/gcc/arm-none-eabi/10.2.1/../../../../arm-none-eabi/lib/thumb/v6-m/nofp\libg.a(lib_a-mprec.o)
                0x10008d7c                __i2b
 .text.__multiply
                0x10008ddc      0x1a4 c:/progra~2/gnu arm embedded toolchain/10 2020-q4-major/bin/../lib/gcc/arm-none-eabi/10.2.1/../../../../arm-none-eabi/lib/thumb/v6-m/nofp\libg.a(lib_a-mprec.o)
                0x10008ddc                __multiply
 .text.__pow5mult
                0x10008f80       0xd8 c:/progra~2/gnu arm embedded toolchain/10 2020-q4-major/bin/../lib/gcc/arm-none-eabi/10.2.1/../../../../arm-none-eabi/lib/thumb/v6-m/nofp\libg.a(lib_a-mprec.o)
                0x10008f80                __pow5mult
 .text.__lshift
                0x10009058       0xfc c:/progra~2/gnu arm embedded toolchain/10 2020-q4-major/bin/../lib/gcc/arm-none-eabi/10.2.1/../../../../arm-none-eabi/lib/thumb/v6-m/nofp\libg.a(lib_a-mprec.o)
                0x10009058                __lshift
 .text.__mcmp   0x10009154       0x34 c:/progra~2/gnu arm embedded toolchain/10 2020-q4-major/bin/../lib/gcc/arm-none-eabi/10.2.1/../../../../arm-none-eabi/lib/thumb/v6-m/nofp\libg.a(lib_a-mprec.o)
                0x10009154                __mcmp
 .text.__mdiff  0x10009188      0x18c c:/progra~2/gnu arm embedded toolchain/10 2020-q4-major/bin/../lib/gcc/arm-none-eabi/10.2.1/../../../../arm-none-eabi/lib/thumb/v6-m/nofp\libg.a(lib_a-mprec.o)
                0x10009188                __mdiff
 .text.__ulp    0x10009314       0x48 c:/progra~2/gnu arm embedded toolchain/10 2020-q4-major/bin/../lib/gcc/arm-none-eabi/10.2.1/../../../../arm-none-eabi/lib/thumb/v6-m/nofp\libg.a(lib_a-mprec.o)
                0x10009314                __ulp
 .text.__b2d    0x1000935c       0xc8 c:/progra~2/gnu arm embedded toolchain/10 2020-q4-major/bin/../lib/gcc/arm-none-eabi/10.2.1/../../../../arm-none-eabi/lib/thumb/v6-m/nofp\libg.a(lib_a-mprec.o)
                0x1000935c                __b2d
 .text.__d2b    0x10009424       0xd8 c:/progra~2/gnu arm embedded toolchain/10 2020-q4-major/bin/../lib/gcc/arm-none-eabi/10.2.1/../../../../arm-none-eabi/lib/thumb/v6-m/nofp\libg.a(lib_a-mprec.o)
                0x10009424                __d2b
 .text.__ratio  0x100094fc       0x68 c:/progra~2/gnu arm embedded toolchain/10 2020-q4-major/bin/../lib/gcc/arm-none-eabi/10.2.1/../../../../arm-none-eabi/lib/thumb/v6-m/nofp\libg.a(lib_a-mprec.o)
                0x100094fc                __ratio
 .text.__copybits
                0x10009564       0x40 c:/progra~2/gnu arm embedded toolchain/10 2020-q4-major/bin/../lib/gcc/arm-none-eabi/10.2.1/../../../../arm-none-eabi/lib/thumb/v6-m/nofp\libg.a(lib_a-mprec.o)
                0x10009564                __copybits
 .text.__any_on
                0x100095a4       0x50 c:/progra~2/gnu arm embedded toolchain/10 2020-q4-major/bin/../lib/gcc/arm-none-eabi/10.2.1/../../../../arm-none-eabi/lib/thumb/v6-m/nofp\libg.a(lib_a-mprec.o)
                0x100095a4                __any_on
 .text.nan      0x100095f4        0xc c:/progra~2/gnu arm embedded toolchain/10 2020-q4-major/bin/../lib/gcc/arm-none-eabi/10.2.1/../../../../arm-none-eabi/lib/thumb/v6-m/nofp\libg.a(lib_a-s_nan.o)
                0x100095f4                nan
 .text.strncmp  0x10009600       0x74 c:/progra~2/gnu arm embedded toolchain/10 2020-q4-major/bin/../lib/gcc/arm-none-eabi/10.2.1/../../../../arm-none-eabi/lib/thumb/v6-m/nofp\libg.a(lib_a-strncmp.o)
                0x10009600                strncmp
 *(.fini)
 .fini          0x10009674        0x4 c:/progra~2/gnu arm embedded toolchain/10 2020-q4-major/bin/../lib/gcc/arm-none-eabi/10.2.1/thumb/v6-m/nofp/crti.o
                0x10009674                _fini
 .fini.__stub   0x10009678       0x50 linker stubs
 *crtbegin.o(.ctors)
 *crtbegin?.o(.ctors)
 *(EXCLUDE_FILE(*crtend.o *crtend?.o) .ctors)
 *(SORT_BY_NAME(.ctors.*))
 *(.ctors)
 *crtbegin.o(.dtors)
 *crtbegin?.o(.dtors)
 *(EXCLUDE_FILE(*crtend.o *crtend?.o) .dtors)
 *(SORT_BY_NAME(.dtors.*))
 *(.dtors)
 *(.eh_frame*)
 .eh_frame      0x100096c8        0x0 c:/progra~2/gnu arm embedded toolchain/10 2020-q4-major/bin/../lib/gcc/arm-none-eabi/10.2.1/thumb/v6-m/nofp/crtbegin.o
                0x100096c8                . = ALIGN (0x4)

.glue_7         0x100096c8        0x0
 .glue_7        0x100096c8        0x0 linker stubs

.glue_7t        0x100096c8        0x0
 .glue_7t       0x100096c8        0x0 linker stubs

.vfp11_veneer   0x100096c8        0x0
 .vfp11_veneer  0x100096c8        0x0 linker stubs

.v4_bx          0x100096c8        0x0
 .v4_bx         0x100096c8        0x0 linker stubs

.iplt           0x100096c8        0x0
 .iplt          0x100096c8        0x0 c:/progra~2/gnu arm embedded toolchain/10 2020-q4-major/bin/../lib/gcc/arm-none-eabi/10.2.1/thumb/v6-m/nofp/crtbegin.o

.rodata         0x100096c8     0x16ac
 *(EXCLUDE_FILE(*libm.a: *libc.a:*lib_a-mem*.o *libgcc.a:) .rodata*)
 .rodata.main.str1.4
                0x100096c8       0x33 CMakeFiles\code.dir\main.c.obj
 *fill*         0x100096fb        0x1 
 .rodata.repeating_timer_callback.str1.4
                0x100096fc       0x41 CMakeFiles\code.dir\C_\pico\pico-sdk\src\common\pico_time\time.c.obj
 *fill*         0x1000973d        0x3 
 .rodata.alarm_pool_dump_key.str1.4
                0x10009740       0x33 CMakeFiles\code.dir\C_\pico\pico-sdk\src\common\pico_time\time.c.obj
 *fill*         0x10009773        0x1 
 .rodata.ph_add_child_node.str1.4
                0x10009774       0x8a CMakeFiles\code.dir\C_\pico\pico-sdk\src\common\pico_time\time.c.obj
 *fill*         0x100097fe        0x2 
 .rodata.add_alarm_under_lock.str1.4
                0x10009800       0x28 CMakeFiles\code.dir\C_\pico\pico-sdk\src\common\pico_time\time.c.obj
                                 0x2b (size before relaxing)
 .rodata.alarm_pool_alarm_callback.str1.4
                0x10009828       0xda CMakeFiles\code.dir\C_\pico\pico-sdk\src\common\pico_time\time.c.obj
 *fill*         0x10009902        0x2 
 .rodata.__func__.10
                0x10009904       0x15 CMakeFiles\code.dir\C_\pico\pico-sdk\src\common\pico_time\time.c.obj
 *fill*         0x10009919        0x3 
 .rodata.__func__.11
                0x1000991c       0x1a CMakeFiles\code.dir\C_\pico\pico-sdk\src\common\pico_time\time.c.obj
 *fill*         0x10009936        0x2 
 .rodata.__func__.12
                0x10009938        0xa CMakeFiles\code.dir\C_\pico\pico-sdk\src\common\pico_time\time.c.obj
 *fill*         0x10009942        0x2 
 .rodata.__func__.4
                0x10009944       0x12 CMakeFiles\code.dir\C_\pico\pico-sdk\src\common\pico_time\time.c.obj
 *fill*         0x10009956        0x2 
 .rodata.__func__.5
                0x10009958        0xd CMakeFiles\code.dir\C_\pico\pico-sdk\src\common\pico_time\time.c.obj
 *fill*         0x10009965        0x3 
 .rodata.__func__.6
                0x10009968       0x12 CMakeFiles\code.dir\C_\pico\pico-sdk\src\common\pico_time\time.c.obj
 *fill*         0x1000997a        0x2 
 .rodata.__func__.7
                0x1000997c        0xf CMakeFiles\code.dir\C_\pico\pico-sdk\src\common\pico_time\time.c.obj
 *fill*         0x1000998b        0x1 
 .rodata.__func__.8
                0x1000998c        0xc CMakeFiles\code.dir\C_\pico\pico-sdk\src\common\pico_time\time.c.obj
 .rodata.__func__.9
                0x10009998       0x15 CMakeFiles\code.dir\C_\pico\pico-sdk\src\common\pico_time\time.c.obj
 *fill*         0x100099ad        0x3 
 .rodata.hardware_alarm_claim.str1.4
                0x100099b0       0x22 CMakeFiles\code.dir\C_\pico\pico-sdk\src\rp2_common\hardware_timer\timer.c.obj
 *fill*         0x100099d2        0x2 
 .rodata.hardware_alarm_set_target.str1.4
                0x100099d4       0x5b CMakeFiles\code.dir\C_\pico\pico-sdk\src\rp2_common\hardware_timer\timer.c.obj
 *fill*         0x10009a2f        0x1 
 .rodata.__func__.0
                0x10009a30       0x1a CMakeFiles\code.dir\C_\pico\pico-sdk\src\rp2_common\hardware_timer\timer.c.obj
 *fill*         0x10009a4a        0x2 
 .rodata.str1.4
                0x10009a4c       0xa9 CMakeFiles\code.dir\C_\pico\pico-sdk\src\common\pico_sync\mutex.c.obj
                                0x101 (size before relaxing)
 *fill*         0x10009af5        0x3 
 .rodata.__func__.0
                0x10009af8        0xb CMakeFiles\code.dir\C_\pico\pico-sdk\src\common\pico_sync\mutex.c.obj
 *fill*         0x10009b03        0x1 
 .rodata.__func__.3
                0x10009b04       0x15 CMakeFiles\code.dir\C_\pico\pico-sdk\src\common\pico_sync\mutex.c.obj
 .rodata.ph_add_child_node.str1.4
                0x10009b19       0x8a CMakeFiles\code.dir\C_\pico\pico-sdk\src\common\pico_util\pheap.c.obj
 *fill*         0x10009b19        0x3 
 .rodata.ph_remove_any_head.str1.4
                0x10009b1c       0x84 CMakeFiles\code.dir\C_\pico\pico-sdk\src\common\pico_util\pheap.c.obj
 .rodata.ph_remove_and_free_node.str1.4
                0x10009ba0       0x26 CMakeFiles\code.dir\C_\pico\pico-sdk\src\common\pico_util\pheap.c.obj
 *fill*         0x10009bc6        0x2 
 .rodata.__func__.0
                0x10009bc8       0x18 CMakeFiles\code.dir\C_\pico\pico-sdk\src\common\pico_util\pheap.c.obj
 .rodata.__func__.1
                0x10009be0       0x13 CMakeFiles\code.dir\C_\pico\pico-sdk\src\common\pico_util\pheap.c.obj
 *fill*         0x10009bf3        0x1 
 .rodata.__func__.2
                0x10009bf4       0x12 CMakeFiles\code.dir\C_\pico\pico-sdk\src\common\pico_util\pheap.c.obj
 *fill*         0x10009c06        0x2 
 .rodata.__func__.3
                0x10009c08        0xc CMakeFiles\code.dir\C_\pico\pico-sdk\src\common\pico_util\pheap.c.obj
 .rodata.__assert_func.str1.4
                0x10009c14       0x3f CMakeFiles\code.dir\C_\pico\pico-sdk\src\rp2_common\pico_runtime\runtime.c.obj
                                 0x43 (size before relaxing)
 *fill*         0x10009c53        0x1 
 .rodata.panic.str1.4
                0x10009c54       0x12 CMakeFiles\code.dir\C_\pico\pico-sdk\src\rp2_common\pico_runtime\runtime.c.obj
 *fill*         0x10009c66        0x2 
 .rodata.clock_configure.str1.4
                0x10009c68       0x4d CMakeFiles\code.dir\C_\pico\pico-sdk\src\rp2_common\hardware_clocks\clocks.c.obj
 *fill*         0x10009cb5        0x3 
 .rodata.__func__.1
                0x10009cb8       0x10 CMakeFiles\code.dir\C_\pico\pico-sdk\src\rp2_common\hardware_clocks\clocks.c.obj
 .rodata.make_branch.str1.4
                0x10009cc8       0x43 CMakeFiles\code.dir\C_\pico\pico-sdk\src\rp2_common\hardware_irq\irq.c.obj
 *fill*         0x10009d0b        0x1 
 .rodata.irq_set_exclusive_handler.str1.4
                0x10009d0c       0x36 CMakeFiles\code.dir\C_\pico\pico-sdk\src\rp2_common\hardware_irq\irq.c.obj
 *fill*         0x10009d42        0x2 
 .rodata.irq_add_shared_handler.str1.4
                0x10009d44       0xd9 CMakeFiles\code.dir\C_\pico\pico-sdk\src\rp2_common\hardware_irq\irq.c.obj
 *fill*         0x10009e1d        0x3 
 .rodata.irq_remove_handler.str1.4
                0x10009e20       0x2a CMakeFiles\code.dir\C_\pico\pico-sdk\src\rp2_common\hardware_irq\irq.c.obj
 *fill*         0x10009e4a        0x2 
 .rodata.irq_add_tail_to_free_list.str1.4
                0x10009e4c       0x32 CMakeFiles\code.dir\C_\pico\pico-sdk\src\rp2_common\hardware_irq\irq.c.obj
                                 0x3a (size before relaxing)
 *fill*         0x10009e7e        0x2 
 .rodata.__func__.0
                0x10009e80       0x1a CMakeFiles\code.dir\C_\pico\pico-sdk\src\rp2_common\hardware_irq\irq.c.obj
 *fill*         0x10009e9a        0x2 
 .rodata.__func__.1
                0x10009e9c       0x17 CMakeFiles\code.dir\C_\pico\pico-sdk\src\rp2_common\hardware_irq\irq.c.obj
 *fill*         0x10009eb3        0x1 
 .rodata.__func__.2
                0x10009eb4       0x13 CMakeFiles\code.dir\C_\pico\pico-sdk\src\rp2_common\hardware_irq\irq.c.obj
 *fill*         0x10009ec7        0x1 
 .rodata.__func__.3
                0x10009ec8        0xc CMakeFiles\code.dir\C_\pico\pico-sdk\src\rp2_common\hardware_irq\irq.c.obj
 .rodata.__func__.4
                0x10009ed4        0xf CMakeFiles\code.dir\C_\pico\pico-sdk\src\rp2_common\hardware_irq\irq.c.obj
 *fill*         0x10009ee3        0x1 
 .rodata.__func__.6
                0x10009ee4       0x1a CMakeFiles\code.dir\C_\pico\pico-sdk\src\rp2_common\hardware_irq\irq.c.obj
 *fill*         0x10009efe        0x2 
 .rodata.pll_init.str1.4
                0x10009f00       0xcf CMakeFiles\code.dir\C_\pico\pico-sdk\src\rp2_common\hardware_pll\pll.c.obj
 *fill*         0x10009fcf        0x1 
 .rodata.__func__.0
                0x10009fd0        0x9 CMakeFiles\code.dir\C_\pico\pico-sdk\src\rp2_common\hardware_pll\pll.c.obj
 *fill*         0x10009fd9        0x3 
 .rodata._ftoa.str1.4
                0x10009fdc       0x15 CMakeFiles\code.dir\C_\pico\pico-sdk\src\rp2_common\pico_printf\printf.c.obj
 *fill*         0x10009ff1        0x3 
 .rodata._vsnprintf
                0x10009ff4      0x1e0 CMakeFiles\code.dir\C_\pico\pico-sdk\src\rp2_common\pico_printf\printf.c.obj
 *fill*         0x1000a1d4        0x4 
 .rodata.pow10.0
                0x1000a1d8       0x50 CMakeFiles\code.dir\C_\pico\pico-sdk\src\rp2_common\pico_printf\printf.c.obj
 .rodata.__aeabi_double_init.str1.4
                0x1000a228       0x9e CMakeFiles\code.dir\C_\pico\pico-sdk\src\rp2_common\pico_double\double_init_rom.c.obj
 *fill*         0x1000a2c6        0x2 
 .rodata.__func__.0
                0x1000a2c8       0x14 CMakeFiles\code.dir\C_\pico\pico-sdk\src\rp2_common\pico_double\double_init_rom.c.obj
 .rodata.__aeabi_float_init.str1.4
                0x1000a2dc       0x70 CMakeFiles\code.dir\C_\pico\pico-sdk\src\rp2_common\pico_float\float_init_rom.c.obj
                                 0x74 (size before relaxing)
 .rodata.__func__.0
                0x1000a34c       0x13 CMakeFiles\code.dir\C_\pico\pico-sdk\src\rp2_common\pico_float\float_init_rom.c.obj
 *fill*         0x1000a35f        0x1 
 .rodata.__wrap_malloc.str1.4
                0x1000a360        0xe CMakeFiles\code.dir\C_\pico\pico-sdk\src\rp2_common\pico_malloc\pico_malloc.c.obj
 *fill*         0x1000a36e        0x2 
 .rodata.str1.4
                0x1000a370       0x3c CMakeFiles\code.dir\C_\pico\pico-sdk\src\rp2_common\pico_standard_link\binary_info.c.obj
 .rodata.__bi_44
                0x1000a3ac        0xc CMakeFiles\code.dir\C_\pico\pico-sdk\src\rp2_common\pico_standard_link\binary_info.c.obj
 .rodata.__bi_75
                0x1000a3b8        0xc CMakeFiles\code.dir\C_\pico\pico-sdk\src\rp2_common\pico_standard_link\binary_info.c.obj
 .rodata.__bi_81
                0x1000a3c4        0xc CMakeFiles\code.dir\C_\pico\pico-sdk\src\rp2_common\pico_standard_link\binary_info.c.obj
 .rodata.crlf_str.3
                0x1000a3d0        0x2 CMakeFiles\code.dir\C_\pico\pico-sdk\src\rp2_common\pico_stdio\stdio.c.obj
 *fill*         0x1000a3d2        0x2 
 .rodata.str1.4
                0x1000a3d4       0x2c CMakeFiles\code.dir\C_\pico\pico-sdk\src\rp2_common\pico_stdio_uart\stdio_uart.c.obj
 .rodata.__bi_28.4
                0x1000a400        0xc CMakeFiles\code.dir\C_\pico\pico-sdk\src\rp2_common\pico_stdio_uart\stdio_uart.c.obj
 .rodata.__bi_29.5
                0x1000a40c        0x8 CMakeFiles\code.dir\C_\pico\pico-sdk\src\rp2_common\pico_stdio_uart\stdio_uart.c.obj
 .rodata.__ssvfscanf_r.str1.4
                0x1000a414        0x5 c:/progra~2/gnu arm embedded toolchain/10 2020-q4-major/bin/../lib/gcc/arm-none-eabi/10.2.1/../../../../arm-none-eabi/lib/thumb/v6-m/nofp\libg.a(lib_a-svfscanf.o)
                                  0x9 (size before relaxing)
 *fill*         0x1000a419        0x3 
 .rodata.__ssvfscanf_r
                0x1000a41c      0x3cc c:/progra~2/gnu arm embedded toolchain/10 2020-q4-major/bin/../lib/gcc/arm-none-eabi/10.2.1/../../../../arm-none-eabi/lib/thumb/v6-m/nofp\libg.a(lib_a-svfscanf.o)
 .rodata.basefix.0
                0x1000a7e8       0x22 c:/progra~2/gnu arm embedded toolchain/10 2020-q4-major/bin/../lib/gcc/arm-none-eabi/10.2.1/../../../../arm-none-eabi/lib/thumb/v6-m/nofp\libg.a(lib_a-svfscanf.o)
 *fill*         0x1000a80a        0x2 
 .rodata._ctype_
                0x1000a80c      0x101 c:/progra~2/gnu arm embedded toolchain/10 2020-q4-major/bin/../lib/gcc/arm-none-eabi/10.2.1/../../../../arm-none-eabi/lib/thumb/v6-m/nofp\libg.a(lib_a-ctype_.o)
                0x1000a80c                _ctype_
 *fill*         0x1000a90d        0x3 
 .rodata._setlocale_r.str1.4
                0x1000a910        0xa c:/progra~2/gnu arm embedded toolchain/10 2020-q4-major/bin/../lib/gcc/arm-none-eabi/10.2.1/../../../../arm-none-eabi/lib/thumb/v6-m/nofp\libg.a(lib_a-locale.o)
                                  0xd (size before relaxing)
 *fill*         0x1000a91a        0x2 
 .rodata.str1.4
                0x1000a91c        0x2 c:/progra~2/gnu arm embedded toolchain/10 2020-q4-major/bin/../lib/gcc/arm-none-eabi/10.2.1/../../../../arm-none-eabi/lib/thumb/v6-m/nofp\libg.a(lib_a-locale.o)
 .rodata._mbrtowc_r.str1.4
                0x1000a91e        0x1 c:/progra~2/gnu arm embedded toolchain/10 2020-q4-major/bin/../lib/gcc/arm-none-eabi/10.2.1/../../../../arm-none-eabi/lib/thumb/v6-m/nofp\libg.a(lib_a-mbrtowc.o)
 *fill*         0x1000a91e        0x2 
 .rodata._strtod_l.str1.4
                0x1000a920        0xf c:/progra~2/gnu arm embedded toolchain/10 2020-q4-major/bin/../lib/gcc/arm-none-eabi/10.2.1/../../../../arm-none-eabi/lib/thumb/v6-m/nofp\libg.a(lib_a-strtod.o)
                                 0x11 (size before relaxing)
 *fill*         0x1000a92f        0x1 
 .rodata._strtod_l
                0x1000a930       0xd0 c:/progra~2/gnu arm embedded toolchain/10 2020-q4-major/bin/../lib/gcc/arm-none-eabi/10.2.1/../../../../arm-none-eabi/lib/thumb/v6-m/nofp\libg.a(lib_a-strtod.o)
 .rodata.fpi.1  0x1000aa00       0x14 c:/progra~2/gnu arm embedded toolchain/10 2020-q4-major/bin/../lib/gcc/arm-none-eabi/10.2.1/../../../../arm-none-eabi/lib/thumb/v6-m/nofp\libg.a(lib_a-strtod.o)
 .rodata.fpinan.0
                0x1000aa14       0x14 c:/progra~2/gnu arm embedded toolchain/10 2020-q4-major/bin/../lib/gcc/arm-none-eabi/10.2.1/../../../../arm-none-eabi/lib/thumb/v6-m/nofp\libg.a(lib_a-strtod.o)
 .rodata.tinytens
                0x1000aa28       0x28 c:/progra~2/gnu arm embedded toolchain/10 2020-q4-major/bin/../lib/gcc/arm-none-eabi/10.2.1/../../../../arm-none-eabi/lib/thumb/v6-m/nofp\libg.a(lib_a-strtod.o)
 .rodata.__gethex.str1.4
                0x1000aa50       0x99 c:/progra~2/gnu arm embedded toolchain/10 2020-q4-major/bin/../lib/gcc/arm-none-eabi/10.2.1/../../../../arm-none-eabi/lib/thumb/v6-m/nofp\libg.a(lib_a-gdtoa-gethex.o)
 *fill*         0x1000aae9        0x3 
 .rodata.__hexdig
                0x1000aaec      0x100 c:/progra~2/gnu arm embedded toolchain/10 2020-q4-major/bin/../lib/gcc/arm-none-eabi/10.2.1/../../../../arm-none-eabi/lib/thumb/v6-m/nofp\libg.a(lib_a-gdtoa-gethex.o)
                0x1000aaec                __hexdig
 .rodata.str1.4
                0x1000abec        0x5 c:/progra~2/gnu arm embedded toolchain/10 2020-q4-major/bin/../lib/gcc/arm-none-eabi/10.2.1/../../../../arm-none-eabi/lib/thumb/v6-m/nofp\libg.a(lib_a-lnumeric.o)
 .rodata._C_numeric_locale
                0x1000abec        0xc c:/progra~2/gnu arm embedded toolchain/10 2020-q4-major/bin/../lib/gcc/arm-none-eabi/10.2.1/../../../../arm-none-eabi/lib/thumb/v6-m/nofp\libg.a(lib_a-lnumeric.o)
                0x1000abec                _C_numeric_locale
 .rodata.__multadd.str1.4
                0x1000abf8       0x7e c:/progra~2/gnu arm embedded toolchain/10 2020-q4-major/bin/../lib/gcc/arm-none-eabi/10.2.1/../../../../arm-none-eabi/lib/thumb/v6-m/nofp\libg.a(lib_a-mprec.o)
                                 0x92 (size before relaxing)
 *fill*         0x1000ac76        0x2 
 .rodata.__mprec_bigtens
                0x1000ac78       0x28 c:/progra~2/gnu arm embedded toolchain/10 2020-q4-major/bin/../lib/gcc/arm-none-eabi/10.2.1/../../../../arm-none-eabi/lib/thumb/v6-m/nofp\libg.a(lib_a-mprec.o)
                0x1000ac78                __mprec_bigtens
 .rodata.__mprec_tens
                0x1000aca0       0xc8 c:/progra~2/gnu arm embedded toolchain/10 2020-q4-major/bin/../lib/gcc/arm-none-eabi/10.2.1/../../../../arm-none-eabi/lib/thumb/v6-m/nofp\libg.a(lib_a-mprec.o)
                0x1000aca0                __mprec_tens
 .rodata.p05.0  0x1000ad68        0xc c:/progra~2/gnu arm embedded toolchain/10 2020-q4-major/bin/../lib/gcc/arm-none-eabi/10.2.1/../../../../arm-none-eabi/lib/thumb/v6-m/nofp\libg.a(lib_a-mprec.o)
                0x1000ad74                . = ALIGN (0x4)
 *(SORT_BY_ALIGNMENT(SORT_BY_NAME(.flashdata*)))
                0x1000ad74                . = ALIGN (0x4)

.rel.dyn        0x1000ad74        0x0
 .rel.iplt      0x1000ad74        0x0 c:/progra~2/gnu arm embedded toolchain/10 2020-q4-major/bin/../lib/gcc/arm-none-eabi/10.2.1/thumb/v6-m/nofp/crtbegin.o

.ARM.extab
 *(.ARM.extab* .gnu.linkonce.armextab.*)
                0x1000ad74                __exidx_start = .

.ARM.exidx
 *(.ARM.exidx* .gnu.linkonce.armexidx.*)
                0x1000ad74                __exidx_end = .
                0x1000ad74                . = ALIGN (0x4)
                0x1000ad74                __binary_info_start = .

.binary_info    0x1000ad74       0x24
 *(.binary_info.keep.*)
 .binary_info.keep.__bi_ptr22
                0x1000ad74        0x4 CMakeFiles\code.dir\C_\pico\pico-sdk\src\rp2_common\pico_standard_link\binary_info.c.obj
 .binary_info.keep.__bi_ptr30
                0x1000ad78        0x4 CMakeFiles\code.dir\C_\pico\pico-sdk\src\rp2_common\pico_standard_link\binary_info.c.obj
 .binary_info.keep.__bi_ptr38
                0x1000ad7c        0x4 CMakeFiles\code.dir\C_\pico\pico-sdk\src\rp2_common\pico_standard_link\binary_info.c.obj
 .binary_info.keep.__bi_ptr44
                0x1000ad80        0x4 CMakeFiles\code.dir\C_\pico\pico-sdk\src\rp2_common\pico_standard_link\binary_info.c.obj
 .binary_info.keep.__bi_ptr50
                0x1000ad84        0x4 CMakeFiles\code.dir\C_\pico\pico-sdk\src\rp2_common\pico_standard_link\binary_info.c.obj
 .binary_info.keep.__bi_ptr75
                0x1000ad88        0x4 CMakeFiles\code.dir\C_\pico\pico-sdk\src\rp2_common\pico_standard_link\binary_info.c.obj
 .binary_info.keep.__bi_ptr81
                0x1000ad8c        0x4 CMakeFiles\code.dir\C_\pico\pico-sdk\src\rp2_common\pico_standard_link\binary_info.c.obj
 *(.binary_info.*)
 .binary_info.__bi_ptr28
                0x1000ad90        0x4 CMakeFiles\code.dir\C_\pico\pico-sdk\src\rp2_common\pico_stdio_uart\stdio_uart.c.obj
 .binary_info.__bi_ptr29
                0x1000ad94        0x4 CMakeFiles\code.dir\C_\pico\pico-sdk\src\rp2_common\pico_stdio_uart\stdio_uart.c.obj
                0x1000ad98                __binary_info_end = .
                0x1000ad98                . = ALIGN (0x4)
                0x1000ad98                __etext = .

.ram_vector_table
                0x20000000       0xc0
 *(.ram_vector_table)
 .ram_vector_table
                0x20000000       0xc0 CMakeFiles\code.dir\C_\pico\pico-sdk\src\rp2_common\pico_runtime\runtime.c.obj
                0x20000000                ram_vector_table

.data           0x200000c0      0xc0c load address 0x1000ad98
                0x200000c0                __data_start__ = .
 *(vtable)
 *(.time_critical*)
 .time_critical.mutex_enter_blocking
                0x200000c0       0x94 CMakeFiles\code.dir\C_\pico\pico-sdk\src\common\pico_sync\mutex.c.obj
                0x200000c0                mutex_enter_blocking
 .time_critical.mutex_try_enter
                0x20000154       0x5a CMakeFiles\code.dir\C_\pico\pico-sdk\src\common\pico_sync\mutex.c.obj
                0x20000154                mutex_try_enter
 *fill*         0x200001ae        0x2 
 .time_critical.mutex_exit
                0x200001b0       0x94 CMakeFiles\code.dir\C_\pico\pico-sdk\src\common\pico_sync\mutex.c.obj
                0x200001b0                mutex_exit
 *(.text*)
 .text          0x20000244        0x4 c:/progra~2/gnu arm embedded toolchain/10 2020-q4-major/bin/../lib/gcc/arm-none-eabi/10.2.1/thumb/v6-m/nofp\libgcc.a(_dvmd_tls.o)
                0x20000244                __aeabi_idiv0
                0x20000244                __aeabi_ldiv0
 .text.__stub   0x20000248       0x10 linker stubs
                0x20000258                . = ALIGN (0x4)
 *(.rodata*)
                0x20000258                . = ALIGN (0x4)
 *(.data*)
 .data.striped_spin_lock_num
                0x20000258        0x1 CMakeFiles\code.dir\C_\pico\pico-sdk\src\rp2_common\hardware_sync\sync.c.obj
 *fill*         0x20000259        0x3 
 .data.default_alarm_pool
                0x2000025c       0x18 CMakeFiles\code.dir\C_\pico\pico-sdk\src\common\pico_time\time.c.obj
 .data.default_alarm_pool_heap
                0x20000274       0x10 CMakeFiles\code.dir\C_\pico\pico-sdk\src\common\pico_time\time.c.obj
 .data          0x20000284       0x48 CMakeFiles\code.dir\C_\pico\pico-sdk\src\rp2_common\hardware_irq\irq_handler_chain.S.obj
                0x20000284                irq_handler_chain_slots
                0x200002b4                irq_handler_chain_first_slot
                0x200002be                irq_handler_chain_remove_tail
 *fill*         0x200002cc        0x4 
 .data.aeabi_bits_funcs
                0x200002d0       0x10 CMakeFiles\code.dir\C_\pico\pico-sdk\src\rp2_common\pico_bit_ops\bit_ops_aeabi.S.obj
                0x200002d0                aeabi_bits_funcs
                0x200002e0                aeabi_bits_funcs_end
 .data.aeabi_mem_funcs
                0x200002e0       0x10 CMakeFiles\code.dir\C_\pico\pico-sdk\src\rp2_common\pico_mem_ops\mem_ops_aeabi.S.obj
                0x200002e0                aeabi_mem_funcs
                0x200002f0                aeabi_mem_funcs_end
 .data.stdio_uart
                0x200002f0       0x14 CMakeFiles\code.dir\C_\pico\pico-sdk\src\rp2_common\pico_stdio_uart\stdio_uart.c.obj
                0x200002f0                stdio_uart
 .data._impure_ptr
                0x20000304        0x4 c:/progra~2/gnu arm embedded toolchain/10 2020-q4-major/bin/../lib/gcc/arm-none-eabi/10.2.1/../../../../arm-none-eabi/lib/thumb/v6-m/nofp\libg.a(lib_a-impure.o)
                0x20000304                _impure_ptr
 .data.impure_data
                0x20000308      0x428 c:/progra~2/gnu arm embedded toolchain/10 2020-q4-major/bin/../lib/gcc/arm-none-eabi/10.2.1/../../../../arm-none-eabi/lib/thumb/v6-m/nofp\libg.a(lib_a-impure.o)
 .data.__malloc_av_
                0x20000730      0x408 c:/progra~2/gnu arm embedded toolchain/10 2020-q4-major/bin/../lib/gcc/arm-none-eabi/10.2.1/../../../../arm-none-eabi/lib/thumb/v6-m/nofp\libg.a(lib_a-mallocr.o)
                0x20000730                __malloc_av_
 .data.__malloc_sbrk_base
                0x20000b38        0x4 c:/progra~2/gnu arm embedded toolchain/10 2020-q4-major/bin/../lib/gcc/arm-none-eabi/10.2.1/../../../../arm-none-eabi/lib/thumb/v6-m/nofp\libg.a(lib_a-mallocr.o)
                0x20000b38                __malloc_sbrk_base
 .data.__malloc_trim_threshold
                0x20000b3c        0x4 c:/progra~2/gnu arm embedded toolchain/10 2020-q4-major/bin/../lib/gcc/arm-none-eabi/10.2.1/../../../../arm-none-eabi/lib/thumb/v6-m/nofp\libg.a(lib_a-mallocr.o)
                0x20000b3c                __malloc_trim_threshold
 .data.__global_locale
                0x20000b40      0x16c c:/progra~2/gnu arm embedded toolchain/10 2020-q4-major/bin/../lib/gcc/arm-none-eabi/10.2.1/../../../../arm-none-eabi/lib/thumb/v6-m/nofp\libg.a(lib_a-locale.o)
                0x20000b40                __global_locale
 .data.numempty
                0x20000cac        0x2 c:/progra~2/gnu arm embedded toolchain/10 2020-q4-major/bin/../lib/gcc/arm-none-eabi/10.2.1/../../../../arm-none-eabi/lib/thumb/v6-m/nofp\libg.a(lib_a-lnumeric.o)
                0x20000cb0                . = ALIGN (0x4)
 *fill*         0x20000cae        0x2 
 *(.after_data.*)
                0x20000cb0                . = ALIGN (0x4)
                0x20000cb0                PROVIDE (__mutex_array_start = .)
 *(SORT_BY_NAME(.mutex_array.*))
 *(.mutex_array)
 .mutex_array   0x20000cb0        0x8 CMakeFiles\code.dir\C_\pico\pico-sdk\src\rp2_common\pico_stdio\stdio.c.obj
                0x20000cb8                PROVIDE (__mutex_array_end = .)
                0x20000cb8                . = ALIGN (0x4)
                0x20000cb8                PROVIDE (__preinit_array_start = .)
 *(SORT_BY_NAME(.preinit_array.*))
 .preinit_array.00001
                0x20000cb8        0x4 CMakeFiles\code.dir\C_\pico\pico-sdk\src\rp2_common\pico_mem_ops\mem_ops_aeabi.S.obj
 .preinit_array.00010
                0x20000cbc        0x4 CMakeFiles\code.dir\C_\pico\pico-sdk\src\rp2_common\pico_bit_ops\bit_ops_aeabi.S.obj
 .preinit_array.00020
                0x20000cc0        0x4 CMakeFiles\code.dir\C_\pico\pico-sdk\src\rp2_common\pico_double\double_aeabi.S.obj
 .preinit_array.00020
                0x20000cc4        0x4 CMakeFiles\code.dir\C_\pico\pico-sdk\src\rp2_common\pico_float\float_aeabi.S.obj
 *(.preinit_array)
                0x20000cc8                PROVIDE (__preinit_array_end = .)
                0x20000cc8                . = ALIGN (0x4)
                0x20000cc8                PROVIDE (__init_array_start = .)
 *(SORT_BY_NAME(.init_array.*))
 *(.init_array)
 .init_array    0x20000cc8        0x4 c:/progra~2/gnu arm embedded toolchain/10 2020-q4-major/bin/../lib/gcc/arm-none-eabi/10.2.1/thumb/v6-m/nofp/crtbegin.o
                0x20000ccc                PROVIDE (__init_array_end = .)
                0x20000ccc                . = ALIGN (0x4)
                [!provide]                PROVIDE (__fini_array_start = .)
 *(SORT_BY_NAME(.fini_array.*))
 *(.fini_array)
                [!provide]                PROVIDE (__fini_array_end = .)
 *(.jcr)
                0x20000ccc                . = ALIGN (0x4)
                0x20000ccc                __data_end__ = .

.igot.plt       0x20000ccc        0x0 load address 0x1000b9a4
 .igot.plt      0x20000ccc        0x0 c:/progra~2/gnu arm embedded toolchain/10 2020-q4-major/bin/../lib/gcc/arm-none-eabi/10.2.1/thumb/v6-m/nofp/crtbegin.o

.uninitialized_data
                0x20000ccc        0x0 load address 0x1000b9a4
                0x20000ccc                . = ALIGN (0x4)
 *(.uninitialized_data*)

.scratch_x      0x20040000        0x0 load address 0x1000b9a4
                0x20040000                __scratch_x_start__ = .
 *(.scratch_x.*)
                0x20040000                . = ALIGN (0x4)
                0x20040000                __scratch_x_end__ = .
                0x1000b9a4                __scratch_x_source__ = LOADADDR (.scratch_x)

.scratch_y      0x20041000        0x0 load address 0x1000b9a4
                0x20041000                __scratch_y_start__ = .
 *(.scratch_y.*)
                0x20041000                . = ALIGN (0x4)
                0x20041000                __scratch_y_end__ = .
                0x1000b9a4                __scratch_y_source__ = LOADADDR (.scratch_y)

.bss            0x20000cd0      0x47c
                0x20000cd0                . = ALIGN (0x4)
                0x20000cd0                __bss_start__ = .
 *(SORT_BY_ALIGNMENT(SORT_BY_NAME(.bss*)))
 .bss.default_alarm_pool_entries
                0x20000cd0      0x100 CMakeFiles\code.dir\C_\pico\pico-sdk\src\common\pico_time\time.c.obj
 .bss           0x20000dd0       0x1c c:/progra~2/gnu arm embedded toolchain/10 2020-q4-major/bin/../lib/gcc/arm-none-eabi/10.2.1/thumb/v6-m/nofp/crtbegin.o
 .bss.__lock___malloc_recursive_mutex
                0x20000dec        0x1 c:/progra~2/gnu arm embedded toolchain/10 2020-q4-major/bin/../lib/gcc/arm-none-eabi/10.2.1/../../../../arm-none-eabi/lib/thumb/v6-m/nofp\libg.a(lib_a-lock.o)
                0x20000dec                __lock___malloc_recursive_mutex
 *fill*         0x20000ded        0x3 
 .bss.__malloc_current_mallinfo
                0x20000df0       0x28 c:/progra~2/gnu arm embedded toolchain/10 2020-q4-major/bin/../lib/gcc/arm-none-eabi/10.2.1/../../../../arm-none-eabi/lib/thumb/v6-m/nofp\libg.a(lib_a-mallocr.o)
                0x20000df0                __malloc_current_mallinfo
 .bss.__malloc_max_sbrked_mem
                0x20000e18        0x4 c:/progra~2/gnu arm embedded toolchain/10 2020-q4-major/bin/../lib/gcc/arm-none-eabi/10.2.1/../../../../arm-none-eabi/lib/thumb/v6-m/nofp\libg.a(lib_a-mallocr.o)
                0x20000e18                __malloc_max_sbrked_mem
 .bss.__malloc_max_total_mem
                0x20000e1c        0x4 c:/progra~2/gnu arm embedded toolchain/10 2020-q4-major/bin/../lib/gcc/arm-none-eabi/10.2.1/../../../../arm-none-eabi/lib/thumb/v6-m/nofp\libg.a(lib_a-mallocr.o)
                0x20000e1c                __malloc_max_total_mem
 .bss.__malloc_top_pad
                0x20000e20        0x4 c:/progra~2/gnu arm embedded toolchain/10 2020-q4-major/bin/../lib/gcc/arm-none-eabi/10.2.1/../../../../arm-none-eabi/lib/thumb/v6-m/nofp\libg.a(lib_a-mallocr.o)
                0x20000e20                __malloc_top_pad
 .bss.alarm_callbacks
                0x20000e24       0x10 CMakeFiles\code.dir\C_\pico\pico-sdk\src\rp2_common\hardware_timer\timer.c.obj
 .bss.buffer    0x20000e34       0x64 CMakeFiles\code.dir\main.c.obj
                0x20000e34                buffer
 .bss.configured_freq
                0x20000e98       0x28 CMakeFiles\code.dir\C_\pico\pico-sdk\src\rp2_common\hardware_clocks\clocks.c.obj
 .bss.default_alarm_pool_entry_ids_high
                0x20000ec0       0x10 CMakeFiles\code.dir\C_\pico\pico-sdk\src\common\pico_time\time.c.obj
 .bss.default_alarm_pool_heap_nodes
                0x20000ed0       0x30 CMakeFiles\code.dir\C_\pico\pico-sdk\src\common\pico_time\time.c.obj
 .bss.drivers   0x20000f00        0x4 CMakeFiles\code.dir\C_\pico\pico-sdk\src\rp2_common\pico_stdio\stdio.c.obj
 .bss.errno     0x20000f04        0x4 c:/progra~2/gnu arm embedded toolchain/10 2020-q4-major/bin/../lib/gcc/arm-none-eabi/10.2.1/../../../../arm-none-eabi/lib/thumb/v6-m/nofp\libg.a(lib_a-reent.o)
                0x20000f04                errno
 .bss.filter    0x20000f08        0x4 CMakeFiles\code.dir\C_\pico\pico-sdk\src\rp2_common\pico_stdio\stdio.c.obj
 .bss.heap_end.0
                0x20000f0c        0x4 CMakeFiles\code.dir\C_\pico\pico-sdk\src\rp2_common\pico_runtime\runtime.c.obj
 .bss.idx       0x20000f10        0x4 CMakeFiles\code.dir\main.c.obj
                0x20000f10                idx
 .bss.pools     0x20000f14       0x10 CMakeFiles\code.dir\C_\pico\pico-sdk\src\common\pico_time\time.c.obj
 .bss.sd_table  0x20000f24      0x100 CMakeFiles\code.dir\C_\pico\pico-sdk\src\rp2_common\pico_double\double_init_rom.c.obj
                0x20000f24                sd_table
 .bss.sf_clz_func
                0x20001024        0x4 CMakeFiles\code.dir\C_\pico\pico-sdk\src\rp2_common\pico_float\float_init_rom.c.obj
                0x20001024                sf_clz_func
 .bss.sf_table  0x20001028      0x100 CMakeFiles\code.dir\C_\pico\pico-sdk\src\rp2_common\pico_float\float_init_rom.c.obj
                0x20001028                sf_table
 .bss.sleep_notifier
                0x20001128        0x4 CMakeFiles\code.dir\C_\pico\pico-sdk\src\common\pico_time\time.c.obj
 .bss.target_hi
                0x2000112c       0x10 CMakeFiles\code.dir\C_\pico\pico-sdk\src\rp2_common\hardware_timer\timer.c.obj
 .bss.uart_char_to_line_feed
                0x2000113c        0x4 CMakeFiles\code.dir\C_\pico\pico-sdk\src\rp2_common\hardware_uart\uart.c.obj
                0x2000113c                uart_char_to_line_feed
 .bss.uart_instance
                0x20001140        0x4 CMakeFiles\code.dir\C_\pico\pico-sdk\src\rp2_common\pico_stdio_uart\stdio_uart.c.obj
 .bss.claimed   0x20001144        0x1 CMakeFiles\code.dir\C_\pico\pico-sdk\src\rp2_common\hardware_timer\timer.c.obj
 .bss.input_ready
                0x20001145        0x1 CMakeFiles\code.dir\main.c.obj
                0x20001145                input_ready
 .bss.irq_hander_chain_free_slot_head
                0x20001146        0x1 CMakeFiles\code.dir\C_\pico\pico-sdk\src\rp2_common\hardware_irq\irq.c.obj
 .bss.timer_callbacks_pending
                0x20001147        0x1 CMakeFiles\code.dir\C_\pico\pico-sdk\src\rp2_common\hardware_timer\timer.c.obj
 .bss.xdir      0x20001148        0x1 CMakeFiles\code.dir\main.c.obj
                0x20001148                xdir
 .bss.ydir      0x20001149        0x1 CMakeFiles\code.dir\main.c.obj
                0x20001149                ydir
 .bss.zdir      0x2000114a        0x1 CMakeFiles\code.dir\main.c.obj
                0x2000114a                zdir
 *(COMMON)
                0x2000114c                . = ALIGN (0x4)
 *fill*         0x2000114b        0x1 
                0x2000114c                __bss_end__ = .

.heap           0x2000114c      0x800
                0x2000114c                __end__ = .
                0x2000114c                end = __end__
 *(.heap*)
 .heap          0x2000114c      0x800 CMakeFiles\code.dir\C_\pico\pico-sdk\src\rp2_common\pico_standard_link\crt0.S.obj
                0x2000194c                __HeapLimit = .

.stack1_dummy   0x20040000        0x0
 *(.stack1*)

.stack_dummy    0x20041000      0x800
 *(.stack*)
 .stack         0x20041000      0x800 CMakeFiles\code.dir\C_\pico\pico-sdk\src\rp2_common\pico_standard_link\crt0.S.obj

.flash_end      0x1000b9a4        0x0
                0x1000b9a4                __flash_binary_end = .
                0x20040000                __StackLimit = (ORIGIN (RAM) + LENGTH (RAM))
                0x20041000                __StackOneTop = (ORIGIN (SCRATCH_X) + LENGTH (SCRATCH_X))
                0x20042000                __StackTop = (ORIGIN (SCRATCH_Y) + LENGTH (SCRATCH_Y))
                0x20041000                __StackOneBottom = (__StackOneTop - SIZEOF (.stack1_dummy))
                0x20041800                __StackBottom = (__StackTop - SIZEOF (.stack_dummy))
                0x20042000                PROVIDE (__stack = __StackTop)
                0x00000001                ASSERT ((__StackLimit >= __HeapLimit), region RAM overflowed)
                0x00000001                ASSERT (((__binary_info_header_end - __logical_binary_start) <= 0x100), Binary info must be in first 256 bytes of the binary)
LOAD CMakeFiles\code.dir\main.c.obj
LOAD CMakeFiles\code.dir\C_\pico\pico-sdk\src\rp2_common\pico_stdlib\stdlib.c.obj
LOAD CMakeFiles\code.dir\C_\pico\pico-sdk\src\rp2_common\hardware_gpio\gpio.c.obj
LOAD CMakeFiles\code.dir\C_\pico\pico-sdk\src\rp2_common\hardware_claim\claim.c.obj
LOAD CMakeFiles\code.dir\C_\pico\pico-sdk\src\rp2_common\pico_platform\platform.c.obj
LOAD CMakeFiles\code.dir\C_\pico\pico-sdk\src\rp2_common\hardware_sync\sync.c.obj
LOAD CMakeFiles\code.dir\C_\pico\pico-sdk\src\rp2_common\hardware_uart\uart.c.obj
LOAD CMakeFiles\code.dir\C_\pico\pico-sdk\src\rp2_common\hardware_divider\divider.S.obj
LOAD CMakeFiles\code.dir\C_\pico\pico-sdk\src\common\pico_time\time.c.obj
LOAD CMakeFiles\code.dir\C_\pico\pico-sdk\src\common\pico_time\timeout_helper.c.obj
LOAD CMakeFiles\code.dir\C_\pico\pico-sdk\src\rp2_common\hardware_timer\timer.c.obj
LOAD CMakeFiles\code.dir\C_\pico\pico-sdk\src\common\pico_sync\sem.c.obj
LOAD CMakeFiles\code.dir\C_\pico\pico-sdk\src\common\pico_sync\lock_core.c.obj
LOAD CMakeFiles\code.dir\C_\pico\pico-sdk\src\common\pico_sync\mutex.c.obj
LOAD CMakeFiles\code.dir\C_\pico\pico-sdk\src\common\pico_sync\critical_section.c.obj
LOAD CMakeFiles\code.dir\C_\pico\pico-sdk\src\common\pico_util\datetime.c.obj
LOAD CMakeFiles\code.dir\C_\pico\pico-sdk\src\common\pico_util\pheap.c.obj
LOAD CMakeFiles\code.dir\C_\pico\pico-sdk\src\common\pico_util\queue.c.obj
LOAD CMakeFiles\code.dir\C_\pico\pico-sdk\src\rp2_common\pico_runtime\runtime.c.obj
LOAD CMakeFiles\code.dir\C_\pico\pico-sdk\src\rp2_common\hardware_clocks\clocks.c.obj
LOAD CMakeFiles\code.dir\C_\pico\pico-sdk\src\rp2_common\hardware_irq\irq.c.obj
LOAD CMakeFiles\code.dir\C_\pico\pico-sdk\src\rp2_common\hardware_irq\irq_handler_chain.S.obj
LOAD CMakeFiles\code.dir\C_\pico\pico-sdk\src\rp2_common\hardware_pll\pll.c.obj
LOAD CMakeFiles\code.dir\C_\pico\pico-sdk\src\rp2_common\hardware_vreg\vreg.c.obj
LOAD CMakeFiles\code.dir\C_\pico\pico-sdk\src\rp2_common\hardware_watchdog\watchdog.c.obj
LOAD CMakeFiles\code.dir\C_\pico\pico-sdk\src\rp2_common\hardware_xosc\xosc.c.obj
LOAD CMakeFiles\code.dir\C_\pico\pico-sdk\src\rp2_common\pico_printf\printf.c.obj
LOAD CMakeFiles\code.dir\C_\pico\pico-sdk\src\rp2_common\pico_bit_ops\bit_ops_aeabi.S.obj
LOAD CMakeFiles\code.dir\C_\pico\pico-sdk\src\rp2_common\pico_bootrom\bootrom.c.obj
LOAD CMakeFiles\code.dir\C_\pico\pico-sdk\src\rp2_common\pico_divider\divider.S.obj
LOAD CMakeFiles\code.dir\C_\pico\pico-sdk\src\rp2_common\pico_double\double_aeabi.S.obj
LOAD CMakeFiles\code.dir\C_\pico\pico-sdk\src\rp2_common\pico_double\double_init_rom.c.obj
LOAD CMakeFiles\code.dir\C_\pico\pico-sdk\src\rp2_common\pico_double\double_math.c.obj
LOAD CMakeFiles\code.dir\C_\pico\pico-sdk\src\rp2_common\pico_double\double_v1_rom_shim.S.obj
LOAD CMakeFiles\code.dir\C_\pico\pico-sdk\src\rp2_common\pico_int64_ops\pico_int64_ops_aeabi.S.obj
LOAD CMakeFiles\code.dir\C_\pico\pico-sdk\src\rp2_common\pico_float\float_aeabi.S.obj
LOAD CMakeFiles\code.dir\C_\pico\pico-sdk\src\rp2_common\pico_float\float_init_rom.c.obj
LOAD CMakeFiles\code.dir\C_\pico\pico-sdk\src\rp2_common\pico_float\float_math.c.obj
LOAD CMakeFiles\code.dir\C_\pico\pico-sdk\src\rp2_common\pico_float\float_v1_rom_shim.S.obj
LOAD CMakeFiles\code.dir\C_\pico\pico-sdk\src\rp2_common\pico_malloc\pico_malloc.c.obj
LOAD CMakeFiles\code.dir\C_\pico\pico-sdk\src\rp2_common\pico_mem_ops\mem_ops_aeabi.S.obj
LOAD CMakeFiles\code.dir\C_\pico\pico-sdk\src\rp2_common\pico_standard_link\crt0.S.obj
LOAD CMakeFiles\code.dir\C_\pico\pico-sdk\src\rp2_common\pico_standard_link\new_delete.cpp.obj
LOAD CMakeFiles\code.dir\C_\pico\pico-sdk\src\rp2_common\pico_standard_link\binary_info.c.obj
LOAD CMakeFiles\code.dir\C_\pico\pico-sdk\src\rp2_common\pico_stdio\stdio.c.obj
LOAD CMakeFiles\code.dir\C_\pico\pico-sdk\src\rp2_common\pico_stdio_uart\stdio_uart.c.obj
LOAD CMakeFiles\code.dir\C_\pico\pico-sdk\src\rp2_common\hardware_adc\adc.c.obj
LOAD C:\Users\jessg\AppData\Local\Temp\cccxA69h.o
LOAD c:/progra~2/gnu arm embedded toolchain/10 2020-q4-major/bin/../lib/gcc/arm-none-eabi/10.2.1/../../../../arm-none-eabi/lib/thumb/v6-m/nofp\libstdc++.a
LOAD c:/progra~2/gnu arm embedded toolchain/10 2020-q4-major/bin/../lib/gcc/arm-none-eabi/10.2.1/../../../../arm-none-eabi/lib/thumb/v6-m/nofp\libm.a
START GROUP
LOAD c:/progra~2/gnu arm embedded toolchain/10 2020-q4-major/bin/../lib/gcc/arm-none-eabi/10.2.1/thumb/v6-m/nofp\libgcc.a
LOAD c:/progra~2/gnu arm embedded toolchain/10 2020-q4-major/bin/../lib/gcc/arm-none-eabi/10.2.1/../../../../arm-none-eabi/lib/thumb/v6-m/nofp\libg.a
LOAD c:/progra~2/gnu arm embedded toolchain/10 2020-q4-major/bin/../lib/gcc/arm-none-eabi/10.2.1/../../../../arm-none-eabi/lib/thumb/v6-m/nofp\libc.a
END GROUP
START GROUP
LOAD c:/progra~2/gnu arm embedded toolchain/10 2020-q4-major/bin/../lib/gcc/arm-none-eabi/10.2.1/thumb/v6-m/nofp\libgcc.a
LOAD c:/progra~2/gnu arm embedded toolchain/10 2020-q4-major/bin/../lib/gcc/arm-none-eabi/10.2.1/../../../../arm-none-eabi/lib/thumb/v6-m/nofp\libc.a
LOAD c:/progra~2/gnu arm embedded toolchain/10 2020-q4-major/bin/../lib/gcc/arm-none-eabi/10.2.1/../../../../arm-none-eabi/lib/thumb/v6-m/nofp\libnosys.a
END GROUP
LOAD c:/progra~2/gnu arm embedded toolchain/10 2020-q4-major/bin/../lib/gcc/arm-none-eabi/10.2.1/thumb/v6-m/nofp/crtend.o
LOAD c:/progra~2/gnu arm embedded toolchain/10 2020-q4-major/bin/../lib/gcc/arm-none-eabi/10.2.1/thumb/v6-m/nofp/crtn.o
OUTPUT(code.elf elf32-littlearm)
LOAD linker stubs

.ARM.attributes
                0x00000000       0x28
 .ARM.attributes
                0x00000000       0x1e c:/progra~2/gnu arm embedded toolchain/10 2020-q4-major/bin/../lib/gcc/arm-none-eabi/10.2.1/thumb/v6-m/nofp/crti.o
 .ARM.attributes
                0x0000001e       0x2c c:/progra~2/gnu arm embedded toolchain/10 2020-q4-major/bin/../lib/gcc/arm-none-eabi/10.2.1/thumb/v6-m/nofp/crtbegin.o
 .ARM.attributes
                0x0000004a       0x2c CMakeFiles\code.dir\main.c.obj
 .ARM.attributes
                0x00000076       0x2c CMakeFiles\code.dir\C_\pico\pico-sdk\src\rp2_common\hardware_gpio\gpio.c.obj
 .ARM.attributes
                0x000000a2       0x2c CMakeFiles\code.dir\C_\pico\pico-sdk\src\rp2_common\hardware_claim\claim.c.obj
 .ARM.attributes
                0x000000ce       0x2c CMakeFiles\code.dir\C_\pico\pico-sdk\src\rp2_common\pico_platform\platform.c.obj
 .ARM.attributes
                0x000000fa       0x2c CMakeFiles\code.dir\C_\pico\pico-sdk\src\rp2_common\hardware_sync\sync.c.obj
 .ARM.attributes
                0x00000126       0x2c CMakeFiles\code.dir\C_\pico\pico-sdk\src\rp2_common\hardware_uart\uart.c.obj
 .ARM.attributes
                0x00000152       0x2c CMakeFiles\code.dir\C_\pico\pico-sdk\src\common\pico_time\time.c.obj
 .ARM.attributes
                0x0000017e       0x2c CMakeFiles\code.dir\C_\pico\pico-sdk\src\rp2_common\hardware_timer\timer.c.obj
 .ARM.attributes
                0x000001aa       0x2c CMakeFiles\code.dir\C_\pico\pico-sdk\src\common\pico_sync\lock_core.c.obj
 .ARM.attributes
                0x000001d6       0x2c CMakeFiles\code.dir\C_\pico\pico-sdk\src\common\pico_sync\mutex.c.obj
 .ARM.attributes
                0x00000202       0x2c CMakeFiles\code.dir\C_\pico\pico-sdk\src\common\pico_util\pheap.c.obj
 .ARM.attributes
                0x0000022e       0x2c CMakeFiles\code.dir\C_\pico\pico-sdk\src\rp2_common\pico_runtime\runtime.c.obj
 .ARM.attributes
                0x0000025a       0x2c CMakeFiles\code.dir\C_\pico\pico-sdk\src\rp2_common\hardware_clocks\clocks.c.obj
 .ARM.attributes
                0x00000286       0x2c CMakeFiles\code.dir\C_\pico\pico-sdk\src\rp2_common\hardware_irq\irq.c.obj
 .ARM.attributes
                0x000002b2       0x22 CMakeFiles\code.dir\C_\pico\pico-sdk\src\rp2_common\hardware_irq\irq_handler_chain.S.obj
 .ARM.attributes
                0x000002d4       0x2c CMakeFiles\code.dir\C_\pico\pico-sdk\src\rp2_common\hardware_pll\pll.c.obj
 .ARM.attributes
                0x00000300       0x2c CMakeFiles\code.dir\C_\pico\pico-sdk\src\rp2_common\hardware_watchdog\watchdog.c.obj
 .ARM.attributes
                0x0000032c       0x2c CMakeFiles\code.dir\C_\pico\pico-sdk\src\rp2_common\hardware_xosc\xosc.c.obj
 .ARM.attributes
                0x00000358       0x2c CMakeFiles\code.dir\C_\pico\pico-sdk\src\rp2_common\pico_printf\printf.c.obj
 .ARM.attributes
                0x00000384       0x22 CMakeFiles\code.dir\C_\pico\pico-sdk\src\rp2_common\pico_bit_ops\bit_ops_aeabi.S.obj
 .ARM.attributes
                0x000003a6       0x2c CMakeFiles\code.dir\C_\pico\pico-sdk\src\rp2_common\pico_bootrom\bootrom.c.obj
 .ARM.attributes
                0x000003d2       0x22 CMakeFiles\code.dir\C_\pico\pico-sdk\src\rp2_common\pico_divider\divider.S.obj
 .ARM.attributes
                0x000003f4       0x22 CMakeFiles\code.dir\C_\pico\pico-sdk\src\rp2_common\pico_double\double_aeabi.S.obj
 .ARM.attributes
                0x00000416       0x2c CMakeFiles\code.dir\C_\pico\pico-sdk\src\rp2_common\pico_double\double_init_rom.c.obj
 .ARM.attributes
                0x00000442       0x22 CMakeFiles\code.dir\C_\pico\pico-sdk\src\rp2_common\pico_double\double_v1_rom_shim.S.obj
 .ARM.attributes
                0x00000464       0x22 CMakeFiles\code.dir\C_\pico\pico-sdk\src\rp2_common\pico_int64_ops\pico_int64_ops_aeabi.S.obj
 .ARM.attributes
                0x00000486       0x22 CMakeFiles\code.dir\C_\pico\pico-sdk\src\rp2_common\pico_float\float_aeabi.S.obj